P 61 2 2: 3328 entries
/Users/vladimirmuravev/Projects2026/GEOTILES/research/bio/pdb_dv.py:75: RuntimeWarning: Mean of empty slice
  return xyz.mean(axis=0), len(xyz)
/Users/vladimirmuravev/Projects2026/GEOTILES/.venv/lib/python3.14/site-packages/numpy/_core/_methods.py:142: RuntimeWarning: invalid value encountered in scalar divide
  ret = ret.dtype.type(ret / rcount)
  25/3328
  50/3328
  75/3328
  100/3328
  125/3328
  150/3328
  175/3328
  200/3328
  225/3328
  250/3328
  275/3328
  300/3328
  325/3328
  350/3328
  375/3328
  400/3328
  425/3328
  450/3328
  475/3328
  500/3328
  525/3328
  550/3328
  575/3328
  600/3328
  625/3328
  650/3328
  675/3328
  700/3328
  725/3328
  750/3328
  775/3328
  800/3328
  825/3328
  850/3328
  875/3328
  900/3328
  925/3328
  950/3328
  975/3328
  1000/3328
  1025/3328
  1050/3328
  1075/3328
  1100/3328
  1125/3328
  1150/3328
  1175/3328
  1200/3328
  1225/3328
  1250/3328
  1275/3328
  1300/3328
  1325/3328
  1350/3328
  1375/3328
  1400/3328
  1425/3328
  1450/3328
  1475/3328
  1500/3328
  1525/3328
  1550/3328
  1575/3328
  1600/3328
  1625/3328
  1650/3328
  1675/3328
  1700/3328
  1725/3328
  1750/3328
  1775/3328
  1800/3328
  1825/3328
  1850/3328
  1875/3328
  1900/3328
  1925/3328
  1950/3328
  1975/3328
  2000/3328
  2025/3328
  2050/3328
  2075/3328
  2100/3328
  2125/3328
  2150/3328
  2175/3328
  2200/3328
  2225/3328
  2250/3328
  2275/3328
  2300/3328
  2325/3328
  2350/3328
  2375/3328
  2400/3328
  2425/3328
  2450/3328
  2475/3328
  2500/3328
  2525/3328
  2550/3328
  2575/3328
  2600/3328
  2625/3328
  2650/3328
  2675/3328
  2700/3328
  2725/3328
  2750/3328
  2775/3328
  2800/3328
  2825/3328
  2850/3328
  2875/3328
  2900/3328
  2925/3328
  2950/3328
  2975/3328
  3000/3328
  3025/3328
  3050/3328
  3075/3328
  3100/3328
  3125/3328
  3150/3328
  3175/3328
  3200/3328
  3225/3328
  3250/3328
  3275/3328
  3300/3328
  3325/3328
facet histogram: [(13, 92), (14, 178), (15, 318), (16, 868), (17, 970), (18, 406), (19, 223), (20, 84), (21, 56), (22, 36), (24, 1), (30, 1), (31, 2)]
top: [('4UX6', 31), ('8GS1', 31), ('6P64', 30), ('2BHJ', 24), ('1F2L', 22), ('1PKE', 22), ('1PR6', 22), ('2IMM', 22)]
errors: 93
