  seg+seg+tri #0: F=10 V=11 equilateral=True tiling=yes (point-reflection)
  seg+seg+tri #1: F=10 V=11 equilateral=True tiling=yes (point-reflection)
  seg+seg+tri #2: F=10 V=11 equilateral=True tiling=yes (point-reflection)
  seg+seg+tri #3: F=10 V=11 equilateral=True tiling=yes (point-reflection)
  hex+seg #0: F=8 V=12 equilateral=True tiling=yes (translations)
  hex+seg #1: F=8 V=12 equilateral=True tiling=yes (translations)
  hex+seg #2: F=8 V=12 equilateral=True tiling=yes (translations)
  hex+seg #3: F=8 V=12 equilateral=True tiling=yes (translations)
  pent+seg #0: F=7 V=10 equilateral=True tiling=not found
  pent+seg #1: F=7 V=10 equilateral=True tiling=not found
  pent+seg #2: F=7 V=10 equilateral=True tiling=not found
  pent+seg #3: F=7 V=10 equilateral=True tiling=not found
  tri+hex #0: F=13 V=16 equilateral=True tiling=not found
  tri+hex #1: F=13 V=16 equilateral=True tiling=not found
  tri+hex #2: F=13 V=16 equilateral=True tiling=not found
  tri+hex #3: F=13 V=16 equilateral=True tiling=not found
  tri+tri+seg #0: F=14 V=14 equilateral=True tiling=not found
  tri+tri+seg #1: F=15 V=15 equilateral=True tiling=not found
  tri+tri+seg #2: F=15 V=15 equilateral=True tiling=not found
  tri+tri+seg #3: F=14 V=14 equilateral=True tiling=not found
  pent+tri #0: F=12 V=14 equilateral=True tiling=not found
  pent+tri #1: F=12 V=14 equilateral=True tiling=not found
  pent+tri #2: F=11 V=13 equilateral=True tiling=not found
  pent+tri #3: F=11 V=13 equilateral=True tiling=not found
  rhomb+rhomb #0: F=12 V=14 equilateral=True tiling=yes (translations)
  rhomb+rhomb #1: F=12 V=14 equilateral=True tiling=yes (translations)
  rhomb+rhomb #2: F=12 V=14 equilateral=True tiling=yes (translations)
  rhomb+rhomb #3: F=12 V=14 equilateral=True tiling=yes (translations)
  rhomb+tri+seg #0: F=17 V=18 equilateral=True tiling=not found
  rhomb+tri+seg #1: F=17 V=18 equilateral=True tiling=not found
  rhomb+tri+seg #2: F=17 V=18 equilateral=True tiling=not found
  rhomb+tri+seg #3: F=17 V=18 equilateral=True tiling=not found
