P 4: random 8000 in 14s, top facet counts [(7, 8000)]
  local 0: start 7 → 7 (gap 1.01e-09) at x=[0.055849 0.944151 0.582665], c/a=0.116863
  local 1: start 7 → 8 (gap 1.01e-09) at x=[0.       0.056156 0.558113], c/a=0.458457
  local 2: start 7 → 7 (gap 1.00e-09) at x=[0.39572  0.5      0.250174], c/a=0.106185
  local 3: start 7 → 7 (gap 1.01e-09) at x=[0.5      0.740771 0.169331], c/a=0.121991
  local 4: start 7 → 7 (gap 1.00e-09) at x=[0.       0.745154 0.564328], c/a=0.177913
  local 5: start 7 → 7 (gap 1.42e-09) at x=[0.606563 0.606563 0.697045], c/a=0.200935
  local 6: start 7 → 7 (gap 1.00e-09) at x=[0.114663 0.5      0.944987], c/a=0.215690
  local 7: start 7 → 7 (gap 1.00e-09) at x=[1.       0.123419 0.461606], c/a=0.068654
  local 8: start 7 → 8 (gap 5.53e-09) at x=[0.990818 1.       0.025308], c/a=0.061075
  local 9: start 7 → 7 (gap 1.00e-09) at x=[0.545828 0.545828 0.764607], c/a=0.110523
  local 10: start 7 → 8 (gap 1.01e-09) at x=[0.       0.930615 0.319602], c/a=0.103549
  local 11: start 7 → 7 (gap 1.00e-09) at x=[0.95005 0.5     0.96643], c/a=0.060540
  local 12: start 7 → 7 (gap 1.00e-09) at x=[0.515938 0.484062 0.228692], c/a=0.206977
  local 13: start 7 → 7 (gap 1.00e-09) at x=[0.90285  0.5      0.038235], c/a=0.059986
  local 14: start 7 → 7 (gap 1.00e-09) at x=[0.918963 0.5      0.631708], c/a=0.210981
  local 15: start 7 → 7 (gap 1.00e-09) at x=[0.5      0.316012 0.597449], c/a=0.417884
  local 16: start 7 → 7 (gap 1.01e-09) at x=[0.5      0.816675 0.399057], c/a=0.174530
  local 17: start 7 → 8 (gap 3.62e-09) at x=[0.5      0.420963 0.517811], c/a=0.149006
  local 18: start 7 → 7 (gap 1.03e-09) at x=[0.579415 0.420585 0.255796], c/a=0.333459
  local 19: start 7 → 7 (gap 1.01e-09) at x=[0.5      0.875753 0.704961], c/a=0.146726
  local 20: start 7 → 8 (gap 1.01e-09) at x=[0.0572   1.       0.430274], c/a=0.127590
  local 21: start 7 → 7 (gap 1.01e-09) at x=[0.856125 1.       0.205414], c/a=0.066279
  local 22: start 7 → 7 (gap 1.01e-09) at x=[0.       0.19135  0.681639], c/a=0.145169
  local 23: start 7 → 7 (gap 1.01e-09) at x=[0.348539 0.       0.479324], c/a=0.202885
  local 24: start 7 → 10 (gap 5.39e-09) at x=[1.       0.503759 0.755772], c/a=0.091156
BEST P 4 10 [1.         0.50375872 0.75577173 0.09115552]
