P 42: random 8000 in 13s, top facet counts [(13, 7326), (14, 402), (15, 262), (16, 10)]
  local 0: start 16 → 16 (gap 1.31e-09) at x=[0.005578 0.969307 0.169774], c/a=0.316957
  local 1: start 16 → 16 (gap 2.06e-09) at x=[0.974734 0.083982 0.237219], c/a=0.484628
  local 2: start 16 → 16 (gap 1.03e-09) at x=[0.002285 0.012762 0.876737], c/a=0.204720
  local 3: start 16 → 16 (gap 1.86e-09) at x=[0.555047 0.503097 0.793512], c/a=0.455851
  local 4: start 16 → 16 (gap 1.58e-09) at x=[0.995707 0.959089 0.196589], c/a=0.382717
  local 5: start 16 → 16 (gap 1.20e-09) at x=[0.473366 0.505486 0.024054], c/a=0.290845
  local 6: start 16 → 16 (gap 1.69e-09) at x=[0.943831 0.984202 0.59546 ], c/a=0.401851
  local 7: start 16 → 16 (gap 1.51e-03) at x=[0.531454 0.529846 0.518835], c/a=0.473829
  local 8: start 16 → 16 (gap 1.88e-09) at x=[0.06029  0.990629 0.238621], c/a=0.451302
  local 9: start 16 → 16 (gap 2.10e-09) at x=[0.47746  0.583183 0.143843], c/a=0.492518
  local 10: start 15 → 16 (gap 1.86e-09) at x=[0.994836 0.055895 0.578761], c/a=0.450471
  local 11: start 15 → 15 (gap 1.85e-09) at x=[0.396413 0.5      0.2498  ], c/a=0.105941
  local 12: start 15 → 15 (gap 1.62e-09) at x=[0.5      0.744074 0.175856], c/a=0.122148
  local 13: start 15 → 15 (gap 1.58e-09) at x=[0.       0.744241 0.564338], c/a=0.177846
  local 14: start 15 → 15 (gap 1.00e-09) at x=[0.115166 0.5      0.946453], c/a=0.215578
  local 15: start 15 → 15 (gap 1.83e-09) at x=[0.       0.125274 0.45564 ], c/a=0.067901
  local 16: start 15 → 15 (gap 1.89e-09) at x=[0.989162 1.       0.027133], c/a=0.061118
  local 17: start 15 → 15 (gap 1.88e-09) at x=[1.       0.940624 0.317409], c/a=0.102773
  local 18: start 15 → 15 (gap 1.01e-09) at x=[0.902734 0.5      0.034046], c/a=0.060090
  local 19: start 15 → 15 (gap 1.75e-09) at x=[0.5      0.322272 0.600104], c/a=0.421129
  local 20: start 15 → 15 (gap 1.36e-09) at x=[0.5      0.816135 0.402204], c/a=0.173450
  local 21: start 15 → 15 (gap 1.01e-09) at x=[0.920684 0.5      0.621511], c/a=0.210713
  local 22: start 15 → 15 (gap 1.87e-09) at x=[0.5      0.428352 0.503122], c/a=0.148912
  local 23: start 15 → 15 (gap 1.89e-09) at x=[0.059361 0.       0.420793], c/a=0.128771
  local 24: start 15 → 15 (gap 1.79e-09) at x=[0.841194 1.       0.214113], c/a=0.066221
BEST P 42 16 [0.00557792 0.96930662 0.16977421 0.31695714]
