P 43: random 8000 in 14s, top facet counts [(14, 3), (16, 7584), (18, 312), (20, 77), (22, 24)]
  local 0: start 22 → 22 (gap 4.13e-03) at x=[0.960466 0.997172 0.861721], c/a=0.236081
  local 1: start 22 → 22 (gap 4.07e-03) at x=[0.101654 0.99738  0.228028], c/a=0.212534
  local 2: start 22 → 22 (gap 5.62e-03) at x=[0.496193 0.553012 0.110226], c/a=0.270021
  local 3: start 22 → 22 (gap 6.58e-03) at x=[0.432716 0.495602 0.73114 ], c/a=0.285824
  local 4: start 22 → 22 (gap 8.06e-03) at x=[0.355238 0.505011 0.262806], c/a=0.278195
  local 5: start 22 → 22 (gap 8.13e-03) at x=[0.004155 0.448376 0.899598], c/a=0.255986
  local 6: start 22 → 22 (gap 8.83e-03) at x=[0.505292 0.685036 0.757876], c/a=0.270165
  local 7: start 22 → 22 (gap 9.92e-03) at x=[0.493289 0.560286 0.603366], c/a=0.355162
  local 8: start 22 → 22 (gap 1.15e-02) at x=[0.006045 0.375982 0.662164], c/a=0.303338
  local 9: start 22 → 22 (gap 1.31e-02) at x=[0.992911 0.334129 0.379418], c/a=0.322619
  local 10: start 22 → 22 (gap 1.28e-02) at x=[0.617958 0.491798 0.26145 ], c/a=0.367400
  local 11: start 22 → 22 (gap 1.55e-02) at x=[0.813256 0.491488 0.160755], c/a=0.348976
  local 12: start 22 → 22 (gap 1.40e-02) at x=[0.990649 0.080045 0.414033], c/a=0.409682
  local 13: start 22 → 22 (gap 1.48e-02) at x=[0.992308 0.4202   0.36232 ], c/a=0.345352
  local 14: start 22 → 22 (gap 1.61e-02) at x=[0.935652 0.508383 0.534165], c/a=0.361324
  local 15: start 22 → 22 (gap 1.86e-02) at x=[0.489693 0.19398  0.810909], c/a=0.381453
  local 16: start 22 → 22 (gap 1.85e-02) at x=[0.011013 0.788484 0.158401], c/a=0.382204
  local 17: start 22 → 22 (gap 2.01e-02) at x=[0.696675 0.512152 0.18751 ], c/a=0.402741
  local 18: start 22 → 22 (gap 2.11e-02) at x=[0.72863  0.987985 0.68574 ], c/a=0.400752
  local 19: start 22 → 22 (gap 2.14e-02) at x=[0.014213 0.098507 0.554411], c/a=0.492772
  local 20: start 22 → 22 (gap 2.10e-02) at x=[0.013389 0.860342 0.981331], c/a=0.455013
  local 21: start 22 → 22 (gap 2.41e-02) at x=[0.487026 0.882609 0.705158], c/a=0.441656
  local 22: start 22 → 22 (gap 2.62e-02) at x=[0.059641 0.513879 0.274883], c/a=0.462375
  local 23: start 22 → 22 (gap 2.40e-02) at x=[0.51286  0.104726 0.655729], c/a=0.441428
  local 24: start 20 → 22 (gap 1.44e-03) at x=[0.306416 0.499154 0.370507], c/a=0.107376
BEST P 43 22 [0.96046634 0.99717198 0.86172119 0.23608087]
