I 4: random 8000 in 23s, top facet counts [(11, 7387), (13, 613)]
  local 0: start 13 → 13 (gap 1.00e-09) at x=[0.055849 0.944151 0.582665], c/a=0.116863
  local 1: start 13 → 13 (gap 1.08e-09) at x=[0.605063 0.605063 0.696555], c/a=0.200869
  local 2: start 13 → 13 (gap 2.49e-09) at x=[0.603143 0.890075 0.475897], c/a=0.164712
  local 3: start 13 → 13 (gap 1.00e-09) at x=[0.547152 0.547152 0.769668], c/a=0.110512
  local 4: start 13 → 13 (gap 1.00e-09) at x=[0.518491 0.481509 0.228487], c/a=0.206849
  local 5: start 13 → 13 (gap 1.68e-09) at x=[0.406762 0.870177 0.436444], c/a=0.382543
  local 6: start 13 → 13 (gap 1.01e-09) at x=[0.568168 0.431832 0.247772], c/a=0.331762
  local 7: start 13 → 13 (gap 1.66e-09) at x=[0.81557  0.265935 0.167491], c/a=0.445581
  local 8: start 13 → 13 (gap 1.04e-09) at x=[0.219586 0.264333 0.569182], c/a=0.253624
  local 9: start 13 → 13 (gap 1.38e-09) at x=[0.776194 0.30954  0.270725], c/a=0.365218
  local 10: start 13 → 13 (gap 1.00e-09) at x=[0.570878 0.429122 0.314963], c/a=0.107434
  local 11: start 13 → 13 (gap 1.00e-09) at x=[0.571545 0.571545 0.601856], c/a=0.252086
  local 12: start 13 → 13 (gap 1.48e-09) at x=[0.876138 0.622003 0.474412], c/a=0.086237
  local 13: start 13 → 13 (gap 1.00e-09) at x=[0.890852 0.621052 0.953975], c/a=0.218211
  local 14: start 13 → 13 (gap 1.45e-09) at x=[0.850485 0.850485 0.128688], c/a=0.254037
  local 15: start 13 → 13 (gap 1.65e-09) at x=[0.174454 0.825546 0.316462], c/a=0.139167
  local 16: start 13 → 14 (gap 1.46e-03) at x=[0.291251 0.790381 0.277739], c/a=0.059013
  local 17: start 13 → 13 (gap 1.37e-09) at x=[0.323859 0.822606 0.074374], c/a=0.070784
  local 18: start 13 → 14 (gap 1.46e-02) at x=[0.570339 0.936249 0.666369], c/a=0.162339
  local 19: start 13 → 13 (gap 1.28e-09) at x=[0.013981 0.440278 0.562459], c/a=0.427745
  local 20: start 13 → 13 (gap 1.34e-09) at x=[0.528337 0.077154 0.00644 ], c/a=0.441894
  local 21: start 13 → 15 (gap 1.12e-02) at x=[0.459848 0.954586 0.735451], c/a=0.145076
  local 22: start 13 → 13 (gap 1.27e-09) at x=[0.287605 0.235176 0.318586], c/a=0.301865
  local 23: start 13 → 13 (gap 1.81e-09) at x=[0.787006 0.787006 0.529427], c/a=0.216379
  local 24: start 13 → 13 (gap 1.91e-09) at x=[0.76375  0.76375  0.548902], c/a=0.075459
BEST I 4 15 [0.45984792 0.95458613 0.73545144 0.1450765 ]
