I 41: random 8000 in 23s, top facet counts [(17, 225), (18, 32), (19, 163), (20, 12), (21, 22), (22, 2)]
  local 0: start 22 → 22 (gap 1.00e-09) at x=[0.753214 0.754732 0.911623], c/a=0.130925
  local 1: start 22 → 22 (gap 1.98e-09) at x=[0.700321 0.713174 0.974013], c/a=0.443174
  local 2: start 21 → 21 (gap 4.41e-04) at x=[0.259193 0.240374 0.887321], c/a=0.084024
  local 3: start 21 → 26 (gap 3.87e-05) at x=[0.749999 0.229569 0.323754], c/a=0.404570
  local 4: start 21 → 21 (gap 2.57e-03) at x=[0.331316 0.833525 0.277039], c/a=0.209402
  local 5: start 21 → 22 (gap 1.02e-09) at x=[0.760249 0.743006 0.261097], c/a=0.193129
  local 6: start 21 → 21 (gap 2.70e-03) at x=[0.879165 0.381398 0.47773 ], c/a=0.234114
  local 7: start 21 → 21 (gap 3.41e-03) at x=[0.68053  0.183548 0.577628], c/a=0.238817
  local 8: start 21 → 21 (gap 3.45e-03) at x=[0.882076 0.885034 0.11076 ], c/a=0.271711
  local 9: start 21 → 21 (gap 4.64e-03) at x=[0.86909  0.87317  0.913445], c/a=0.308111
  local 10: start 21 → 21 (gap 4.81e-03) at x=[0.825851 0.678389 0.832399], c/a=0.285274
  local 11: start 21 → 21 (gap 5.10e-03) at x=[0.122211 0.11754  0.458194], c/a=0.337242
  local 12: start 21 → 21 (gap 5.16e-03) at x=[0.912432 0.407153 0.817306], c/a=0.394666
  local 13: start 21 → 21 (gap 5.55e-03) at x=[0.179817 0.315225 0.180966], c/a=0.305469
  local 14: start 21 → 21 (gap 5.68e-03) at x=[0.687277 0.817824 0.290733], c/a=0.308642
  local 15: start 21 → 21 (gap 6.61e-03) at x=[0.167491 0.661481 0.29562 ], c/a=0.346121
  local 16: start 21 → 21 (gap 6.87e-03) at x=[0.848959 0.644596 0.300748], c/a=0.369911
  local 17: start 21 → 21 (gap 6.68e-03) at x=[0.618593 0.11184  0.228937], c/a=0.409537
  local 18: start 21 → 21 (gap 6.85e-03) at x=[0.089109 0.40308  0.286478], c/a=0.472345
  local 19: start 21 → 21 (gap 7.42e-03) at x=[0.155459 0.851644 0.678583], c/a=0.384832
  local 20: start 21 → 22 (gap 2.15e-09) at x=[0.3067   0.792998 0.753332], c/a=0.478877
  local 21: start 21 → 21 (gap 7.86e-03) at x=[0.680067 0.187725 0.841267], c/a=0.377861
  local 22: start 21 → 21 (gap 1.00e-02) at x=[0.847845 0.836509 0.114974], c/a=0.478545
  local 23: start 21 → 21 (gap 9.77e-03) at x=[0.192978 0.681565 0.790725], c/a=0.457533
  local 24: start 20 → 22 (gap 2.01e-09) at x=[0.787545 0.30102  0.647923], c/a=0.447483
BEST I 41 26 [0.74999874 0.22956913 0.32375449 0.40457046]
