P -4: random 8000 in 13s, top facet counts [(13, 7555), (14, 256), (15, 180), (16, 9)]
  local 0: start 16 → 16 (gap 1.01e-09) at x=[0.026301 0.99645  0.349138], c/a=0.328610
  local 1: start 16 → 16 (gap 1.00e-09) at x=[0.500253 0.497107 0.155178], c/a=0.111048
  local 2: start 16 → 16 (gap 2.49e-09) at x=[0.55575  0.495602 0.80897 ], c/a=0.466378
  local 3: start 16 → 16 (gap 1.87e-09) at x=[0.971651 0.086455 0.232164], c/a=0.483333
  local 4: start 16 → 16 (gap 1.00e-09) at x=[0.037121 0.992955 0.375771], c/a=0.401332
  local 5: start 16 → 16 (gap 2.14e-09) at x=[0.998423 0.963309 0.200109], c/a=0.382466
  local 6: start 16 → 16 (gap 1.01e-09) at x=[0.504911 0.476526 0.439563], c/a=0.417953
  local 7: start 16 → 16 (gap 1.01e-09) at x=[0.448997 0.505453 0.136568], c/a=0.478994
  local 8: start 16 → 16 (gap 3.08e-09) at x=[0.061691 0.988933 0.236715], c/a=0.450633
  local 9: start 15 → 15 (gap 1.80e-09) at x=[0.       0.061443 0.551227], c/a=0.461479
  local 10: start 15 → 15 (gap 1.86e-09) at x=[0.397749 0.5      0.249311], c/a=0.106110
  local 11: start 15 → 15 (gap 1.62e-09) at x=[0.5      0.744208 0.176892], c/a=0.122163
  local 12: start 15 → 15 (gap 1.56e-09) at x=[1.       0.741023 0.563098], c/a=0.178335
  local 13: start 15 → 15 (gap 1.00e-09) at x=[0.114482 0.5      0.945767], c/a=0.215260
  local 14: start 15 → 15 (gap 1.84e-09) at x=[0.       0.126444 0.458766], c/a=0.068516
  local 15: start 15 → 15 (gap 1.88e-09) at x=[1.       0.933919 0.315769], c/a=0.102102
  local 16: start 15 → 15 (gap 1.69e-09) at x=[0.5      0.318132 0.593612], c/a=0.420718
  local 17: start 15 → 15 (gap 1.35e-09) at x=[0.5      0.815238 0.401812], c/a=0.174576
  local 18: start 15 → 15 (gap 1.00e-09) at x=[0.916131 0.5      0.628663], c/a=0.210131
  local 19: start 15 → 15 (gap 1.88e-09) at x=[0.050861 0.       0.442421], c/a=0.128140
  local 20: start 15 → 15 (gap 1.80e-09) at x=[0.846686 0.       0.213235], c/a=0.066139
  local 21: start 15 → 15 (gap 1.10e-09) at x=[0.5      0.86632  0.709412], c/a=0.145301
  local 22: start 15 → 15 (gap 1.74e-09) at x=[1.       0.19135  0.681639], c/a=0.145169
  local 23: start 15 → 15 (gap 1.72e-09) at x=[0.802754 0.       0.358369], c/a=0.124329
  local 24: start 15 → 15 (gap 1.23e-09) at x=[0.33612  1.       0.484778], c/a=0.203146
BEST P -4 16 [0.02630094 0.99644999 0.34913756 0.32860996]
