I -4: random 8000 in 23s, top facet counts [(15, 24), (16, 306), (17, 294), (18, 97), (19, 74), (20, 2)]
  local 0: start 20 → 20 (gap 1.82e-07) at x=[0.396091 0.112641 0.87389 ], c/a=0.265479
  local 1: start 20 → 20 (gap 1.73e-08) at x=[0.955163 0.460264 0.28717 ], c/a=0.370425
  local 2: start 19 → 19 (gap 8.99e-07) at x=[5.23884e-01 7.24560e-02 4.00000e-06], c/a=0.444508
  local 3: start 19 → 19 (gap 4.95e-08) at x=[0.606004 0.103768 0.550596], c/a=0.105894
  local 4: start 19 → 19 (gap 2.44e-05) at x=[0.527176 0.027068 0.522652], c/a=0.079106
  local 5: start 19 → 19 (gap 7.60e-08) at x=[0.63617  0.085536 0.5     ], c/a=0.489161
  local 6: start 19 → 19 (gap 5.48e-08) at x=[0.932691 0.929598 0.800298], c/a=0.124444
  local 7: start 19 → 19 (gap 1.22e-08) at x=[0.447433 0.428859 0.25    ], c/a=0.442536
  local 8: start 19 → 19 (gap 9.76e-09) at x=[0.043793 0.459426 0.350437], c/a=0.179015
  local 9: start 19 → 19 (gap 1.83e-07) at x=[0.936299 0.064854 0.732296], c/a=0.070442
  local 10: start 19 → 19 (gap 1.87e-08) at x=[0.426105 0.42269  0.250001], c/a=0.203013
  local 11: start 19 → 19 (gap 3.56e-08) at x=[1.19165e-01 6.21747e-01 2.00000e-06], c/a=0.112753
  local 12: start 19 → 19 (gap 2.34e-08) at x=[0.395468 0.113541 0.      ], c/a=0.238394
  local 13: start 19 → 19 (gap 2.08e-08) at x=[5.46061e-01 4.93160e-02 1.00000e-06], c/a=0.149276
  local 14: start 19 → 19 (gap 6.98e-08) at x=[0.995396 0.497852 0.392733], c/a=0.131182
  local 15: start 19 → 19 (gap 1.22e-07) at x=[0.060839 0.564878 0.0259  ], c/a=0.134238
  local 16: start 19 → 21 (gap 1.00e-09) at x=[1.       0.502021 0.069778], c/a=0.271351
  local 17: start 19 → 19 (gap 7.28e-07) at x=[0.127614 0.580387 0.004667], c/a=0.438752
  local 18: start 19 → 19 (gap 6.19e-08) at x=[0.410095 0.581929 0.750001], c/a=0.310085
  local 19: start 19 → 19 (gap 1.59e-08) at x=[0.58591  0.609751 0.25    ], c/a=0.416320
  local 20: start 19 → 19 (gap 2.58e-08) at x=[0.469406 0.436227 0.649796], c/a=0.470631
  local 21: start 19 → 19 (gap 9.69e-08) at x=[0.474815 0.954097 0.963424], c/a=0.311574
  local 22: start 19 → 21 (gap 1.38e-09) at x=[0.5      0.487236 0.683645], c/a=0.476563
  local 23: start 19 → 19 (gap 9.94e-09) at x=[0.55656 0.43099 0.75   ], c/a=0.384726
  local 24: start 19 → 19 (gap 1.23e-08) at x=[0.072382 0.586836 1.      ], c/a=0.343452
BEST I -4 21 [1.         0.50202101 0.06977772 0.27135127]
