P 4/n: random 8000 in 23s, top facet counts [(11, 7601), (13, 399)]
  local 0: start 13 → 13 (gap 1.56e-09) at x=[0.691102 0.808898 0.509969], c/a=0.412272
  local 1: start 13 → 13 (gap 1.00e-09) at x=[0.545633 0.954367 0.423373], c/a=0.074846
  local 2: start 13 → 13 (gap 1.40e-09) at x=[0.354643 0.854643 0.380006], c/a=0.256038
  local 3: start 13 → 13 (gap 1.64e-09) at x=[0.680234 0.180234 0.712876], c/a=0.320854
  local 4: start 13 → 13 (gap 1.00e-09) at x=[0.95541  0.45541  0.342638], c/a=0.143346
  local 5: start 13 → 13 (gap 1.54e-09) at x=[0.159461 0.340539 0.255748], c/a=0.197521
  local 6: start 13 → 13 (gap 1.70e-09) at x=[0.697086 0.197086 0.965993], c/a=0.233787
  local 7: start 13 → 13 (gap 1.34e-09) at x=[0.367544 0.132456 0.238598], c/a=0.118366
  local 8: start 13 → 13 (gap 1.00e-09) at x=[0.618356 0.379337 0.994938], c/a=0.479807
  local 9: start 13 → 13 (gap 1.01e-09) at x=[0.311313 0.316396 0.313337], c/a=0.147396
  local 10: start 13 → 13 (gap 1.00e-09) at x=[0.039164 0.460836 0.642567], c/a=0.109101
  local 11: start 13 → 13 (gap 1.58e-09) at x=[0.128601 0.149073 0.2891  ], c/a=0.289726
  local 12: start 13 → 13 (gap 1.02e-09) at x=[0.028761 0.993971 0.347971], c/a=0.327758
  local 13: start 13 → 13 (gap 1.33e-09) at x=[0.869872 0.630128 0.743662], c/a=0.144962
  local 14: start 13 → 13 (gap 1.72e-09) at x=[0.189193 0.689193 0.10102 ], c/a=0.148956
  local 15: start 13 → 13 (gap 1.35e-09) at x=[0.86437  0.63563  0.909601], c/a=0.115149
  local 16: start 13 → 13 (gap 1.00e-09) at x=[0.855179 0.148572 0.519556], c/a=0.315903
  local 17: start 13 → 13 (gap 1.70e-09) at x=[0.315536 0.815536 0.231855], c/a=0.130073
  local 18: start 13 → 13 (gap 1.00e-09) at x=[0.57569  0.417817 0.666676], c/a=0.170940
  local 19: start 13 → 13 (gap 1.04e-09) at x=[0.898365 0.398365 0.954527], c/a=0.315714
  local 20: start 13 → 13 (gap 1.00e-09) at x=[0.250822 0.252184 0.869467], c/a=0.084016
  local 21: start 13 → 13 (gap 1.11e-09) at x=[0.909202 0.089552 0.734067], c/a=0.070750
  local 22: start 13 → 13 (gap 1.00e-09) at x=[0.23493  0.744865 0.806053], c/a=0.291709
  local 23: start 13 → 13 (gap 1.01e-09) at x=[0.654915 0.34017  0.054578], c/a=0.224809
  local 24: start 13 → 13 (gap 1.11e-09) at x=[0.285493 0.716391 0.870675], c/a=0.099115
BEST P 4/n 13 [0.6911022  0.8088978  0.50996887 0.41227205]
