P 42/n: random 8000 in 23s, top facet counts [(16, 265), (17, 160), (18, 82), (19, 67), (20, 8), (21, 22)]
  local 0: start 21 → 21 (gap 6.25e-05) at x=[0.543801 0.54378  0.76659 ], c/a=0.110664
  local 1: start 21 → 21 (gap 8.65e-05) at x=[0.517023 0.483009 0.231007], c/a=0.207643
  local 2: start 21 → 21 (gap 4.03e-05) at x=[0.578956 0.421059 0.250718], c/a=0.333173
  local 3: start 21 → 21 (gap 4.19e-04) at x=[0.57157  0.428288 0.305213], c/a=0.107713
  local 4: start 21 → 21 (gap 1.00e-03) at x=[0.432471 0.432876 0.345383], c/a=0.132825
  local 5: start 21 → 21 (gap 7.76e-04) at x=[0.780504 0.780299 0.530355], c/a=0.218671
  local 6: start 21 → 21 (gap 1.88e-03) at x=[0.023794 0.975283 0.641655], c/a=0.334541
  local 7: start 21 → 21 (gap 6.85e-05) at x=[0.840707 0.159322 0.499682], c/a=0.461288
  local 8: start 21 → 21 (gap 1.90e-03) at x=[0.730064 0.730638 0.546304], c/a=0.357898
  local 9: start 21 → 21 (gap 4.15e-03) at x=[0.778219 0.779496 0.05126 ], c/a=0.410250
  local 10: start 21 → 21 (gap 1.59e-03) at x=[0.259938 0.259311 0.126198], c/a=0.283996
  local 11: start 21 → 21 (gap 3.74e-03) at x=[0.534547 0.463406 0.093269], c/a=0.311353
  local 12: start 21 → 21 (gap 7.05e-03) at x=[0.891398 0.887483 0.673869], c/a=0.271914
  local 13: start 21 → 21 (gap 4.58e-03) at x=[0.075046 0.073343 0.822345], c/a=0.307409
  local 14: start 21 → 21 (gap 4.03e-03) at x=[0.03508  0.036996 0.351674], c/a=0.402593
  local 15: start 21 → 21 (gap 6.33e-03) at x=[0.728444 0.725914 0.627141], c/a=0.363490
  local 16: start 21 → 21 (gap 3.98e-03) at x=[0.764944 0.766541 0.878959], c/a=0.356494
  local 17: start 21 → 21 (gap 4.52e-03) at x=[0.223729 0.222233 0.572367], c/a=0.371397
  local 18: start 21 → 21 (gap 3.03e-03) at x=[0.530226 0.531691 0.645045], c/a=0.375814
  local 19: start 21 → 21 (gap 4.38e-03) at x=[0.595814 0.40585  0.225746], c/a=0.499455
  local 20: start 21 → 21 (gap 9.17e-03) at x=[0.959229 0.964457 0.907498], c/a=0.474553
  local 21: start 21 → 21 (gap 1.49e-02) at x=[0.208795 0.796518 0.417825], c/a=0.489643
  local 22: start 20 → 20 (gap 3.08e-07) at x=[0.162278 0.643533 0.524361], c/a=0.288224
  local 23: start 20 → 20 (gap 3.70e-08) at x=[0.799979 0.697453 0.159701], c/a=0.168632
  local 24: start 20 → 21 (gap 2.04e-04) at x=[0.246167 0.753913 0.863334], c/a=0.155105
BEST P 42/n 21 [0.5438007  0.54377962 0.76659017 0.11066412]
