I 41/a: random 8000 in 43s, top facet counts [(19, 177), (20, 48), (21, 38), (23, 1), (25, 2), (27, 2)]
  local 0: start 27 → 29 (gap 1.63e-02) at x=[0.663488 0.500027 0.935955], c/a=0.349292
  local 1: start 27 → 27 (gap 2.74e-05) at x=[0.499996 0.320737 0.589721], c/a=0.420333
  local 2: start 25 → 29 (gap 3.34e-03) at x=[0.500024 0.877696 0.705588], c/a=0.146447
  local 3: start 25 → 29 (gap 1.54e-02) at x=[0.5      0.850757 0.196813], c/a=0.372118
  local 4: start 23 → 23 (gap 3.72e-04) at x=[0.499795 0.424101 0.508571], c/a=0.149123
  local 5: start 21 → 23 (gap 6.56e-04) at x=[5.70930e-02 3.91000e-04 4.26752e-01], c/a=0.128470
  local 6: start 21 → 21 (gap 3.51e-05) at x=[0.2557   0.999836 0.321138], c/a=0.090265
  local 7: start 21 → 23 (gap 3.64e-03) at x=[0.872301 0.001881 0.399041], c/a=0.289090
  local 8: start 21 → 29 (gap 1.15e-02) at x=[0.203893 0.499976 0.840855], c/a=0.245690
  local 9: start 21 → 23 (gap 2.70e-04) at x=[0.499811 0.003543 0.725685], c/a=0.129602
  local 10: start 21 → 23 (gap 3.59e-03) at x=[0.205002 0.998261 0.436607], c/a=0.380441
  local 11: start 21 → 21 (gap 4.69e-08) at x=[0.755286 0.867024 0.688036], c/a=0.237784
  local 12: start 21 → 23 (gap 4.68e-03) at x=[0.997569 0.63078  0.729703], c/a=0.400386
  local 13: start 21 → 21 (gap 2.78e-08) at x=[0.249647 0.451341 0.919564], c/a=0.125851
  local 14: start 21 → 27 (gap 1.30e-04) at x=[3.27592e-01 3.20000e-05 3.14407e-01], c/a=0.238223
  local 15: start 21 → 21 (gap 2.50e-04) at x=[0.002112 0.063391 0.087228], c/a=0.282773
  local 16: start 21 → 21 (gap 1.62e-03) at x=[0.499166 0.209328 0.941428], c/a=0.078860
  local 17: start 21 → 23 (gap 3.56e-03) at x=[0.578991 0.997984 0.824783], c/a=0.325431
  local 18: start 21 → 29 (gap 9.24e-03) at x=[0.499996 0.380994 0.539144], c/a=0.300881
  local 19: start 21 → 23 (gap 2.77e-03) at x=[0.998235 0.055108 0.545268], c/a=0.459880
  local 20: start 21 → 21 (gap 1.59e-03) at x=[0.501082 0.546238 0.105185], c/a=0.265675
  local 21: start 21 → 29 (gap 1.48e-02) at x=[0.       0.104276 0.032939], c/a=0.488826
  local 22: start 21 → 23 (gap 5.02e-03) at x=[0.673488 0.002515 0.359203], c/a=0.410450
  local 23: start 21 → 23 (gap 5.86e-03) at x=[0.503383 0.58592  0.589744], c/a=0.359175
  local 24: start 21 → 21 (gap 4.42e-03) at x=[0.474191 0.99651  0.177278], c/a=0.212221
BEST I 41/a 29 [0.66348835 0.5000268  0.93595468 0.34929164]
