P 4 2 2: random 8000 in 24s, top facet counts [(11, 652), (13, 7348)]
  local 0: start 13 → 13 (gap 1.00e-09) at x=[0.355403 0.416241 0.      ], c/a=0.102991
  local 1: start 13 → 13 (gap 1.00e-09) at x=[0.001612 0.432387 0.5     ], c/a=0.075462
  local 2: start 13 → 13 (gap 1.65e-09) at x=[0.370871 0.633609 1.      ], c/a=0.058852
  local 3: start 13 → 13 (gap 1.00e-09) at x=[0.371859 0.955919 0.5     ], c/a=0.072460
  local 4: start 13 → 13 (gap 1.00e-09) at x=[0.521416 0.639482 0.5     ], c/a=0.087928
  local 5: start 13 → 13 (gap 1.00e-09) at x=[0.460659 0.657171 1.      ], c/a=0.055047
  local 6: start 13 → 13 (gap 1.00e-09) at x=[0.749143 0.912863 0.      ], c/a=0.074563
  local 7: start 13 → 13 (gap 2.59e-09) at x=[0.311624 0.693316 0.500001], c/a=0.061081
  local 8: start 13 → 13 (gap 1.00e-09) at x=[0.445413 0.955529 0.5     ], c/a=0.134887
  local 9: start 13 → 13 (gap 1.00e-09) at x=[0.567153 0.721122 0.5     ], c/a=0.052147
  local 10: start 13 → 13 (gap 1.00e-09) at x=[0.942793 0.514713 0.5     ], c/a=0.050889
  local 11: start 13 → 13 (gap 1.96e-09) at x=[0.230296 0.72103  1.      ], c/a=0.055390
  local 12: start 13 → 13 (gap 1.00e-09) at x=[0.131981 0.99635  0.5     ], c/a=0.073995
  local 13: start 13 → 13 (gap 1.00e-09) at x=[0.572591 0.696435 0.      ], c/a=0.077010
  local 14: start 13 → 13 (gap 1.00e-09) at x=[0.603174 0.968085 0.5     ], c/a=0.058131
  local 15: start 13 → 14 (gap 1.73e-09) at x=[0.947959 0.919575 1.      ], c/a=0.063955
  local 16: start 13 → 13 (gap 1.00e-09) at x=[0.198916 0.998809 0.      ], c/a=0.093629
  local 17: start 13 → 13 (gap 1.00e-09) at x=[0.20289  0.041472 0.5     ], c/a=0.296681
  local 18: start 13 → 13 (gap 1.00e-09) at x=[0.87741  0.953474 1.      ], c/a=0.070361
  local 19: start 13 → 13 (gap 1.00e-09) at x=[0.448282 0.771053 0.5     ], c/a=0.076562
  local 20: start 13 → 13 (gap 1.58e-09) at x=[0.142714 0.625499 0.5     ], c/a=0.072549
  local 21: start 13 → 13 (gap 1.00e-09) at x=[0.523924 0.260946 0.      ], c/a=0.052678
  local 22: start 13 → 13 (gap 1.50e-09) at x=[0.669592 0.798132 1.      ], c/a=0.060033
  local 23: start 13 → 13 (gap 1.33e-09) at x=[0.152666 0.789325 0.5     ], c/a=0.050215
  local 24: start 13 → 13 (gap 1.02e-09) at x=[0.583257 0.191299 0.      ], c/a=0.073774
BEST P 4 2 2 14 [0.94795893 0.91957486 0.99999991 0.06395503]
