P 4 21 2: random 8000 in 23s, top facet counts [(9, 1), (13, 7540), (15, 459)]
  local 0: start 15 → 15 (gap 1.00e-09) at x=[0.785834 0.21488  0.349306], c/a=0.058233
  local 1: start 15 → 15 (gap 3.01e-09) at x=[0.690706 0.809294 0.510251], c/a=0.412310
  local 2: start 15 → 15 (gap 2.67e-09) at x=[0.354643 0.854643 0.380005], c/a=0.256038
  local 3: start 15 → 15 (gap 1.31e-09) at x=[0.547059 0.952941 0.422682], c/a=0.074727
  local 4: start 15 → 15 (gap 1.00e-09) at x=[0.75053  0.749998 0.553071], c/a=0.074895
  local 5: start 15 → 15 (gap 1.00e-09) at x=[0.927132 0.071237 0.522031], c/a=0.196784
  local 6: start 15 → 15 (gap 1.00e-09) at x=[0.077729 0.925364 0.425603], c/a=0.156275
  local 7: start 15 → 15 (gap 2.43e-09) at x=[0.254889 0.245111 0.985693], c/a=0.398539
  local 8: start 15 → 15 (gap 1.00e-09) at x=[0.59305  0.406311 0.306907], c/a=0.051900
  local 9: start 15 → 15 (gap 1.00e-09) at x=[0.726678 0.726085 0.003033], c/a=0.313685
  local 10: start 15 → 15 (gap 2.32e-09) at x=[0.669741 0.169741 0.732349], c/a=0.323140
  local 11: start 15 → 15 (gap 1.00e-09) at x=[0.25325  0.24675  0.878693], c/a=0.083542
  local 12: start 15 → 15 (gap 1.00e-09) at x=[0.7351   0.267006 0.50914 ], c/a=0.342569
  local 13: start 15 → 15 (gap 1.00e-09) at x=[0.267302 0.269284 0.569097], c/a=0.128990
  local 14: start 15 → 15 (gap 1.01e-09) at x=[0.196675 0.807909 0.490104], c/a=0.486064
  local 15: start 15 → 15 (gap 1.00e-09) at x=[0.051984 0.052911 0.394142], c/a=0.074524
  local 16: start 15 → 15 (gap 1.00e-09) at x=[0.864223 0.854319 0.851351], c/a=0.217732
  local 17: start 15 → 15 (gap 1.00e-09) at x=[0.588778 0.422524 0.29377 ], c/a=0.215958
  local 18: start 15 → 15 (gap 2.42e-09) at x=[0.688958 0.188958 0.961662], c/a=0.231553
  local 19: start 15 → 15 (gap 1.00e-09) at x=[0.750124 0.25011  0.518444], c/a=0.077844
  local 20: start 15 → 15 (gap 1.00e-09) at x=[0.790596 0.777894 0.551528], c/a=0.370699
  local 21: start 15 → 15 (gap 1.00e-09) at x=[0.376512 0.618455 0.087229], c/a=0.186948
  local 22: start 15 → 15 (gap 1.00e-09) at x=[0.825566 0.819387 0.485806], c/a=0.473316
  local 23: start 15 → 15 (gap 1.00e-09) at x=[0.74976  0.249663 0.930726], c/a=0.069371
  local 24: start 15 → 15 (gap 1.00e-09) at x=[0.673424 0.333106 0.17708 ], c/a=0.168965
BEST P 4 21 2 15 [0.7858337  0.21488032 0.34930636 0.05823348]
