P 41 2 2: random 8000 in 24s, top facet counts [(19, 34), (20, 2765), (21, 14), (22, 28), (23, 516), (24, 454)]
  local 0: start 24 → 24 (gap 1.01e-09) at x=[0.38799 0.61201 0.125  ], c/a=0.082717
  local 1: start 24 → 26 (gap 1.02e-09) at x=[0.242784 0.242784 0.375   ], c/a=0.066855
  local 2: start 24 → 24 (gap 1.00e-09) at x=[0.789276 0.789275 0.375001], c/a=0.054696
  local 3: start 24 → 26 (gap 1.00e-09) at x=[0.731908 0.731908 0.375   ], c/a=0.055827
  local 4: start 24 → 24 (gap 1.00e-09) at x=[0.103775 0.103774 0.874999], c/a=0.059945
  local 5: start 24 → 24 (gap 1.00e-09) at x=[0.327956 0.672046 0.124999], c/a=0.053747
  local 6: start 24 → 26 (gap 1.00e-09) at x=[0.379976 0.379976 0.875   ], c/a=0.051456
  local 7: start 24 → 24 (gap 1.13e-09) at x=[0.432851 0.43285  0.875001], c/a=0.089334
  local 8: start 24 → 25 (gap 1.00e-09) at x=[0.034867 0.010418 0.380955], c/a=0.413623
  local 9: start 24 → 24 (gap 1.37e-08) at x=[0.304136 0.304113 0.875008], c/a=0.052166
  local 10: start 24 → 24 (gap 1.00e-09) at x=[0.917232 0.917231 0.875001], c/a=0.060163
  local 11: start 24 → 24 (gap 4.98e-06) at x=[0.805434 0.813505 0.372352], c/a=0.054479
  local 12: start 24 → 24 (gap 1.49e-06) at x=[0.874746 0.872963 0.375883], c/a=0.065406
  local 13: start 24 → 24 (gap 1.51e-09) at x=[0.460738 0.460737 0.875001], c/a=0.083412
  local 14: start 24 → 24 (gap 7.98e-06) at x=[0.092776 0.892891 0.116037], c/a=0.052176
  local 15: start 24 → 24 (gap 1.00e-09) at x=[0.441597 0.558402 0.625001], c/a=0.070394
  local 16: start 24 → 24 (gap 1.00e-09) at x=[0.580609 0.419391 0.125001], c/a=0.072122
  local 17: start 24 → 24 (gap 1.00e-09) at x=[0.397149 0.39715  0.374999], c/a=0.054860
  local 18: start 24 → 24 (gap 1.00e-09) at x=[0.634319 0.36568  0.125   ], c/a=0.081346
  local 19: start 24 → 24 (gap 1.00e-09) at x=[0.415417 0.584584 0.124999], c/a=0.058151
  local 20: start 24 → 24 (gap 1.00e-09) at x=[0.564823 0.564822 0.874999], c/a=0.064355
  local 21: start 24 → 24 (gap 5.98e-05) at x=[0.540836 0.332657 0.549038], c/a=0.051133
  local 22: start 24 → 24 (gap 4.38e-05) at x=[0.094165 0.1532   0.404832], c/a=0.063025
  local 23: start 24 → 24 (gap 1.17e-09) at x=[0.428427 0.571574 0.124999], c/a=0.081567
  local 24: start 24 → 24 (gap 6.16e-05) at x=[0.904664 0.176112 0.587803], c/a=0.064818
BEST P 41 2 2 26 [0.24278377 0.24278382 0.37499999 0.06685455]
