P 41 21 2: random 8000 in 23s, top facet counts [(18, 3647), (19, 341), (20, 77), (21, 50), (22, 28), (23, 6)]
  local 0: start 23 → 23 (gap 1.48e-08) at x=[0.009488 0.508459 0.750001], c/a=0.092638
  local 1: start 23 → 26 (gap 9.32e-05) at x=[0.004553 0.509952 0.372316], c/a=0.394215
  local 2: start 23 → 23 (gap 4.01e-09) at x=[0.318356 0.797965 0.75    ], c/a=0.475679
  local 3: start 23 → 23 (gap 7.48e-09) at x=[0.139486 0.366259 0.5     ], c/a=0.221098
  local 4: start 23 → 23 (gap 1.83e-08) at x=[0.586362 0.067925 0.25    ], c/a=0.423679
  local 5: start 23 → 23 (gap 1.06e-07) at x=[0.483143 0.986734 0.250001], c/a=0.226272
  local 6: start 22 → 27 (gap 7.78e-08) at x=[0.505373 0.987872 0.875   ], c/a=0.340680
  local 7: start 22 → 22 (gap 1.10e-08) at x=[0.678192 0.178111 0.714528], c/a=0.322172
  local 8: start 22 → 22 (gap 9.88e-04) at x=[0.620845 0.384585 0.314049], c/a=0.217399
  local 9: start 22 → 23 (gap 7.00e-05) at x=[0.4962   0.993903 0.327799], c/a=0.309277
  local 10: start 22 → 22 (gap 1.23e-03) at x=[0.878582 0.885629 0.469324], c/a=0.337332
  local 11: start 22 → 22 (gap 3.60e-03) at x=[0.283619 0.725189 0.597157], c/a=0.109036
  local 12: start 22 → 22 (gap 2.63e-03) at x=[0.12328  0.868348 0.565064], c/a=0.171814
  local 13: start 22 → 22 (gap 3.04e-03) at x=[0.322015 0.659141 0.983034], c/a=0.194708
  local 14: start 22 → 22 (gap 4.59e-03) at x=[0.047728 0.026129 0.315225], c/a=0.298492
  local 15: start 22 → 22 (gap 5.12e-03) at x=[0.076757 0.05305  0.829464], c/a=0.316691
  local 16: start 22 → 22 (gap 5.43e-03) at x=[0.393496 0.366332 0.089986], c/a=0.406799
  local 17: start 22 → 22 (gap 3.77e-03) at x=[0.646465 0.627003 0.944282], c/a=0.417821
  local 18: start 22 → 22 (gap 2.72e-03) at x=[0.739954 0.728838 0.483324], c/a=0.260196
  local 19: start 22 → 22 (gap 2.84e-03) at x=[0.4804  0.45086 0.74548], c/a=0.328394
  local 20: start 22 → 22 (gap 2.61e-03) at x=[0.157606 0.855448 0.320676], c/a=0.316879
  local 21: start 22 → 22 (gap 6.46e-03) at x=[0.700429 0.316494 0.833632], c/a=0.269834
  local 22: start 22 → 22 (gap 8.17e-03) at x=[0.353566 0.61035  0.88572 ], c/a=0.404372
  local 23: start 22 → 22 (gap 3.80e-03) at x=[0.725953 0.259361 0.228674], c/a=0.272530
  local 24: start 22 → 22 (gap 1.34e-02) at x=[0.737262 0.794496 0.405947], c/a=0.252173
BEST P 41 21 2 27 [0.50537255 0.98787217 0.87500001 0.34068023]
