P 42 2 2: random 8000 in 24s, top facet counts [(17, 227), (18, 328), (19, 7373), (20, 61), (22, 11)]
  local 0: start 22 → 22 (gap 1.27e-05) at x=[0.496911 0.499095 0.145043], c/a=0.112354
  local 1: start 22 → 22 (gap 1.60e-08) at x=[1.       0.056155 0.558112], c/a=0.458457
  local 2: start 22 → 22 (gap 7.79e-09) at x=[0.03757  1.       0.619031], c/a=0.284942
  local 3: start 22 → 22 (gap 6.26e-09) at x=[0.5      0.473435 0.708973], c/a=0.483988
  local 4: start 22 → 22 (gap 5.05e-09) at x=[0.950373 0.       0.198549], c/a=0.479305
  local 5: start 22 → 22 (gap 6.58e-09) at x=[0.04268  1.       0.126901], c/a=0.275829
  local 6: start 22 → 22 (gap 1.96e-08) at x=[0.5      0.418516 0.175671], c/a=0.488038
  local 7: start 22 → 22 (gap 8.65e-09) at x=[1.       0.980641 0.193994], c/a=0.390731
  local 8: start 22 → 22 (gap 6.36e-09) at x=[0.047053 1.       0.337118], c/a=0.334200
  local 9: start 22 → 22 (gap 8.97e-09) at x=[0.556933 0.5      0.372114], c/a=0.354065
  local 10: start 22 → 22 (gap 5.63e-09) at x=[0.548221 0.5      0.797359], c/a=0.473859
  local 11: start 20 → 20 (gap 1.00e-09) at x=[0.5      0.744209 0.176895], c/a=0.122163
  local 12: start 20 → 20 (gap 1.00e-09) at x=[0.5      0.873866 0.706044], c/a=0.145026
  local 13: start 20 → 20 (gap 1.00e-09) at x=[0.11448  0.5      0.945767], c/a=0.215260
  local 14: start 20 → 20 (gap 1.00e-09) at x=[1.       0.748018 0.567697], c/a=0.177206
  local 15: start 20 → 20 (gap 1.00e-09) at x=[0.917292 0.5      0.625367], c/a=0.210312
  local 16: start 20 → 20 (gap 1.00e-09) at x=[1.       0.135904 0.4657  ], c/a=0.068971
  local 17: start 20 → 20 (gap 1.00e-09) at x=[0.5      0.815235 0.401813], c/a=0.174576
  local 18: start 20 → 20 (gap 1.50e-09) at x=[0.718796 1.       0.228138], c/a=0.327321
  local 19: start 20 → 20 (gap 1.41e-09) at x=[1.       0.185339 0.688849], c/a=0.145044
  local 20: start 20 → 20 (gap 1.00e-09) at x=[0.809007 0.       0.365825], c/a=0.126550
  local 21: start 20 → 20 (gap 1.00e-09) at x=[0.34407 1.      0.47332], c/a=0.203023
  local 22: start 20 → 20 (gap 2.52e-09) at x=[1.       0.935805 0.311598], c/a=0.103375
  local 23: start 20 → 20 (gap 1.00e-09) at x=[0.059361 1.       0.420793], c/a=0.128771
  local 24: start 20 → 20 (gap 1.00e-09) at x=[0.567491 0.       0.85161 ], c/a=0.319041
BEST P 42 2 2 22 [0.49691057 0.49909494 0.14504307 0.11235444]
