P 42 21 2: random 8000 in 22s, top facet counts [(14, 7203), (15, 16), (16, 535), (17, 244), (18, 2)]
  local 0: start 18 → 18 (gap 1.00e-09) at x=[0.248447 0.751128 0.860278], c/a=0.155913
  local 1: start 18 → 18 (gap 2.31e-07) at x=[0.251    0.250993 0.86447 ], c/a=0.308523
  local 2: start 17 → 17 (gap 2.21e-09) at x=[0.522867 0.072134 0.999794], c/a=0.444129
  local 3: start 17 → 17 (gap 7.60e-09) at x=[0.056897 0.943103 0.581594], c/a=0.116674
  local 4: start 17 → 17 (gap 1.67e-09) at x=[0.835787 0.328851 0.022164], c/a=0.174478
  local 5: start 17 → 17 (gap 1.00e-09) at x=[0.286478 0.796903 0.006872], c/a=0.207080
  local 6: start 17 → 17 (gap 2.46e-09) at x=[0.604926 0.102684 0.550209], c/a=0.105944
  local 7: start 17 → 17 (gap 1.87e-09) at x=[0.639963 0.094783 0.5     ], c/a=0.495052
  local 8: start 17 → 17 (gap 1.00e-09) at x=[0.777811 0.777811 0.531155], c/a=0.219441
  local 9: start 17 → 17 (gap 2.45e-09) at x=[0.051478 0.555495 0.03259 ], c/a=0.135937
  local 10: start 17 → 17 (gap 8.90e-08) at x=[0.605584 0.605584 0.696907], c/a=0.200774
  local 11: start 17 → 17 (gap 1.10e-09) at x=[0.724479 0.218293 0.431781], c/a=0.184470
  local 12: start 17 → 17 (gap 2.34e-09) at x=[0.448664 0.981327 0.984756], c/a=0.373011
  local 13: start 17 → 17 (gap 1.82e-09) at x=[0.821969 0.665867 0.456499], c/a=0.242703
  local 14: start 17 → 18 (gap 1.00e-09) at x=[0.766401 0.769161 0.050543], c/a=0.422248
  local 15: start 17 → 18 (gap 3.67e-09) at x=[0.739933 0.739933 0.562209], c/a=0.375899
  local 16: start 17 → 17 (gap 2.00e-09) at x=[0.106624 0.603588 0.999977], c/a=0.110825
  local 17: start 17 → 17 (gap 5.82e-09) at x=[0.044451 0.45874  0.349376], c/a=0.179190
  local 18: start 17 → 17 (gap 1.00e-09) at x=[0.841248 0.158751 0.502125], c/a=0.453119
  local 19: start 17 → 17 (gap 1.00e-09) at x=[0.253496 0.247647 0.910142], c/a=0.084508
  local 20: start 17 → 17 (gap 1.93e-09) at x=[0.370335 0.11583  0.99414 ], c/a=0.238051
  local 21: start 17 → 17 (gap 1.33e-09) at x=[0.159064 0.304305 0.002339], c/a=0.384585
  local 22: start 17 → 17 (gap 2.35e-09) at x=[0.518528 0.019971 0.515642], c/a=0.078464
  local 23: start 17 → 17 (gap 2.55e-09) at x=[0.475161 0.954875 0.959362], c/a=0.311285
  local 24: start 17 → 17 (gap 2.99e-09) at x=[0.002755 0.505722 0.424877], c/a=0.130263
BEST P 42 21 2 18 [0.24844741 0.75112756 0.86027843 0.15591319]
