P 43 2 2: random 8000 in 24s, top facet counts [(19, 34), (20, 2828), (21, 13), (22, 19), (23, 537), (24, 419)]
  local 0: start 24 → 24 (gap 1.00e-09) at x=[0.9138 0.0862 0.375 ], c/a=0.083871
  local 1: start 24 → 24 (gap 1.00e-09) at x=[0.92373  0.076269 0.374999], c/a=0.051605
  local 2: start 24 → 24 (gap 1.00e-09) at x=[0.812946 0.812944 0.624999], c/a=0.053961
  local 3: start 24 → 24 (gap 1.00e-09) at x=[0.26539  0.265391 0.125   ], c/a=0.055787
  local 4: start 24 → 24 (gap 1.00e-09) at x=[0.910728 0.910729 0.125001], c/a=0.076833
  local 5: start 24 → 24 (gap 9.21e-06) at x=[0.022995 0.979686 0.863713], c/a=0.064565
  local 6: start 24 → 24 (gap 1.68e-05) at x=[0.038601 0.02746  0.657281], c/a=0.050424
  local 7: start 24 → 26 (gap 1.00e-09) at x=[0.78523 0.21477 0.375  ], c/a=0.051312
  local 8: start 24 → 24 (gap 1.46e-05) at x=[0.168012 0.861453 0.862985], c/a=0.050892
  local 9: start 24 → 24 (gap 1.11e-09) at x=[0.681406 0.681406 0.625   ], c/a=0.107856
  local 10: start 24 → 24 (gap 2.02e-09) at x=[0.457897 0.457897 0.124999], c/a=0.131484
  local 11: start 24 → 24 (gap 1.84e-05) at x=[0.073996 0.105853 0.102811], c/a=0.052443
  local 12: start 24 → 24 (gap 1.09e-06) at x=[0.926393 0.074667 0.375894], c/a=0.066024
  local 13: start 24 → 24 (gap 2.76e-05) at x=[0.921469 0.871355 0.594763], c/a=0.053016
  local 14: start 24 → 24 (gap 3.35e-05) at x=[0.303821 0.367024 0.649002], c/a=0.053093
  local 15: start 24 → 26 (gap 1.00e-09) at x=[0.327896 0.327896 0.625   ], c/a=0.053214
  local 16: start 24 → 24 (gap 1.00e-09) at x=[0.31991  0.319911 0.125   ], c/a=0.067334
  local 17: start 24 → 24 (gap 1.04e-05) at x=[0.660631 0.319366 0.382327], c/a=0.051265
  local 18: start 24 → 24 (gap 1.19e-09) at x=[0.171771 0.171772 0.625   ], c/a=0.112814
  local 19: start 24 → 24 (gap 4.80e-06) at x=[0.364499 0.372106 0.12861 ], c/a=0.057020
  local 20: start 24 → 26 (gap 6.56e-09) at x=[0.933305 0.066695 0.875   ], c/a=0.077085
  local 21: start 24 → 24 (gap 6.85e-05) at x=[0.434289 0.719567 0.942416], c/a=0.051526
  local 22: start 24 → 24 (gap 6.26e-05) at x=[0.677237 0.547738 0.696953], c/a=0.052323
  local 23: start 24 → 24 (gap 2.46e-06) at x=[0.365202 0.631935 0.873658], c/a=0.066461
  local 24: start 24 → 24 (gap 1.00e-09) at x=[0.685587 0.314412 0.375   ], c/a=0.068828
BEST P 43 2 2 26 [0.78523042 0.21476964 0.37500001 0.05131202]
