P 43 21 2: random 8000 in 23s, top facet counts [(19, 338), (20, 68), (21, 55), (22, 33), (23, 8), (24, 1)]
  local 0: start 24 → 26 (gap 2.18e-05) at x=[0.50784  0.997883 0.873759], c/a=0.350168
  local 1: start 23 → 23 (gap 1.65e-08) at x=[0.010528 0.509557 0.749999], c/a=0.092418
  local 2: start 23 → 23 (gap 3.96e-09) at x=[0.318356 0.797965 0.75    ], c/a=0.475679
  local 3: start 23 → 23 (gap 7.54e-09) at x=[0.139486 0.366259 0.5     ], c/a=0.221098
  local 4: start 23 → 23 (gap 1.62e-08) at x=[0.575576 0.05828  0.25    ], c/a=0.421416
  local 5: start 23 → 23 (gap 1.02e-07) at x=[0.483122 0.986727 0.249999], c/a=0.226272
  local 6: start 23 → 23 (gap 1.26e-07) at x=[0.352264 0.840259 0.75    ], c/a=0.430626
  local 7: start 23 → 23 (gap 1.93e-08) at x=[0.166934 0.658941 0.25    ], c/a=0.325422
  local 8: start 23 → 23 (gap 7.92e-09) at x=[0.938326 0.458687 0.25    ], c/a=0.377069
  local 9: start 22 → 23 (gap 3.22e-03) at x=[0.014475 0.484041 0.078237], c/a=0.267667
  local 10: start 22 → 22 (gap 2.17e-03) at x=[0.300898 0.19658  0.625457], c/a=0.083167
  local 11: start 22 → 22 (gap 1.82e-03) at x=[0.139619 0.869588 0.664432], c/a=0.249746
  local 12: start 22 → 22 (gap 3.27e-03) at x=[0.618044 0.366572 0.370537], c/a=0.282780
  local 13: start 22 → 22 (gap 4.12e-03) at x=[0.465016 0.515924 0.052765], c/a=0.277896
  local 14: start 22 → 22 (gap 3.69e-03) at x=[0.86389  0.124032 0.072843], c/a=0.208895
  local 15: start 22 → 22 (gap 1.30e-03) at x=[0.17604  0.181104 0.474985], c/a=0.292491
  local 16: start 22 → 22 (gap 1.36e-03) at x=[0.805042 0.801075 0.480884], c/a=0.263902
  local 17: start 22 → 22 (gap 3.89e-03) at x=[0.02944  0.023105 0.041243], c/a=0.334142
  local 18: start 22 → 22 (gap 3.56e-03) at x=[0.853443 0.128102 0.694251], c/a=0.408020
  local 19: start 22 → 22 (gap 4.02e-03) at x=[0.364948 0.654474 0.338482], c/a=0.350152
  local 20: start 22 → 22 (gap 3.78e-03) at x=[0.326749 0.803318 0.474825], c/a=0.210075
  local 21: start 22 → 22 (gap 4.12e-03) at x=[0.604771 0.377191 0.905744], c/a=0.283080
  local 22: start 22 → 22 (gap 5.44e-03) at x=[0.901272 0.07802  0.547626], c/a=0.281296
  local 23: start 22 → 22 (gap 4.53e-03) at x=[0.901864 0.877607 0.435418], c/a=0.437373
  local 24: start 22 → 22 (gap 7.13e-03) at x=[0.770697 0.211653 0.133182], c/a=0.174494
BEST P 43 21 2 26 [0.5078397  0.9978833  0.8737594  0.35016779]
