I 4 2 2: random 8000 in 43s, top facet counts [(12, 11), (14, 7), (15, 549), (16, 590), (17, 6780), (18, 63)]
  local 0: start 18 → 18 (gap 1.02e-09) at x=[0.055849 0.944151 0.582665], c/a=0.116863
  local 1: start 18 → 18 (gap 3.80e-09) at x=[0.605068 0.605068 0.696576], c/a=0.200867
  local 2: start 18 → 18 (gap 1.00e-09) at x=[0.752287 0.752287 0.930532], c/a=0.131478
  local 3: start 18 → 18 (gap 1.20e-09) at x=[0.770178 0.770178 0.531892], c/a=0.216236
  local 4: start 18 → 18 (gap 1.61e-09) at x=[0.171309 0.828691 0.318087], c/a=0.138644
  local 5: start 18 → 18 (gap 1.13e-09) at x=[0.567012 0.567012 0.602812], c/a=0.253139
  local 6: start 18 → 18 (gap 2.92e-09) at x=[0.855653 0.855653 0.155275], c/a=0.255146
  local 7: start 18 → 18 (gap 1.00e-09) at x=[0.740397 0.259603 0.166756], c/a=0.173427
  local 8: start 18 → 18 (gap 1.39e-09) at x=[0.78715  0.78715  0.075209], c/a=0.406327
  local 9: start 18 → 18 (gap 1.00e-09) at x=[0.748895 0.251055 0.276263], c/a=0.286448
  local 10: start 18 → 18 (gap 1.17e-09) at x=[0.273136 0.273136 0.33231 ], c/a=0.213708
  local 11: start 18 → 18 (gap 1.25e-09) at x=[0.721455 0.721455 0.544806], c/a=0.369054
  local 12: start 18 → 18 (gap 2.58e-09) at x=[0.232089 0.767911 0.758458], c/a=0.232914
  local 13: start 18 → 18 (gap 1.00e-09) at x=[0.241222 0.241232 0.590395], c/a=0.331336
  local 14: start 18 → 18 (gap 1.00e-09) at x=[0.735502 0.264499 0.121139], c/a=0.471466
  local 15: start 18 → 18 (gap 2.94e-09) at x=[0.818143 0.818143 0.686896], c/a=0.381979
  local 16: start 18 → 18 (gap 1.92e-09) at x=[0.809953 0.809953 0.905488], c/a=0.422100
  local 17: start 18 → 18 (gap 6.56e-09) at x=[0.672042 0.672042 0.783791], c/a=0.364826
  local 18: start 18 → 18 (gap 1.00e-09) at x=[0.264746 0.264746 0.122142], c/a=0.276828
  local 19: start 18 → 18 (gap 1.00e-09) at x=[0.759121 0.758845 0.891922], c/a=0.355794
  local 20: start 18 → 18 (gap 9.62e-09) at x=[0.600088 0.600088 0.710919], c/a=0.396997
  local 21: start 18 → 18 (gap 1.00e-09) at x=[0.230449 0.769551 0.858016], c/a=0.283819
  local 22: start 18 → 18 (gap 3.44e-09) at x=[0.435985 0.564015 0.356299], c/a=0.459904
  local 23: start 18 → 18 (gap 2.76e-09) at x=[0.380291 0.619709 0.424485], c/a=0.165001
  local 24: start 18 → 18 (gap 2.03e-09) at x=[0.462055 0.462055 0.132564], c/a=0.324185
BEST I 4 2 2 18 [0.05584931 0.94415069 0.58266539 0.11686265]
