I 41 2 2: random 8000 in 42s, top facet counts [(24, 307), (25, 294), (26, 2), (27, 48), (28, 98), (29, 45)]
  local 0: start 29 → 29 (gap 5.16e-04) at x=[0.       0.901552 0.030657], c/a=0.058824
  local 1: start 29 → 29 (gap 6.82e-04) at x=[0.917423 0.022079 0.970234], c/a=0.064709
  local 2: start 29 → 29 (gap 6.09e-04) at x=[0.661328 0.518826 0.936988], c/a=0.056467
  local 3: start 29 → 29 (gap 7.94e-04) at x=[0.473826 0.357886 0.554799], c/a=0.065518
  local 4: start 29 → 29 (gap 7.00e-04) at x=[0.902358 0.5      0.280335], c/a=0.069165
  local 5: start 29 → 29 (gap 9.35e-04) at x=[5.28000e-04 6.75395e-01 6.82315e-01], c/a=0.070314
  local 6: start 29 → 29 (gap 9.85e-04) at x=[0.493387 0.850707 0.195317], c/a=0.074490
  local 7: start 29 → 29 (gap 8.15e-04) at x=[1.40000e-05 3.34619e-01 1.88217e-01], c/a=0.066705
  local 8: start 29 → 29 (gap 1.09e-03) at x=[0.472278 0.308756 0.081345], c/a=0.072504
  local 9: start 29 → 29 (gap 3.93e-04) at x=[9.94580e-01 6.80000e-05 9.98605e-01], c/a=0.282009
  local 10: start 29 → 29 (gap 9.43e-04) at x=[0.586358 0.498874 0.97363 ], c/a=0.082771
  local 11: start 29 → 29 (gap 1.20e-03) at x=[0.97167 0.67127 0.18012], c/a=0.078092
  local 12: start 29 → 29 (gap 1.01e-03) at x=[2.20000e-05 9.07358e-01 5.28433e-01], c/a=0.085287
  local 13: start 29 → 29 (gap 1.32e-03) at x=[0.506905 0.189012 0.672718], c/a=0.081270
  local 14: start 29 → 29 (gap 1.69e-03) at x=[0.508909 0.378772 0.541993], c/a=0.103055
  local 15: start 29 → 29 (gap 1.79e-03) at x=[0.857613 0.993079 0.448769], c/a=0.103000
  local 16: start 29 → 29 (gap 1.86e-03) at x=[0.500597 0.685483 0.57383 ], c/a=0.098231
  local 17: start 29 → 29 (gap 2.11e-03) at x=[0.619502 0.998267 0.789824], c/a=0.119037
  local 18: start 29 → 29 (gap 1.89e-03) at x=[0.491054 0.652797 0.056926], c/a=0.103506
  local 19: start 29 → 29 (gap 1.92e-03) at x=[0.499763 0.117206 0.211603], c/a=0.114059
  local 20: start 29 → 29 (gap 2.59e-03) at x=[3.90000e-05 1.30155e-01 4.39990e-02], c/a=0.130969
  local 21: start 29 → 29 (gap 2.23e-03) at x=[0.499943 0.137302 0.702668], c/a=0.118651
  local 22: start 29 → 29 (gap 2.96e-03) at x=[0.478738 0.806995 0.668395], c/a=0.121521
  local 23: start 29 → 29 (gap 3.00e-03) at x=[0.970738 0.792434 0.092024], c/a=0.119266
  local 24: start 29 → 29 (gap 3.39e-03) at x=[0.194882 0.023086 0.416984], c/a=0.129902
BEST I 41 2 2 29 [1.00000017 0.90155187 0.03065727 0.05882351]
