P 4 c c: random 8000 in 24s, top facet counts [(11, 988), (13, 7012)]
  local 0: start 13 → 13 (gap 2.43e-04) at x=[0.500323 0.56195  0.474321], c/a=0.050554
  local 1: start 13 → 13 (gap 4.05e-04) at x=[0.593865 0.406811 0.307097], c/a=0.051908
  local 2: start 13 → 13 (gap 2.45e-04) at x=[2.43180e-02 3.38000e-04 7.37389e-01], c/a=0.051241
  local 3: start 13 → 13 (gap 2.44e-04) at x=[0.500342 0.492377 0.172957], c/a=0.050012
  local 4: start 13 → 13 (gap 2.40e-04) at x=[0.499673 0.536523 0.436125], c/a=0.050668
  local 5: start 13 → 13 (gap 2.43e-04) at x=[0.462272 0.499669 0.921426], c/a=0.050992
  local 6: start 13 → 13 (gap 2.38e-04) at x=[0.965318 0.999675 0.837668], c/a=0.050535
  local 7: start 13 → 13 (gap 2.40e-04) at x=[0.983199 0.999666 0.649201], c/a=0.050655
  local 8: start 13 → 13 (gap 2.61e-04) at x=[3.68000e-04 9.95421e-01 8.50902e-01], c/a=0.050042
  local 9: start 13 → 13 (gap 4.64e-04) at x=[0.505763 0.543634 0.021891], c/a=0.050000
  local 10: start 13 → 13 (gap 2.37e-04) at x=[5.18790e-02 3.18000e-04 6.92407e-01], c/a=0.050147
  local 11: start 13 → 13 (gap 2.34e-04) at x=[0.531345 0.499679 0.65331 ], c/a=0.050160
  local 12: start 13 → 13 (gap 2.57e-04) at x=[0.49968  0.371435 0.323345], c/a=0.050474
  local 13: start 13 → 13 (gap 2.34e-04) at x=[0.457786 0.499682 0.783687], c/a=0.050029
  local 14: start 13 → 13 (gap 2.87e-04) at x=[0.511168 0.499598 0.567789], c/a=0.054660
  local 15: start 13 → 13 (gap 4.92e-04) at x=[0.482337 0.588435 0.993166], c/a=0.050000
  local 16: start 13 → 13 (gap 2.53e-04) at x=[0.958452 0.999657 0.986831], c/a=0.051920
  local 17: start 13 → 13 (gap 2.48e-04) at x=[0.604408 0.500316 0.741517], c/a=0.050138
  local 18: start 13 → 13 (gap 3.51e-04) at x=[0.038413 0.960938 0.476703], c/a=0.050732
  local 19: start 13 → 13 (gap 2.59e-04) at x=[3.18000e-04 1.41529e-01 7.65603e-01], c/a=0.050337
  local 20: start 13 → 13 (gap 2.38e-04) at x=[0.010363 0.999666 0.058162], c/a=0.050024
  local 21: start 13 → 13 (gap 5.24e-04) at x=[0.288689 0.499395 0.090603], c/a=0.069327
  local 22: start 13 → 13 (gap 2.53e-04) at x=[0.49394  0.500356 0.468857], c/a=0.050276
  local 23: start 13 → 13 (gap 4.87e-04) at x=[0.588812 0.491575 0.72131 ], c/a=0.050000
  local 24: start 13 → 13 (gap 2.37e-04) at x=[0.039601 0.999678 0.225906], c/a=0.050359
BEST P 4 c c 13 [0.50032305 0.56195006 0.47432115 0.05055426]
