P 4 n c: random 8000 in 23s, top facet counts [(13, 7370), (15, 630)]
  local 0: start 15 → 15 (gap 1.53e-09) at x=[0.055849 0.944151 0.582665], c/a=0.116863
  local 1: start 15 → 15 (gap 1.00e-09) at x=[0.747287 0.747287 0.912649], c/a=0.131602
  local 2: start 15 → 15 (gap 2.48e-09) at x=[0.604834 0.604834 0.6993  ], c/a=0.200969
  local 3: start 15 → 15 (gap 1.00e-09) at x=[0.284162 0.242092 0.650308], c/a=0.324059
  local 4: start 15 → 15 (gap 1.00e-09) at x=[0.749148 0.250853 0.522765], c/a=0.076338
  local 5: start 15 → 15 (gap 1.00e-09) at x=[0.213518 0.70921  0.979386], c/a=0.131270
  local 6: start 15 → 15 (gap 1.48e-09) at x=[0.726949 0.726949 0.006796], c/a=0.312587
  local 7: start 15 → 15 (gap 1.00e-09) at x=[0.762266 0.273881 0.176496], c/a=0.215550
  local 8: start 15 → 15 (gap 1.00e-09) at x=[0.735557 0.751783 0.572818], c/a=0.225027
  local 9: start 15 → 15 (gap 1.00e-09) at x=[0.750621 0.249362 0.94309 ], c/a=0.070529
  local 10: start 15 → 15 (gap 1.00e-09) at x=[0.728521 0.256977 0.535   ], c/a=0.337378
  local 11: start 15 → 15 (gap 1.27e-09) at x=[0.545904 0.545904 0.770346], c/a=0.110629
  local 12: start 15 → 15 (gap 1.00e-09) at x=[0.252751 0.253155 0.438348], c/a=0.153686
  local 13: start 15 → 15 (gap 1.00e-09) at x=[0.761387 0.761387 0.546606], c/a=0.075187
  local 14: start 15 → 17 (gap 1.33e-08) at x=[0.515321 0.484679 0.230357], c/a=0.206380
  local 15: start 15 → 15 (gap 1.00e-09) at x=[0.250896 0.749104 0.529878], c/a=0.057705
  local 16: start 15 → 15 (gap 1.00e-09) at x=[0.303015 0.806573 0.710588], c/a=0.119299
  local 17: start 15 → 15 (gap 1.00e-09) at x=[0.775575 0.766689 0.068417], c/a=0.411161
  local 18: start 15 → 15 (gap 1.23e-09) at x=[0.579415 0.420585 0.255796], c/a=0.333459
  local 19: start 15 → 15 (gap 1.48e-09) at x=[0.782982 0.782982 0.542292], c/a=0.218301
  local 20: start 15 → 15 (gap 1.00e-09) at x=[0.746408 0.253686 0.152709], c/a=0.170594
  local 21: start 15 → 15 (gap 1.00e-09) at x=[0.689955 0.809019 0.599763], c/a=0.064066
  local 22: start 15 → 15 (gap 1.00e-09) at x=[0.240075 0.759897 0.859453], c/a=0.281518
  local 23: start 15 → 15 (gap 1.01e-09) at x=[0.508092 0.948159 0.770999], c/a=0.418323
  local 24: start 15 → 15 (gap 1.00e-09) at x=[0.942641 0.559616 0.324426], c/a=0.095015
BEST P 4 n c 17 [0.51532116 0.48467884 0.23035667 0.20638015]
