P 42 b c: random 8000 in 22s, top facet counts [(14, 7237), (16, 763)]
  local 0: start 16 → 16 (gap 1.90e-09) at x=[0.055849 0.944151 0.582665], c/a=0.116863
  local 1: start 16 → 16 (gap 2.54e-09) at x=[0.605063 0.605063 0.696555], c/a=0.200869
  local 2: start 16 → 16 (gap 1.00e-09) at x=[0.755173 0.755173 0.915685], c/a=0.131353
  local 3: start 16 → 16 (gap 1.90e-09) at x=[0.547152 0.547152 0.769668], c/a=0.110512
  local 4: start 16 → 16 (gap 1.89e-09) at x=[0.51849  0.48151  0.228487], c/a=0.206849
  local 5: start 16 → 16 (gap 1.00e-09) at x=[0.761962 0.761962 0.544766], c/a=0.074474
  local 6: start 16 → 16 (gap 1.00e-09) at x=[0.747549 0.252451 0.506955], c/a=0.075754
  local 7: start 16 → 16 (gap 1.89e-09) at x=[0.576436 0.423564 0.25126 ], c/a=0.333873
  local 8: start 16 → 16 (gap 1.00e-09) at x=[0.2528   0.7472   0.504441], c/a=0.056887
  local 9: start 16 → 16 (gap 1.00e-09) at x=[0.747961 0.252039 0.927367], c/a=0.071349
  local 10: start 16 → 16 (gap 1.92e-09) at x=[0.570878 0.429122 0.314963], c/a=0.107434
  local 11: start 16 → 16 (gap 2.00e-09) at x=[0.78411  0.78411  0.533235], c/a=0.215195
  local 12: start 16 → 16 (gap 1.90e-09) at x=[0.56801  0.56801  0.602336], c/a=0.255812
  local 13: start 16 → 16 (gap 3.75e-09) at x=[0.174909 0.825091 0.319118], c/a=0.140206
  local 14: start 16 → 16 (gap 2.07e-09) at x=[0.731514 0.731514 0.009013], c/a=0.315295
  local 15: start 16 → 16 (gap 1.22e-09) at x=[0.743616 0.256384 0.173402], c/a=0.176699
  local 16: start 16 → 16 (gap 2.33e-09) at x=[0.789902 0.210098 0.345137], c/a=0.058452
  local 17: start 16 → 16 (gap 4.04e-09) at x=[0.854801 0.854801 0.156015], c/a=0.256053
  local 18: start 16 → 16 (gap 1.06e-09) at x=[0.73614  0.73614  0.581154], c/a=0.226309
  local 19: start 16 → 16 (gap 2.25e-09) at x=[0.727865 0.272135 0.51776 ], c/a=0.343387
  local 20: start 16 → 16 (gap 1.00e-09) at x=[0.251259 0.74874  0.705758], c/a=0.061274
  local 21: start 16 → 16 (gap 1.00e-09) at x=[0.238303 0.238303 0.419295], c/a=0.150019
  local 22: start 16 → 16 (gap 1.97e-09) at x=[0.283352 0.283352 0.318859], c/a=0.212576
  local 23: start 16 → 16 (gap 1.33e-09) at x=[0.229001 0.770999 0.776044], c/a=0.223482
  local 24: start 16 → 16 (gap 1.00e-09) at x=[0.24862  0.75138  0.656118], c/a=0.060104
BEST P 42 b c 16 [0.0558493  0.9441507  0.58266537 0.11686267]
