I 41 c d: random 8000 in 43s, top facet counts [(16, 54), (17, 788), (18, 134), (19, 495), (20, 16), (22, 6)]
  local 0: start 22 → 24 (gap 2.43e-03) at x=[0.748632 0.763819 0.522482], c/a=0.317847
  local 1: start 22 → 24 (gap 4.45e-03) at x=[0.752627 0.268161 0.218499], c/a=0.358076
  local 2: start 22 → 24 (gap 1.49e-03) at x=[0.750814 0.239076 0.280409], c/a=0.285507
  local 3: start 22 → 22 (gap 7.99e-04) at x=[0.257952 0.259074 0.039506], c/a=0.356702
  local 4: start 22 → 22 (gap 2.26e-04) at x=[0.742452 0.777176 0.643748], c/a=0.418978
  local 5: start 22 → 22 (gap 7.96e-05) at x=[0.756665 0.225242 0.317216], c/a=0.402649
  local 6: start 20 → 22 (gap 2.92e-04) at x=[0.743809 0.277372 0.772266], c/a=0.424615
  local 7: start 20 → 20 (gap 4.05e-04) at x=[0.250156 0.72846  0.321586], c/a=0.131653
  local 8: start 20 → 20 (gap 2.93e-04) at x=[0.716905 0.749886 0.003612], c/a=0.087470
  local 9: start 20 → 20 (gap 5.35e-04) at x=[0.250209 0.793389 0.683706], c/a=0.101263
  local 10: start 20 → 20 (gap 2.30e-04) at x=[0.249912 0.740633 0.90506 ], c/a=0.154814
  local 11: start 20 → 20 (gap 8.27e-04) at x=[0.750325 0.80187  0.862493], c/a=0.112793
  local 12: start 20 → 20 (gap 1.04e-03) at x=[0.249593 0.276722 0.415441], c/a=0.188146
  local 13: start 20 → 20 (gap 1.69e-03) at x=[0.75067  0.707599 0.732553], c/a=0.183335
  local 14: start 20 → 20 (gap 1.82e-03) at x=[0.778519 0.749272 0.55881 ], c/a=0.240016
  local 15: start 20 → 20 (gap 1.92e-03) at x=[0.779167 0.249235 0.585133], c/a=0.244860
  local 16: start 20 → 20 (gap 5.78e-03) at x=[0.297094 0.747584 0.684974], c/a=0.324149
  local 17: start 20 → 20 (gap 5.71e-03) at x=[0.752383 0.796211 0.31668 ], c/a=0.326016
  local 18: start 20 → 20 (gap 6.09e-03) at x=[0.699539 0.747447 0.404365], c/a=0.318119
  local 19: start 20 → 20 (gap 8.51e-03) at x=[0.753629 0.809507 0.284668], c/a=0.339994
  local 20: start 20 → 20 (gap 8.80e-03) at x=[0.753771 0.306953 0.269328], c/a=0.356900
  local 21: start 20 → 20 (gap 9.38e-03) at x=[0.245964 0.811996 0.432056], c/a=0.347631
  local 22: start 19 → 19 (gap 9.28e-09) at x=[0.402637 0.751216 0.546692], c/a=0.139477
  local 23: start 19 → 19 (gap 9.81e-09) at x=[0.614703 0.251172 0.080822], c/a=0.136924
  local 24: start 19 → 19 (gap 4.76e-05) at x=[0.501342 0.927792 0.735475], c/a=0.067460
BEST I 41 c d 24 [0.74863247 0.76381901 0.52248151 0.31784669]
