P -4 2 c: random 8000 in 24s, top facet counts [(14, 198), (15, 554), (17, 7248)]
  local 0: start 17 → 17 (gap 3.54e-09) at x=[3.55501e-01 4.16275e-01 1.00000e-06], c/a=0.102991
  local 1: start 17 → 17 (gap 1.00e-09) at x=[0.001824 0.422315 0.500023], c/a=0.076902
  local 2: start 17 → 17 (gap 2.04e-09) at x=[0.372275 0.954415 0.499998], c/a=0.072401
  local 3: start 17 → 17 (gap 2.23e-09) at x=[3.70356e-01 6.35163e-01 1.00000e-06], c/a=0.058878
  local 4: start 17 → 17 (gap 1.00e-09) at x=[0.934923 0.49953  0.500224], c/a=0.050401
  local 5: start 17 → 17 (gap 1.00e-09) at x=[4.60400e-03 5.01613e-01 3.40000e-05], c/a=0.079081
  local 6: start 17 → 17 (gap 3.51e-09) at x=[0.621782 0.328884 0.250003], c/a=0.051677
  local 7: start 17 → 17 (gap 1.35e-09) at x=[0.438459 0.962072 0.499999], c/a=0.132877
  local 8: start 17 → 17 (gap 1.00e-09) at x=[4.99048e-01 8.38365e-01 3.20000e-05], c/a=0.073288
  local 9: start 17 → 17 (gap 1.00e-09) at x=[0.920359 0.472708 0.750001], c/a=0.054654
  local 10: start 17 → 17 (gap 2.26e-09) at x=[0.51922  0.6431   0.500001], c/a=0.088373
  local 11: start 17 → 17 (gap 1.00e-09) at x=[0.109173 0.5      0.94702 ], c/a=0.214988
  local 12: start 17 → 17 (gap 2.11e-09) at x=[0.709105 0.42881  0.750001], c/a=0.091890
  local 13: start 17 → 17 (gap 2.26e-09) at x=[0.45622  0.661465 0.999998], c/a=0.054810
  local 14: start 17 → 17 (gap 3.63e-09) at x=[0.74974  0.907988 0.999999], c/a=0.074358
  local 15: start 17 → 17 (gap 2.13e-09) at x=[0.59711  0.945371 0.500003], c/a=0.056808
  local 16: start 17 → 17 (gap 1.44e-09) at x=[0.130108 0.004026 0.500002], c/a=0.074286
  local 17: start 17 → 17 (gap 1.00e-09) at x=[4.97562e-01 1.40650e-02 5.30000e-05], c/a=0.050628
  local 18: start 17 → 17 (gap 1.00e-09) at x=[0.00175  0.578412 0.500053], c/a=0.051887
  local 19: start 17 → 17 (gap 1.00e-09) at x=[1.8983e-02 4.4526e-01 4.0000e-06], c/a=0.063707
  local 20: start 17 → 17 (gap 3.50e-09) at x=[0.546789 0.611504 0.749997], c/a=0.056705
  local 21: start 17 → 17 (gap 1.00e-09) at x=[1.       0.743976 0.563171], c/a=0.178060
  local 22: start 17 → 17 (gap 1.00e-09) at x=[0.001274 0.516524 0.499957], c/a=0.077745
  local 23: start 17 → 17 (gap 2.23e-09) at x=[0.309742 0.696986 0.500001], c/a=0.060639
  local 24: start 17 → 17 (gap 1.00e-09) at x=[0.957005 0.499997 0.463305], c/a=0.054011
BEST P -4 2 c 17 [0.35550097 0.41627548 1.00000073 0.10299054]
