P -4 21 c: random 8000 in 23s, top facet counts [(15, 158), (16, 2014), (17, 103), (18, 326), (19, 11), (20, 33)]
  local 0: start 20 → 20 (gap 1.08e-05) at x=[0.244275 0.745402 0.502506], c/a=0.055262
  local 1: start 20 → 20 (gap 6.23e-05) at x=[0.269314 0.772252 0.507375], c/a=0.108377
  local 2: start 20 → 20 (gap 2.49e-05) at x=[0.208555 0.704232 0.997992], c/a=0.131476
  local 3: start 20 → 20 (gap 2.04e-04) at x=[0.361213 0.139978 0.934064], c/a=0.068959
  local 4: start 20 → 20 (gap 1.12e-04) at x=[0.343504 0.150521 0.993157], c/a=0.154512
  local 5: start 20 → 20 (gap 4.15e-04) at x=[0.875588 0.628567 0.961254], c/a=0.128674
  local 6: start 20 → 20 (gap 2.04e-04) at x=[0.783895 0.720915 0.485349], c/a=0.138552
  local 7: start 20 → 20 (gap 2.23e-09) at x=[0.735684 0.25825  0.5     ], c/a=0.300446
  local 8: start 20 → 20 (gap 2.76e-09) at x=[0.237135 0.717396 0.5     ], c/a=0.280991
  local 9: start 20 → 20 (gap 6.27e-04) at x=[0.674878 0.829012 0.441267], c/a=0.124375
  local 10: start 20 → 20 (gap 7.88e-04) at x=[0.624897 0.864003 0.026437], c/a=0.209943
  local 11: start 20 → 20 (gap 1.99e-04) at x=[0.736074 0.25013  0.496024], c/a=0.188856
  local 12: start 20 → 20 (gap 1.22e-03) at x=[0.373438 0.888625 0.470032], c/a=0.245134
  local 13: start 20 → 20 (gap 6.59e-04) at x=[0.793394 0.700421 0.463754], c/a=0.156446
  local 14: start 20 → 20 (gap 2.06e-03) at x=[0.440505 0.081219 0.961488], c/a=0.292364
  local 15: start 20 → 20 (gap 3.68e-08) at x=[0.661752 0.338248 0.5     ], c/a=0.393296
  local 16: start 20 → 20 (gap 2.95e-03) at x=[0.411697 0.892496 0.940058], c/a=0.273863
  local 17: start 20 → 20 (gap 9.39e-04) at x=[0.189819 0.705707 0.980753], c/a=0.250773
  local 18: start 20 → 20 (gap 7.61e-04) at x=[0.292162 0.80398  0.021685], c/a=0.216585
  local 19: start 20 → 20 (gap 3.52e-03) at x=[0.183038 0.348554 0.535762], c/a=0.349746
  local 20: start 20 → 20 (gap 2.13e-03) at x=[0.181136 0.812449 0.478557], c/a=0.238911
  local 21: start 20 → 20 (gap 3.93e-09) at x=[0.779556 0.678642 0.5     ], c/a=0.408912
  local 22: start 20 → 20 (gap 1.06e-08) at x=[0.181926 0.818074 0.5     ], c/a=0.471354
  local 23: start 20 → 20 (gap 5.27e-04) at x=[0.222718 0.699681 0.507095], c/a=0.302760
  local 24: start 20 → 20 (gap 3.23e-07) at x=[0.293779 0.706217 0.500001], c/a=0.445270
BEST P -4 21 c 20 [0.24427524 0.74540241 0.50250634 0.05526158]
