P -4 c 2: random 8000 in 23s, top facet counts [(15, 554), (16, 134), (17, 7179), (18, 121), (19, 1), (20, 11)]
  local 0: start 20 → 20 (gap 5.46e-08) at x=[0.5      0.498545 0.147936], c/a=0.111993
  local 1: start 20 → 20 (gap 3.30e-08) at x=[0.       0.056155 0.558113], c/a=0.458457
  local 2: start 20 → 20 (gap 1.39e-08) at x=[0.03757  1.       0.619031], c/a=0.284942
  local 3: start 20 → 20 (gap 6.27e-09) at x=[0.5      0.473435 0.708973], c/a=0.483988
  local 4: start 20 → 20 (gap 7.67e-09) at x=[0.950373 1.       0.198549], c/a=0.479305
  local 5: start 20 → 20 (gap 4.80e-09) at x=[0.483632 0.470417 0.166157], c/a=0.486977
  local 6: start 20 → 20 (gap 3.21e-08) at x=[0.5      0.518202 0.886893], c/a=0.426393
  local 7: start 20 → 20 (gap 8.64e-09) at x=[1.       0.980643 0.193993], c/a=0.390730
  local 8: start 20 → 20 (gap 1.83e-08) at x=[0.047052 0.       0.337118], c/a=0.334200
  local 9: start 20 → 20 (gap 1.83e-08) at x=[0.550518 0.5      0.368391], c/a=0.353088
  local 10: start 20 → 20 (gap 7.88e-09) at x=[0.548222 0.5      0.797358], c/a=0.473859
  local 11: start 19 → 20 (gap 3.11e-09) at x=[0.005583 0.01219  0.809339], c/a=0.382098
  local 12: start 18 → 18 (gap 1.00e-09) at x=[0.055888 0.944112 0.582284], c/a=0.116890
  local 13: start 18 → 18 (gap 1.00e-09) at x=[0.547002 0.547002 0.770288], c/a=0.110778
  local 14: start 18 → 18 (gap 1.00e-09) at x=[0.605592 0.605592 0.696933], c/a=0.200795
  local 15: start 18 → 18 (gap 1.00e-09) at x=[0.569971 0.430029 0.305529], c/a=0.107661
  local 16: start 18 → 20 (gap 5.92e-09) at x=[0.515285 0.5      0.221048], c/a=0.207140
  local 17: start 18 → 18 (gap 1.00e-09) at x=[0.572202 0.572202 0.602023], c/a=0.254579
  local 18: start 18 → 18 (gap 1.00e-09) at x=[0.44151  0.441511 0.336232], c/a=0.133044
  local 19: start 18 → 18 (gap 1.00e-09) at x=[0.169778 0.830222 0.335228], c/a=0.140043
  local 20: start 18 → 18 (gap 1.00e-09) at x=[0.386531 0.613469 0.40782 ], c/a=0.165186
  local 21: start 18 → 18 (gap 8.96e-09) at x=[0.778729 0.778727 0.535847], c/a=0.220234
  local 22: start 18 → 19 (gap 1.01e-09) at x=[0.572646 0.427354 0.253684], c/a=0.336835
  local 23: start 18 → 18 (gap 1.00e-09) at x=[0.856325 0.856325 0.154012], c/a=0.256342
  local 24: start 18 → 18 (gap 1.04e-09) at x=[0.953876 0.046124 0.024608], c/a=0.496963
BEST P -4 c 2 20 [0.49999992 0.49854502 0.14793647 0.11199326]
