P -4 b 2: random 8000 in 22s, top facet counts [(14, 7472), (16, 528)]
  local 0: start 16 → 16 (gap 1.90e-09) at x=[0.055849 0.944151 0.582665], c/a=0.116863
  local 1: start 16 → 16 (gap 2.53e-09) at x=[0.605063 0.605063 0.696555], c/a=0.200869
  local 2: start 16 → 16 (gap 1.00e-09) at x=[0.747954 0.747953 0.922629], c/a=0.131671
  local 3: start 16 → 16 (gap 1.90e-09) at x=[0.547152 0.547152 0.769668], c/a=0.110512
  local 4: start 16 → 16 (gap 1.89e-09) at x=[0.51849  0.48151  0.228487], c/a=0.206849
  local 5: start 16 → 16 (gap 1.00e-09) at x=[0.761962 0.761962 0.544766], c/a=0.074474
  local 6: start 16 → 16 (gap 1.00e-09) at x=[0.745966 0.254034 0.509441], c/a=0.075912
  local 7: start 16 → 16 (gap 1.89e-09) at x=[0.576436 0.423564 0.25126 ], c/a=0.333873
  local 8: start 16 → 16 (gap 1.00e-09) at x=[0.746898 0.253102 0.935417], c/a=0.072479
  local 9: start 16 → 16 (gap 1.85e-09) at x=[0.77768  0.77768  0.527294], c/a=0.221126
  local 10: start 16 → 16 (gap 1.92e-09) at x=[0.570878 0.429122 0.314963], c/a=0.107434
  local 11: start 16 → 16 (gap 1.87e-09) at x=[0.571545 0.571545 0.601857], c/a=0.252086
  local 12: start 16 → 16 (gap 2.13e-09) at x=[0.745038 0.745038 0.977706], c/a=0.316748
  local 13: start 16 → 16 (gap 3.74e-09) at x=[0.174909 0.825091 0.319118], c/a=0.140206
  local 14: start 16 → 16 (gap 1.52e-09) at x=[0.734555 0.265445 0.171937], c/a=0.169487
  local 15: start 16 → 16 (gap 2.06e-09) at x=[0.784907 0.215093 0.349796], c/a=0.058222
  local 16: start 16 → 16 (gap 2.30e-09) at x=[0.737645 0.262355 0.505049], c/a=0.346655
  local 17: start 16 → 16 (gap 1.55e-09) at x=[0.753708 0.753708 0.560481], c/a=0.219727
  local 18: start 16 → 16 (gap 1.75e-04) at x=[0.287962 0.211368 0.577211], c/a=0.071543
  local 19: start 16 → 16 (gap 3.93e-09) at x=[0.856183 0.856183 0.153598], c/a=0.253988
  local 20: start 16 → 16 (gap 1.00e-09) at x=[0.251259 0.74874  0.705758], c/a=0.061274
  local 21: start 16 → 16 (gap 1.11e-09) at x=[0.238303 0.238303 0.419296], c/a=0.150019
  local 22: start 16 → 16 (gap 1.98e-09) at x=[0.283352 0.283352 0.318859], c/a=0.212576
  local 23: start 16 → 16 (gap 1.35e-09) at x=[0.229001 0.770999 0.776044], c/a=0.223482
  local 24: start 16 → 16 (gap 1.00e-09) at x=[0.24862  0.75138  0.656118], c/a=0.060104
BEST P -4 b 2 16 [0.0558493  0.9441507  0.58266537 0.11686267]
