P -4 n 2: random 8000 in 23s, top facet counts [(16, 7055), (17, 5), (18, 303), (19, 325), (20, 258), (21, 54)]
  local 0: start 21 → 21 (gap 8.57e-09) at x=[0.069203 0.070793 0.250001], c/a=0.139399
  local 1: start 21 → 21 (gap 5.30e-08) at x=[0.932423 0.929317 0.799657], c/a=0.124500
  local 2: start 21 → 21 (gap 2.66e-08) at x=[0.447285 0.417316 0.25    ], c/a=0.443615
  local 3: start 21 → 21 (gap 1.80e-07) at x=[0.930647 0.068209 0.734142], c/a=0.069929
  local 4: start 21 → 21 (gap 1.17e-08) at x=[0.454777 0.450964 0.25    ], c/a=0.194226
  local 5: start 21 → 21 (gap 8.29e-08) at x=[0.360777 0.643222 0.749997], c/a=0.133251
  local 6: start 21 → 21 (gap 2.22e-08) at x=[0.37974  0.367565 0.84311 ], c/a=0.278573
  local 7: start 21 → 21 (gap 7.84e-08) at x=[0.670501 0.342902 0.249999], c/a=0.321550
  local 8: start 21 → 21 (gap 4.31e-08) at x=[0.708734 0.337368 0.25    ], c/a=0.462876
  local 9: start 21 → 21 (gap 8.04e-08) at x=[0.347076 0.329419 0.249999], c/a=0.278706
  local 10: start 21 → 21 (gap 1.01e-08) at x=[0.425569 0.583015 0.75    ], c/a=0.306982
  local 11: start 21 → 21 (gap 4.53e-07) at x=[0.594338 0.634724 0.255331], c/a=0.406284
  local 12: start 21 → 21 (gap 6.69e-08) at x=[0.691761 0.688077 0.766814], c/a=0.125686
  local 13: start 21 → 21 (gap 2.70e-08) at x=[0.468573 0.436575 0.64766 ], c/a=0.465513
  local 14: start 21 → 21 (gap 1.54e-08) at x=[0.577412 0.432689 0.75    ], c/a=0.387925
  local 15: start 21 → 21 (gap 5.86e-08) at x=[0.968834 0.051864 0.750001], c/a=0.326473
  local 16: start 21 → 21 (gap 1.07e-06) at x=[0.080542 0.094207 0.247427], c/a=0.235014
  local 17: start 21 → 21 (gap 1.13e-07) at x=[0.357353 0.352488 0.765999], c/a=0.144200
  local 18: start 21 → 21 (gap 3.82e-08) at x=[0.652599 0.614103 0.25    ], c/a=0.447827
  local 19: start 21 → 21 (gap 1.00e-07) at x=[0.676341 0.331557 0.749999], c/a=0.239141
  local 20: start 21 → 21 (gap 4.38e-08) at x=[0.582236 0.421458 0.692009], c/a=0.138712
  local 21: start 21 → 21 (gap 4.12e-08) at x=[0.615525 0.64835  0.25    ], c/a=0.409965
  local 22: start 21 → 21 (gap 8.24e-09) at x=[0.541868 0.463944 0.25    ], c/a=0.285438
  local 23: start 21 → 21 (gap 3.17e-08) at x=[0.957926 0.047265 0.66959 ], c/a=0.174959
  local 24: start 21 → 21 (gap 1.24e-07) at x=[0.873554 0.139134 0.750001], c/a=0.369138
BEST P -4 n 2 21 [0.0692035  0.07079301 0.25000065 0.13939887]
