I -4 c 2: random 8000 in 42s, top facet counts [(14, 223), (16, 549), (17, 787), (18, 6286), (19, 155)]
  local 0: start 19 → 19 (gap 1.35e-09) at x=[0.05585  0.94415  0.582666], c/a=0.116863
  local 1: start 19 → 19 (gap 1.00e-09) at x=[0.75828  0.75828  0.550489], c/a=0.075092
  local 2: start 19 → 19 (gap 1.00e-09) at x=[0.546397 0.953603 0.422551], c/a=0.074817
  local 3: start 19 → 19 (gap 1.37e-09) at x=[0.355452 0.855452 0.37914 ], c/a=0.255613
  local 4: start 19 → 19 (gap 1.00e-09) at x=[0.304453 0.804453 0.208531], c/a=0.128658
  local 5: start 19 → 19 (gap 1.78e-09) at x=[0.690906 0.809094 0.510284], c/a=0.412102
  local 6: start 19 → 19 (gap 1.00e-09) at x=[0.254242 0.254241 0.879183], c/a=0.083470
  local 7: start 19 → 19 (gap 1.52e-09) at x=[0.678176 0.178176 0.714273], c/a=0.322532
  local 8: start 19 → 19 (gap 1.44e-09) at x=[0.737611 0.26239  0.495733], c/a=0.342449
  local 9: start 19 → 19 (gap 1.00e-09) at x=[0.606244 0.606244 0.697714], c/a=0.200847
  local 10: start 19 → 19 (gap 1.36e-09) at x=[0.72906  0.72906  0.008317], c/a=0.315110
  local 11: start 19 → 19 (gap 1.00e-09) at x=[0.784109 0.784109 0.533236], c/a=0.215195
  local 12: start 19 → 19 (gap 1.00e-09) at x=[0.741321 0.758679 0.901029], c/a=0.130376
  local 13: start 19 → 19 (gap 1.00e-09) at x=[0.705262 0.794738 0.168845], c/a=0.156750
  local 14: start 19 → 19 (gap 1.00e-09) at x=[0.169714 0.830286 0.317347], c/a=0.138180
  local 15: start 19 → 19 (gap 1.00e-09) at x=[0.188668 0.688668 0.105547], c/a=0.150632
  local 16: start 19 → 19 (gap 1.00e-09) at x=[0.868909 0.631091 0.903806], c/a=0.115694
  local 17: start 19 → 19 (gap 1.00e-09) at x=[0.696598 0.196598 0.971112], c/a=0.235442
  local 18: start 19 → 19 (gap 1.09e-09) at x=[0.276133 0.723867 0.527053], c/a=0.258931
  local 19: start 19 → 19 (gap 1.03e-09) at x=[0.742529 0.757471 0.221223], c/a=0.266610
  local 20: start 19 → 19 (gap 1.00e-09) at x=[0.552888 0.552888 0.776559], c/a=0.110367
  local 21: start 19 → 19 (gap 2.47e-09) at x=[0.947097 0.447097 0.337894], c/a=0.144497
  local 22: start 19 → 19 (gap 1.00e-09) at x=[0.559432 0.440568 0.312399], c/a=0.109228
  local 23: start 19 → 19 (gap 1.59e-09) at x=[0.380292 0.619708 0.424485], c/a=0.165001
  local 24: start 19 → 19 (gap 1.00e-09) at x=[0.851973 0.851973 0.149534], c/a=0.253474
BEST I -4 c 2 19 [0.05584993 0.94415008 0.58266639 0.11686273]
