I -4 2 d: random 8000 in 43s, top facet counts [(21, 64), (22, 35), (23, 2), (24, 7), (26, 1), (27, 4)]
  local 0: start 27 → 29 (gap 3.01e-03) at x=[0.500424 0.879483 0.710397], c/a=0.146363
  local 1: start 27 → 29 (gap 1.30e-02) at x=[0.497028 0.877133 0.209944], c/a=0.385356
  local 2: start 27 → 29 (gap 1.03e-02) at x=[0.195995 0.498297 0.830558], c/a=0.243243
  local 3: start 27 → 29 (gap 2.03e-02) at x=[0.503524 0.336199 0.560759], c/a=0.422615
  local 4: start 26 → 29 (gap 1.48e-02) at x=[0.660081 0.497788 0.941237], c/a=0.343500
  local 5: start 24 → 24 (gap 3.38e-08) at x=[0.495281 0.363514 0.125   ], c/a=0.224125
  local 6: start 24 → 24 (gap 2.91e-08) at x=[0.39749  0.002808 0.875   ], c/a=0.154344
  local 7: start 24 → 24 (gap 1.23e-03) at x=[0.017552 0.000874 0.41054 ], c/a=0.142072
  local 8: start 24 → 24 (gap 2.26e-03) at x=[0.99832  0.055748 0.06007 ], c/a=0.281815
  local 9: start 24 → 24 (gap 2.22e-08) at x=[0.488149 0.539918 0.125   ], c/a=0.279590
  local 10: start 24 → 24 (gap 2.40e-08) at x=[0.482861 0.557818 0.625   ], c/a=0.359167
  local 11: start 24 → 24 (gap 1.62e-08) at x=[0.91022  0.528949 0.375   ], c/a=0.456754
  local 12: start 23 → 24 (gap 2.10e-03) at x=[0.503062 0.512191 0.043192], c/a=0.280001
  local 13: start 23 → 29 (gap 1.20e-02) at x=[0.311824 0.002794 0.324986], c/a=0.272999
  local 14: start 22 → 24 (gap 8.53e-08) at x=[0.377842 0.49441  0.375   ], c/a=0.271635
  local 15: start 22 → 27 (gap 7.77e-09) at x=[0.354682 0.499801 0.921145], c/a=0.164331
  local 16: start 22 → 24 (gap 1.58e-09) at x=[0.730894 0.267761 0.511912], c/a=0.335930
  local 17: start 22 → 22 (gap 1.00e-09) at x=[0.016504 0.748375 0.156112], c/a=0.083005
  local 18: start 22 → 22 (gap 1.84e-05) at x=[0.742379 0.997002 0.327322], c/a=0.069099
  local 19: start 22 → 22 (gap 1.72e-04) at x=[0.533046 0.251088 0.566804], c/a=0.102369
  local 20: start 22 → 24 (gap 6.93e-03) at x=[0.884154 0.506042 0.33486 ], c/a=0.493035
  local 21: start 22 → 22 (gap 1.00e-09) at x=[0.75363  0.025509 0.407274], c/a=0.154437
  local 22: start 22 → 22 (gap 6.78e-05) at x=[0.983343 0.753127 0.007546], c/a=0.131770
  local 23: start 22 → 24 (gap 1.72e-03) at x=[0.501512 0.366989 0.605183], c/a=0.191047
  local 24: start 22 → 29 (gap 1.39e-02) at x=[0.349802 0.003203 0.303013], c/a=0.347637
BEST I -4 2 d 29 [0.50042387 0.87948303 0.71039731 0.14636251]
