P 4/n n c: random 8000 in 42s, top facet counts [(11, 5), (13, 1551), (15, 6444)]
  local 0: start 15 → 15 (gap 1.17e-09) at x=[0.355404 0.416245 1.      ], c/a=0.102991
  local 1: start 15 → 15 (gap 1.55e-09) at x=[3.71225e-01 6.34890e-01 1.00000e-06], c/a=0.058949
  local 2: start 15 → 15 (gap 1.00e-09) at x=[0.001559 0.432603 0.5     ], c/a=0.075448
  local 3: start 15 → 15 (gap 1.00e-09) at x=[0.504352 0.501771 0.750056], c/a=0.059189
  local 4: start 15 → 15 (gap 1.54e-09) at x=[0.371849 0.956674 0.5     ], c/a=0.072425
  local 5: start 15 → 15 (gap 1.01e-09) at x=[0.023395 0.854426 0.750001], c/a=0.084069
  local 6: start 15 → 15 (gap 1.00e-09) at x=[0.970102 0.999022 0.250085], c/a=0.061337
  local 7: start 15 → 15 (gap 1.00e-09) at x=[0.988318 0.978998 0.250003], c/a=0.097360
  local 8: start 15 → 15 (gap 2.14e-09) at x=[0.556974 0.610257 0.750003], c/a=0.057351
  local 9: start 15 → 15 (gap 4.09e-09) at x=[0.621326 0.32194  0.249998], c/a=0.052178
  local 10: start 15 → 15 (gap 1.00e-09) at x=[0.003935 0.985789 0.250028], c/a=0.055193
  local 11: start 15 → 15 (gap 3.31e-09) at x=[0.706668 0.427327 0.750001], c/a=0.092184
  local 12: start 15 → 15 (gap 1.00e-09) at x=[0.286388 0.516538 0.250002], c/a=0.055721
  local 13: start 15 → 15 (gap 1.20e-09) at x=[0.527454 0.34514  0.750001], c/a=0.071508
  local 14: start 15 → 15 (gap 1.00e-09) at x=[0.633548 0.507512 0.750009], c/a=0.052352
  local 15: start 15 → 15 (gap 2.18e-07) at x=[0.499901 0.56835  0.479786], c/a=0.050347
  local 16: start 15 → 15 (gap 1.78e-09) at x=[0.166773 0.040087 0.749997], c/a=0.051724
  local 17: start 15 → 15 (gap 9.17e-08) at x=[0.024683 0.999342 0.732696], c/a=0.050717
  local 18: start 15 → 15 (gap 1.28e-09) at x=[0.510598 0.635368 0.5     ], c/a=0.088278
  local 19: start 15 → 15 (gap 1.00e-09) at x=[0.496302 0.373949 0.249987], c/a=0.064201
  local 20: start 15 → 15 (gap 1.59e-09) at x=[0.744298 0.910483 0.      ], c/a=0.074277
  local 21: start 15 → 15 (gap 2.06e-09) at x=[0.309254 0.69739  0.500001], c/a=0.061813
  local 22: start 15 → 15 (gap 1.23e-09) at x=[0.459726 0.663746 1.      ], c/a=0.055133
  local 23: start 15 → 15 (gap 1.00e-09) at x=[0.88938  0.983353 0.749997], c/a=0.066430
  local 24: start 15 → 15 (gap 1.00e-09) at x=[0.965316 0.987707 0.749996], c/a=0.075627
BEST P 4/n n c 15 [0.35540399 0.41624521 0.99999986 0.10299101]
