P 42/n b c: random 8000 in 43s, top facet counts [(14, 7), (16, 665), (17, 788), (18, 6427), (19, 113)]
  local 0: start 19 → 19 (gap 1.04e-09) at x=[0.545836 0.954164 0.422902], c/a=0.074850
  local 1: start 19 → 19 (gap 1.35e-09) at x=[0.354829 0.854829 0.380144], c/a=0.255989
  local 2: start 19 → 19 (gap 1.00e-09) at x=[0.691443 0.808557 0.509405], c/a=0.412145
  local 3: start 19 → 19 (gap 1.49e-09) at x=[0.680228 0.180228 0.712874], c/a=0.320856
  local 4: start 19 → 19 (gap 1.00e-09) at x=[0.718089 0.781911 0.175307], c/a=0.155637
  local 5: start 19 → 19 (gap 1.00e-09) at x=[0.184565 0.684565 0.097807], c/a=0.150483
  local 6: start 19 → 19 (gap 1.00e-09) at x=[0.854285 0.645715 0.904811], c/a=0.115555
  local 7: start 19 → 19 (gap 1.00e-09) at x=[0.69299  0.19299  0.969346], c/a=0.234742
  local 8: start 19 → 19 (gap 1.00e-09) at x=[0.003629 0.496371 0.754342], c/a=0.093732
  local 9: start 19 → 19 (gap 1.00e-09) at x=[0.753079 0.746921 0.188685], c/a=0.265914
  local 10: start 19 → 19 (gap 2.48e-09) at x=[0.945575 0.445575 0.334259], c/a=0.144600
  local 11: start 19 → 19 (gap 1.68e-09) at x=[0.392468 0.892468 0.221787], c/a=0.212152
  local 12: start 19 → 19 (gap 1.44e-09) at x=[0.034909 0.465091 0.649082], c/a=0.109026
  local 13: start 19 → 19 (gap 1.78e-09) at x=[0.697961 0.802039 0.226629], c/a=0.413787
  local 14: start 19 → 19 (gap 1.00e-09) at x=[0.24993  0.249932 0.999999], c/a=0.394487
  local 15: start 19 → 19 (gap 1.00e-09) at x=[0.324991 0.175009 0.357906], c/a=0.208164
  local 16: start 19 → 19 (gap 1.00e-09) at x=[0.705856 0.205856 0.651042], c/a=0.307636
  local 17: start 19 → 19 (gap 1.57e-09) at x=[0.790607 0.709393 0.707058], c/a=0.413110
  local 18: start 19 → 19 (gap 1.00e-09) at x=[0.747912 0.752088 0.54728 ], c/a=0.073005
  local 19: start 19 → 19 (gap 1.13e-09) at x=[0.299147 0.200853 0.814685], c/a=0.297412
  local 20: start 19 → 19 (gap 1.00e-09) at x=[0.227263 0.727263 0.113609], c/a=0.286065
  local 21: start 19 → 19 (gap 1.00e-09) at x=[0.316681 0.183319 0.879785], c/a=0.321891
  local 22: start 19 → 19 (gap 1.92e-09) at x=[0.156557 0.343443 0.697999], c/a=0.452564
  local 23: start 19 → 19 (gap 1.00e-09) at x=[0.763234 0.736766 0.331611], c/a=0.291815
  local 24: start 19 → 19 (gap 1.84e-09) at x=[0.716447 0.783553 0.722369], c/a=0.487919
BEST P 42/n b c 19 [0.54583634 0.95416365 0.42290203 0.07484955]
