I 41/a c d: random 8000 in 83s, top facet counts [(18, 154), (19, 1261), (20, 99), (21, 103), (22, 190), (23, 173)]
  local 0: start 23 → 23 (gap 7.07e-06) at x=[0.75468  0.747843 0.932617], c/a=0.061139
  local 1: start 23 → 24 (gap 3.54e-09) at x=[0.976115 0.565927 0.975191], c/a=0.347651
  local 2: start 23 → 23 (gap 1.81e-05) at x=[0.748133 0.759763 0.101098], c/a=0.060577
  local 3: start 23 → 23 (gap 6.32e-05) at x=[0.253199 0.740537 0.167252], c/a=0.120108
  local 4: start 23 → 23 (gap 2.97e-06) at x=[0.595327 0.905759 0.500437], c/a=0.051112
  local 5: start 23 → 23 (gap 4.74e-05) at x=[0.288554 0.706746 0.236418], c/a=0.086593
  local 6: start 23 → 23 (gap 6.72e-05) at x=[0.279134 0.790336 0.034605], c/a=0.071951
  local 7: start 23 → 23 (gap 8.15e-05) at x=[0.46463  0.980799 0.004607], c/a=0.051617
  local 8: start 23 → 23 (gap 6.18e-05) at x=[0.869424 0.148719 0.760275], c/a=0.059948
  local 9: start 23 → 23 (gap 2.21e-05) at x=[0.745821 0.740714 0.181256], c/a=0.075273
  local 10: start 23 → 23 (gap 1.15e-06) at x=[0.588318 0.41205  0.249858], c/a=0.053863
  local 11: start 23 → 23 (gap 1.22e-04) at x=[0.468936 0.441268 0.258545], c/a=0.058778
  local 12: start 23 → 23 (gap 5.17e-05) at x=[0.748639 0.740945 0.143786], c/a=0.106085
  local 13: start 23 → 23 (gap 7.32e-06) at x=[0.897603 0.895589 0.250859], c/a=0.059966
  local 14: start 23 → 23 (gap 9.10e-05) at x=[0.076261 0.889092 0.764295], c/a=0.053345
  local 15: start 23 → 23 (gap 9.68e-05) at x=[0.639007 0.896342 0.017171], c/a=0.056116
  local 16: start 23 → 23 (gap 1.46e-06) at x=[0.548988 0.451321 0.749904], c/a=0.055611
  local 17: start 23 → 23 (gap 2.78e-05) at x=[0.240018 0.755756 0.802928], c/a=0.088713
  local 18: start 23 → 23 (gap 1.00e-09) at x=[0.647315 0.647315 0.25    ], c/a=0.061427
  local 19: start 23 → 23 (gap 1.74e-04) at x=[0.88129  0.957143 0.221631], c/a=0.054117
  local 20: start 23 → 23 (gap 1.00e-09) at x=[0.193393 0.75     0.875   ], c/a=0.067813
  local 21: start 23 → 23 (gap 1.36e-04) at x=[0.445129 0.603176 0.267658], c/a=0.056612
  local 22: start 23 → 23 (gap 1.26e-04) at x=[0.90345  0.640813 0.478933], c/a=0.058221
  local 23: start 23 → 23 (gap 6.60e-07) at x=[0.386186 0.613721 0.249957], c/a=0.084636
  local 24: start 23 → 23 (gap 1.87e-05) at x=[0.34489  0.148676 0.504098], c/a=0.053294
BEST I 41/a c d 24 [0.97611529 0.56592709 0.97519076 0.34765144]
