P 3: random 8000 in 19s, top facet counts [(8, 8000)]
  local 0: start 8 → 8 (gap 1.03e-09) at x=[0.055849 0.944151 0.582665], c/a=0.116863
  local 1: start 8 → 8 (gap 1.37e-09) at x=[0.50493  0.009861 0.783579], c/a=0.414097
  local 2: start 8 → 11 (gap 5.29e-09) at x=[0.004533 0.009066 0.874096], c/a=0.200652
  local 3: start 8 → 8 (gap 1.32e-09) at x=[0.045083 0.522542 0.131071], c/a=0.430308
  local 4: start 8 → 8 (gap 1.00e-09) at x=[0.072896 0.145792 0.180469], c/a=0.051251
  local 5: start 8 → 9 (gap 1.00e-09) at x=[0.690641 0.381281 0.724781], c/a=0.116130
  local 6: start 8 → 8 (gap 1.41e-09) at x=[0.509415 0.490585 0.223138], c/a=0.205551
  local 7: start 8 → 8 (gap 1.16e-09) at x=[0.894202 0.447101 0.349068], c/a=0.463491
  local 8: start 8 → 8 (gap 1.05e-09) at x=[0.576468 0.423532 0.250221], c/a=0.332322
  local 9: start 8 → 8 (gap 1.15e-09) at x=[0.445169 0.222584 0.456579], c/a=0.439203
  local 10: start 8 → 8 (gap 1.01e-09) at x=[0.630006 0.260013 0.951379], c/a=0.066745
  local 11: start 8 → 8 (gap 1.18e-09) at x=[0.199237 0.099618 0.746739], c/a=0.051953
  local 12: start 8 → 8 (gap 1.12e-09) at x=[0.573368 0.426632 0.304593], c/a=0.107731
  local 13: start 8 → 8 (gap 1.35e-09) at x=[0.510987 0.021975 0.161916], c/a=0.381052
  local 14: start 8 → 8 (gap 1.44e-09) at x=[0.169714 0.830286 0.317347], c/a=0.138180
  local 15: start 8 → 8 (gap 1.38e-09) at x=[0.735983 0.867992 0.842251], c/a=0.101540
  local 16: start 8 → 8 (gap 1.02e-09) at x=[0.171663 0.585832 0.955998], c/a=0.262613
  local 17: start 8 → 9 (gap 6.18e-09) at x=[0.985988 0.971977 0.889268], c/a=0.164195
  local 18: start 8 → 10 (gap 8.06e-09) at x=[0.33811  0.669055 0.989118], c/a=0.063195
  local 19: start 8 → 8 (gap 1.29e-09) at x=[0.781404 0.890702 0.094481], c/a=0.104005
  local 20: start 8 → 9 (gap 1.00e-09) at x=[0.039995 0.019997 0.073269], c/a=0.110942
  local 21: start 8 → 8 (gap 1.24e-09) at x=[0.114113 0.557056 0.932637], c/a=0.202789
  local 22: start 8 → 8 (gap 1.38e-09) at x=[0.841974 0.683947 0.76617 ], c/a=0.372972
  local 23: start 8 → 8 (gap 1.00e-09) at x=[0.733522 0.467044 0.147757], c/a=0.215634
  local 24: start 8 → 8 (gap 1.03e-09) at x=[0.512035 0.756018 0.144247], c/a=0.426203
BEST P 3 11 [0.00453278 0.00906555 0.87409572 0.20065159]
