P 32: random 8000 in 18s, top facet counts [(14, 7536), (16, 382), (18, 80), (20, 2)]
  local 0: start 20 → 20 (gap 5.42e-09) at x=[0.295361 0.628694 0.346782], c/a=0.496568
  local 1: start 20 → 20 (gap 3.89e-09) at x=[0.359105 0.692438 0.44803 ], c/a=0.411674
  local 2: start 18 → 18 (gap 4.59e-04) at x=[0.323091 0.661697 0.99495 ], c/a=0.063544
  local 3: start 18 → 20 (gap 3.56e-09) at x=[0.01987  0.01987  0.788535], c/a=0.362573
  local 4: start 18 → 20 (gap 5.32e-06) at x=[0.304201 0.666663 0.485993], c/a=0.436899
  local 5: start 18 → 18 (gap 1.24e-03) at x=[0.862163 0.931461 0.637991], c/a=0.090085
  local 6: start 18 → 20 (gap 2.31e-09) at x=[0.675478 0.342145 0.763366], c/a=0.242802
  local 7: start 18 → 20 (gap 5.27e-07) at x=[0.70207  0.368736 0.77557 ], c/a=0.480114
  local 8: start 18 → 18 (gap 1.78e-03) at x=[0.355067 0.711289 0.418886], c/a=0.120595
  local 9: start 18 → 20 (gap 4.85e-09) at x=[0.666667 0.36467  0.564972], c/a=0.452654
  local 10: start 18 → 18 (gap 2.01e-03) at x=[0.083809 0.166402 0.08742 ], c/a=0.110920
  local 11: start 18 → 20 (gap 3.60e-07) at x=[0.333334 0.672074 0.989771], c/a=0.190528
  local 12: start 18 → 20 (gap 4.24e-09) at x=[0.97554  0.97554  0.055332], c/a=0.401335
  local 13: start 18 → 20 (gap 5.62e-09) at x=[0.352051 0.685385 0.918495], c/a=0.352109
  local 14: start 18 → 18 (gap 3.88e-03) at x=[0.382646 0.76285  0.919464], c/a=0.167872
  local 15: start 18 → 18 (gap 4.38e-03) at x=[0.966967 0.936755 0.899632], c/a=0.185542
  local 16: start 18 → 18 (gap 4.05e-03) at x=[0.085115 0.917337 0.426165], c/a=0.157268
  local 17: start 18 → 18 (gap 4.07e-03) at x=[0.95633  0.041089 0.67378 ], c/a=0.174255
  local 18: start 18 → 18 (gap 4.65e-03) at x=[0.744483 0.258357 0.170283], c/a=0.171749
  local 19: start 18 → 18 (gap 3.89e-03) at x=[0.954455 0.975961 0.213442], c/a=0.178378
  local 20: start 18 → 18 (gap 4.57e-03) at x=[0.956473 0.910054 0.17198 ], c/a=0.183606
  local 21: start 18 → 20 (gap 3.02e-09) at x=[0.682077 0.348744 0.255543], c/a=0.320025
  local 22: start 18 → 18 (gap 5.11e-03) at x=[0.70541  0.414079 0.269316], c/a=0.196442
  local 23: start 18 → 20 (gap 3.54e-09) at x=[0.333333 0.689832 0.880949], c/a=0.390822
  local 24: start 18 → 20 (gap 1.92e-09) at x=[0.666667 0.34087  0.042597], c/a=0.224695
BEST P 32 20 [0.29536104 0.62869438 0.34678221 0.49656837]
