R 3: random 8000 in 51s, top facet counts [(12, 6814), (14, 977), (16, 209)]
  local 0: start 16 → 16 (gap 4.17e-09) at x=[0.333333 0.49891  0.719894], c/a=0.114853
  local 1: start 16 → 16 (gap 1.79e-09) at x=[1.       0.056156 0.558113], c/a=0.458457
  local 2: start 16 → 16 (gap 2.65e-09) at x=[0.666667 0.240077 0.862291], c/a=0.106216
  local 3: start 16 → 16 (gap 3.20e-09) at x=[0.       0.740866 0.556207], c/a=0.177591
  local 4: start 16 → 16 (gap 2.18e-09) at x=[0.399616 0.666667 0.888866], c/a=0.358093
  local 5: start 16 → 18 (gap 1.03e-09) at x=[0.975539 0.636241 0.154908], c/a=0.331777
  local 6: start 16 → 18 (gap 1.00e-09) at x=[0.667498 0.644472 0.461162], c/a=0.316029
  local 7: start 16 → 16 (gap 3.23e-09) at x=[1.       0.123421 0.461605], c/a=0.068654
  local 8: start 16 → 16 (gap 1.14e-09) at x=[0.319194 0.001567 0.359342], c/a=0.278798
  local 9: start 16 → 16 (gap 4.22e-09) at x=[0.666667 0.496828 0.543735], c/a=0.334512
  local 10: start 16 → 16 (gap 4.55e-09) at x=[0.666667 0.616733 0.241493], c/a=0.442267
  local 11: start 16 → 16 (gap 2.14e-09) at x=[0.       0.929002 0.328981], c/a=0.103968
  local 12: start 16 → 16 (gap 4.39e-09) at x=[0.333333 0.482169 0.403105], c/a=0.390309
  local 13: start 16 → 16 (gap 1.56e-09) at x=[0.034189 0.363842 0.270874], c/a=0.412813
  local 14: start 16 → 17 (gap 9.37e-09) at x=[0.692937 0.359604 0.761847], c/a=0.478568
  local 15: start 16 → 16 (gap 3.25e-09) at x=[0.666667 0.469064 0.312163], c/a=0.303784
  local 16: start 16 → 16 (gap 2.83e-09) at x=[0.423837 0.090503 0.213207], c/a=0.147050
  local 17: start 16 → 16 (gap 1.63e-09) at x=[0.28039  0.613723 0.84762 ], c/a=0.360030
  local 18: start 16 → 16 (gap 4.45e-09) at x=[0.333333 0.472911 0.03731 ], c/a=0.404941
  local 19: start 16 → 16 (gap 1.02e-09) at x=[0.356597 0.68993  0.933901], c/a=0.347410
  local 20: start 16 → 16 (gap 3.87e-09) at x=[0.964705 0.631371 0.131937], c/a=0.370343
  local 21: start 16 → 16 (gap 4.01e-09) at x=[0.730506 0.       0.222454], c/a=0.326619
  local 22: start 16 → 16 (gap 2.11e-09) at x=[0.644728 0.978061 0.558254], c/a=0.156968
  local 23: start 16 → 18 (gap 1.01e-09) at x=[0.658547 0.668685 0.079673], c/a=0.191145
  local 24: start 16 → 16 (gap 4.09e-09) at x=[0.140454 0.666667 0.006174], c/a=0.158107
BEST R 3 18 [0.97553871 0.63624061 0.15490836 0.33177677]
