P -3: random 8000 in 34s, top facet counts [(12, 7553), (14, 447)]
  local 0: start 14 → 16 (gap 2.35e-03) at x=[0.99841  0.016834 0.842725], c/a=0.085888
  local 1: start 14 → 14 (gap 1.00e-09) at x=[0.043016 0.521508 0.132386], c/a=0.429962
  local 2: start 14 → 14 (gap 1.00e-09) at x=[0.053629 0.514353 0.264913], c/a=0.463986
  local 3: start 14 → 14 (gap 1.00e-09) at x=[0.992182 0.894203 0.358911], c/a=0.196462
  local 4: start 14 → 15 (gap 1.80e-09) at x=[9.90394e-01 1.91000e-04 2.69320e-02], c/a=0.061272
  local 5: start 14 → 14 (gap 1.51e-09) at x=[0.518658 0.481342 0.229912], c/a=0.204677
  local 6: start 14 → 14 (gap 1.02e-09) at x=[0.847165 0.002016 0.88892 ], c/a=0.108020
  local 7: start 14 → 14 (gap 1.50e-09) at x=[0.894202 0.447101 0.349068], c/a=0.463491
  local 8: start 14 → 14 (gap 1.06e-09) at x=[0.576468 0.423532 0.250221], c/a=0.332322
  local 9: start 14 → 15 (gap 7.90e-04) at x=[0.000867 0.484908 0.325916], c/a=0.061798
  local 10: start 14 → 14 (gap 2.91e-09) at x=[0.98733  0.396837 0.633491], c/a=0.254441
  local 11: start 14 → 14 (gap 1.05e-09) at x=[0.569262 0.430738 0.305028], c/a=0.107878
  local 12: start 14 → 14 (gap 2.39e-09) at x=[0.682453 0.005121 0.969538], c/a=0.299173
  local 13: start 14 → 15 (gap 1.01e-09) at x=[0.997776 0.977634 0.092584], c/a=0.121408
  local 14: start 14 → 14 (gap 1.01e-09) at x=[0.169717 0.584859 0.961538], c/a=0.260564
  local 15: start 14 → 14 (gap 1.00e-09) at x=[3.30000e-04 1.27636e-01 4.61400e-01], c/a=0.068009
  local 16: start 14 → 14 (gap 3.11e-09) at x=[0.949258 0.709483 0.23606 ], c/a=0.451222
  local 17: start 14 → 14 (gap 1.12e-09) at x=[0.127741 0.148197 0.294589], c/a=0.290710
  local 18: start 14 → 14 (gap 1.10e-09) at x=[0.119818 0.559909 0.931809], c/a=0.202546
  local 19: start 14 → 14 (gap 4.31e-09) at x=[0.99899  0.341859 0.15486 ], c/a=0.068733
  local 20: start 14 → 14 (gap 1.61e-09) at x=[0.317158 0.322095 0.324149], c/a=0.147147
  local 21: start 14 → 14 (gap 2.17e-09) at x=[0.354281 0.003358 0.507445], c/a=0.478478
  local 22: start 14 → 14 (gap 1.00e-09) at x=[0.840159 0.997489 0.367765], c/a=0.113626
  local 23: start 14 → 14 (gap 3.26e-09) at x=[0.996725 0.318406 0.425853], c/a=0.161018
  local 24: start 14 → 14 (gap 1.21e-09) at x=[0.000811 0.464211 0.037322], c/a=0.108329
BEST P -3 16 [0.9984095  0.0168336  0.84272545 0.08588833]
