R -3: random 8000 in 97s, top facet counts [(14, 6641), (16, 1045), (18, 266), (20, 47), (22, 1)]
  local 0: start 22 → 22 (gap 5.51e-03) at x=[0.961968 0.038032 0.011471], c/a=0.493279
  local 1: start 20 → 20 (gap 1.02e-08) at x=[0.004437 0.445385 0.897179], c/a=0.254413
  local 2: start 20 → 20 (gap 1.91e-09) at x=[0.271659 0.336026 0.506113], c/a=0.152888
  local 3: start 20 → 20 (gap 2.55e-09) at x=[0.428725 0.426508 0.333333], c/a=0.130962
  local 4: start 20 → 20 (gap 2.55e-09) at x=[0.043654 0.329832 0.663254], c/a=0.175742
  local 5: start 20 → 20 (gap 2.46e-09) at x=[0.605379 0.00868  0.833333], c/a=0.261619
  local 6: start 20 → 20 (gap 2.31e-09) at x=[0.66354  0.800644 0.452577], c/a=0.198317
  local 7: start 20 → 20 (gap 2.54e-09) at x=[0.473184 0.004203 0.166666], c/a=0.216122
  local 8: start 20 → 20 (gap 2.71e-09) at x=[0.81438  0.670205 0.830728], c/a=0.179869
  local 9: start 20 → 20 (gap 2.28e-09) at x=[0.583858 0.589462 0.816407], c/a=0.213991
  local 10: start 20 → 20 (gap 2.19e-09) at x=[4.90690e-02 7.11867e-01 3.17000e-04], c/a=0.186468
  local 11: start 20 → 22 (gap 7.89e-03) at x=[0.216408 0.783592 0.72836 ], c/a=0.231951
  local 12: start 20 → 20 (gap 3.07e-09) at x=[0.996527 0.37175  0.77201 ], c/a=0.138384
  local 13: start 20 → 20 (gap 5.11e-04) at x=[0.631103 0.261801 0.942752], c/a=0.066714
  local 14: start 20 → 20 (gap 2.22e-09) at x=[0.565373 0.991539 0.833333], c/a=0.322832
  local 15: start 20 → 20 (gap 6.63e-04) at x=[0.736769 0.868611 0.847802], c/a=0.101804
  local 16: start 20 → 20 (gap 4.26e-09) at x=[0.678074 0.663847 0.961771], c/a=0.143665
  local 17: start 20 → 20 (gap 2.54e-09) at x=[0.258272 0.936815 0.124495], c/a=0.292067
  local 18: start 20 → 20 (gap 2.06e-09) at x=[0.609223 0.611778 0.666667], c/a=0.196607
  local 19: start 20 → 20 (gap 6.95e-04) at x=[0.050797 0.02587  0.068274], c/a=0.109691
  local 20: start 20 → 20 (gap 2.87e-09) at x=[0.65933  0.782763 0.432072], c/a=0.333843
  local 21: start 20 → 20 (gap 3.12e-09) at x=[0.992931 0.62913  0.775633], c/a=0.196134
  local 22: start 20 → 20 (gap 2.74e-09) at x=[0.278696 0.953304 0.114666], c/a=0.233412
  local 23: start 20 → 20 (gap 1.61e-03) at x=[0.688574 0.378258 0.724509], c/a=0.115269
  local 24: start 20 → 22 (gap 1.31e-02) at x=[0.770079 0.88504  0.940457], c/a=0.321626
BEST R -3 22 [0.96196774 0.03803226 0.01147133 0.49327863]
