P 3 1 2: random 8000 in 33s, top facet counts [(12, 469), (14, 7531)]
  local 0: start 14 → 14 (gap 2.26e-09) at x=[0.355403 0.416245 0.      ], c/a=0.102991
  local 1: start 14 → 16 (gap 1.00e-09) at x=[0.37122  0.634886 1.      ], c/a=0.058949
  local 2: start 14 → 14 (gap 2.04e-09) at x=[0.001554 0.432606 0.5     ], c/a=0.075452
  local 3: start 14 → 14 (gap 2.27e-09) at x=[0.371856 0.95592  0.5     ], c/a=0.072460
  local 4: start 14 → 14 (gap 1.84e-09) at x=[0.751618 0.901958 0.      ], c/a=0.073407
  local 5: start 14 → 14 (gap 1.14e-09) at x=[0.460658 0.657171 0.      ], c/a=0.055047
  local 6: start 14 → 14 (gap 1.70e-09) at x=[0.517097 0.635344 0.5     ], c/a=0.088290
  local 7: start 14 → 16 (gap 4.54e-09) at x=[0.311628 0.693322 0.5     ], c/a=0.061081
  local 8: start 14 → 14 (gap 1.27e-09) at x=[0.223765 0.716102 0.      ], c/a=0.056970
  local 9: start 14 → 14 (gap 1.38e-09) at x=[0.437675 0.955131 0.5     ], c/a=0.133172
  local 10: start 14 → 14 (gap 1.37e-09) at x=[0.942875 0.514708 0.5     ], c/a=0.050890
  local 11: start 14 → 14 (gap 1.86e-09) at x=[0.588425 0.741192 0.499999], c/a=0.050825
  local 12: start 14 → 14 (gap 1.04e-09) at x=[0.131971 0.996342 0.5     ], c/a=0.073994
  local 13: start 14 → 14 (gap 2.59e-09) at x=[0.588005 0.930264 0.5     ], c/a=0.059302
  local 14: start 14 → 14 (gap 2.00e-09) at x=[0.575573 0.687615 0.      ], c/a=0.077139
  local 15: start 14 → 14 (gap 1.48e-09) at x=[0.139495 0.62372  0.5     ], c/a=0.072286
  local 16: start 14 → 14 (gap 2.03e-09) at x=[0.659015 0.790622 1.      ], c/a=0.058193
  local 17: start 14 → 14 (gap 1.22e-09) at x=[0.452301 0.773548 0.5     ], c/a=0.075953
  local 18: start 14 → 14 (gap 1.58e-09) at x=[0.593199 0.184163 0.      ], c/a=0.074847
  local 19: start 14 → 16 (gap 2.67e-09) at x=[0.933214 0.937011 0.      ], c/a=0.065238
  local 20: start 14 → 14 (gap 1.07e-09) at x=[0.871563 0.953348 0.      ], c/a=0.069331
  local 21: start 14 → 14 (gap 2.20e-09) at x=[0.201363 0.04947  0.5     ], c/a=0.297993
  local 22: start 14 → 14 (gap 2.01e-09) at x=[0.156701 0.791445 0.499999], c/a=0.050838
  local 23: start 14 → 14 (gap 1.69e-09) at x=[0.517901 0.231652 0.999999], c/a=0.052013
  local 24: start 14 → 14 (gap 1.36e-09) at x=[0.188346 0.013098 1.      ], c/a=0.092088
BEST P 3 1 2 16 [ 3.71220087e-01  6.34886250e-01 -1.28607085e-07  5.89490309e-02]
