P 3 2 1: random 8000 in 34s, top facet counts [(14, 7716), (16, 284)]
  local 0: start 16 → 16 (gap 1.00e-09) at x=[0.042372 0.521186 0.13276 ], c/a=0.430483
  local 1: start 16 → 16 (gap 1.00e-09) at x=[0.053514 0.514926 0.265651], c/a=0.463573
  local 2: start 16 → 18 (gap 2.36e-03) at x=[0.99841  0.01699  0.842828], c/a=0.085878
  local 3: start 16 → 16 (gap 1.00e-09) at x=[0.505559 0.494894 0.244182], c/a=0.206595
  local 4: start 16 → 16 (gap 1.02e-09) at x=[0.99215  0.894976 0.358368], c/a=0.196640
  local 5: start 16 → 16 (gap 1.63e-09) at x=[0.90968  0.45484  0.355851], c/a=0.462999
  local 6: start 16 → 16 (gap 1.01e-09) at x=[0.847165 0.002016 0.88892 ], c/a=0.108020
  local 7: start 16 → 16 (gap 1.43e-09) at x=[0.576436 0.423564 0.25126 ], c/a=0.333873
  local 8: start 16 → 16 (gap 1.00e-09) at x=[0.487453 0.999688 0.475   ], c/a=0.081021
  local 9: start 16 → 16 (gap 1.82e-09) at x=[0.031006 0.515503 0.421285], c/a=0.170459
  local 10: start 16 → 16 (gap 1.44e-09) at x=[0.570878 0.429122 0.314963], c/a=0.107434
  local 11: start 16 → 16 (gap 1.00e-09) at x=[0.470601 0.966468 0.41379 ], c/a=0.484764
  local 12: start 16 → 16 (gap 3.38e-09) at x=[0.498308 0.501692 0.500867], c/a=0.286600
  local 13: start 16 → 16 (gap 1.00e-09) at x=[0.479979 0.475733 0.299164], c/a=0.132915
  local 14: start 16 → 18 (gap 1.48e-04) at x=[0.002206 0.997499 0.089555], c/a=0.122477
  local 15: start 16 → 16 (gap 1.33e-09) at x=[0.172495 0.586248 0.953051], c/a=0.259615
  local 16: start 16 → 16 (gap 1.00e-09) at x=[0.454915 0.002235 0.86191 ], c/a=0.105739
  local 17: start 16 → 16 (gap 1.61e-09) at x=[0.460235 0.539765 0.361586], c/a=0.452790
  local 18: start 16 → 16 (gap 1.00e-09) at x=[0.508353 0.484352 0.41812 ], c/a=0.418643
  local 19: start 16 → 16 (gap 2.22e-09) at x=[0.950264 0.688603 0.250962], c/a=0.446036
  local 20: start 16 → 16 (gap 1.85e-09) at x=[0.115051 0.557525 0.939692], c/a=0.204102
  local 21: start 16 → 16 (gap 1.06e-09) at x=[0.126208 0.146471 0.295307], c/a=0.289483
  local 22: start 16 → 16 (gap 1.00e-09) at x=[0.003672 0.501836 0.770553], c/a=0.092662
  local 23: start 16 → 16 (gap 1.03e-09) at x=[0.311413 0.316454 0.317315], c/a=0.147443
  local 24: start 16 → 16 (gap 1.19e-09) at x=[0.038588 0.519294 0.339029], c/a=0.121768
BEST P 3 2 1 18 [0.99841043 0.01699008 0.84282811 0.0858784 ]
