P 31 1 2: random 8000 in 34s, top facet counts [(16, 140), (17, 202), (18, 80), (19, 5834), (20, 1744)]
  local 0: start 20 → 21 (gap 1.00e-09) at x=[0.776756 0.223244 0.333333], c/a=0.053937
  local 1: start 20 → 20 (gap 2.69e-09) at x=[0.798838 0.597678 0.666666], c/a=0.055707
  local 2: start 20 → 21 (gap 1.00e-09) at x=[0.501864 0.750932 1.      ], c/a=0.051189
  local 3: start 20 → 20 (gap 1.00e-09) at x=[0.892949 0.785899 0.166666], c/a=0.051171
  local 4: start 20 → 20 (gap 1.98e-09) at x=[0.598672 0.299337 0.999999], c/a=0.063895
  local 5: start 20 → 20 (gap 1.00e-09) at x=[0.718631 0.437262 0.666667], c/a=0.087936
  local 6: start 20 → 20 (gap 1.07e-09) at x=[0.482962 0.24148  0.5     ], c/a=0.051826
  local 7: start 20 → 20 (gap 1.26e-09) at x=[0.228629 0.114315 0.      ], c/a=0.060371
  local 8: start 20 → 20 (gap 1.23e-09) at x=[0.922239 0.461119 1.      ], c/a=0.058151
  local 9: start 20 → 20 (gap 1.00e-09) at x=[0.727883 0.455764 0.666667], c/a=0.054621
  local 10: start 20 → 20 (gap 1.37e-09) at x=[9.41279e-01 9.70639e-01 1.00000e-06], c/a=0.052749
  local 11: start 20 → 20 (gap 1.95e-09) at x=[0.709215 0.354607 0.499999], c/a=0.067573
  local 12: start 20 → 20 (gap 2.38e-09) at x=[0.017051 0.508525 0.5     ], c/a=0.077926
  local 13: start 20 → 20 (gap 9.82e-07) at x=[0.529383 0.058433 0.666926], c/a=0.062246
  local 14: start 20 → 20 (gap 1.30e-09) at x=[0.482882 0.741441 0.5     ], c/a=0.061075
  local 15: start 20 → 20 (gap 4.44e-07) at x=[0.182666 0.817765 0.333399], c/a=0.055432
  local 16: start 20 → 20 (gap 1.24e-09) at x=[0.105659 0.552829 0.5     ], c/a=0.061878
  local 17: start 20 → 20 (gap 1.55e-09) at x=[0.605536 0.394464 0.833333], c/a=0.070180
  local 18: start 20 → 21 (gap 1.00e-09) at x=[0.111638 0.223276 0.666667], c/a=0.077754
  local 19: start 20 → 20 (gap 2.57e-09) at x=[0.226938 0.453875 0.666667], c/a=0.134351
  local 20: start 20 → 21 (gap 8.49e-09) at x=[0.276739 0.553477 0.666667], c/a=0.077680
  local 21: start 20 → 21 (gap 8.67e-09) at x=[0.273055 0.546109 0.666667], c/a=0.054124
  local 22: start 20 → 20 (gap 1.77e-09) at x=[0.832744 0.916372 0.5     ], c/a=0.084849
  local 23: start 20 → 20 (gap 1.05e-09) at x=[0.432071 0.567928 0.333333], c/a=0.050093
  local 24: start 20 → 20 (gap 1.91e-05) at x=[0.795853 0.221251 0.337577], c/a=0.053629
BEST P 31 1 2 21 [0.77675571 0.22324402 0.33333332 0.05393667]
