P 31 2 1: random 8000 in 34s, top facet counts [(18, 108), (19, 1913), (20, 662), (21, 62), (22, 8), (23, 12)]
  local 0: start 23 → 25 (gap 2.63e-09) at x=[0.041204 0.514351 0.646655], c/a=0.301259
  local 1: start 23 → 23 (gap 1.10e-05) at x=[0.629776 0.25979  0.951876], c/a=0.067052
  local 2: start 23 → 25 (gap 3.29e-09) at x=[0.362772 0.724168 0.422687], c/a=0.120304
  local 3: start 23 → 23 (gap 9.40e-09) at x=[0.383847 0.754569 0.418023], c/a=0.413710
  local 4: start 23 → 25 (gap 3.68e-09) at x=[0.471598 0.515761 0.013485], c/a=0.295916
  local 5: start 23 → 25 (gap 3.86e-09) at x=[0.135924 0.556852 0.623071], c/a=0.413512
  local 6: start 23 → 23 (gap 3.47e-09) at x=[0.085488 0.540376 0.139366], c/a=0.258317
  local 7: start 23 → 23 (gap 5.90e-04) at x=[0.4079   0.001573 0.860774], c/a=0.151949
  local 8: start 23 → 23 (gap 1.37e-07) at x=[0.208203 0.595755 0.085474], c/a=0.287387
  local 9: start 23 → 23 (gap 6.28e-04) at x=[0.533569 0.060399 0.790116], c/a=0.156418
  local 10: start 23 → 25 (gap 4.86e-09) at x=[0.546389 0.427117 0.454889], c/a=0.457669
  local 11: start 23 → 25 (gap 5.24e-09) at x=[0.569229 0.406051 0.949411], c/a=0.441092
  local 12: start 22 → 23 (gap 2.40e-05) at x=[0.660813 0.339241 0.163722], c/a=0.167758
  local 13: start 22 → 23 (gap 2.06e-08) at x=[0.36503  0.731013 0.77436 ], c/a=0.139845
  local 14: start 22 → 24 (gap 2.97e-05) at x=[0.56601  0.431119 0.999086], c/a=0.130067
  local 15: start 22 → 23 (gap 4.90e-05) at x=[0.390732 0.606255 0.093734], c/a=0.193329
  local 16: start 22 → 25 (gap 3.79e-09) at x=[0.556933 0.463199 0.529818], c/a=0.382961
  local 17: start 22 → 22 (gap 3.05e-08) at x=[0.618375 0.362876 0.368949], c/a=0.284584
  local 18: start 22 → 25 (gap 4.99e-09) at x=[0.364243 0.651139 0.448123], c/a=0.324321
  local 19: start 22 → 24 (gap 8.26e-05) at x=[0.021099 0.004404 0.38773 ], c/a=0.415908
  local 20: start 21 → 25 (gap 2.21e-09) at x=[0.041498 0.523909 0.680223], c/a=0.295041
  local 21: start 21 → 23 (gap 3.66e-07) at x=[3.00000e-06 5.60638e-01 1.66669e-01], c/a=0.441724
  local 22: start 21 → 21 (gap 3.23e-09) at x=[0.616996 0.380819 0.989969], c/a=0.481163
  local 23: start 21 → 23 (gap 1.24e-02) at x=[0.159661 0.148058 0.418644], c/a=0.329547
  local 24: start 21 → 21 (gap 8.93e-09) at x=[0.569979 0.429872 0.308524], c/a=0.107723
BEST P 31 2 1 25 [0.04120402 0.51435073 0.64665486 0.30125929]
