P 32 1 2: random 8000 in 34s, top facet counts [(17, 216), (18, 86), (19, 5827), (20, 1744), (21, 1), (22, 6)]
  local 0: start 22 → 22 (gap 1.08e-09) at x=[0.984206 0.002671 0.994793], c/a=0.282670
  local 1: start 22 → 22 (gap 8.30e-09) at x=[0.447932 0.724406 0.792532], c/a=0.074465
  local 2: start 22 → 22 (gap 1.00e-09) at x=[0.677484 0.336245 0.170182], c/a=0.171042
  local 3: start 22 → 22 (gap 1.03e-09) at x=[0.678484 0.326055 0.491928], c/a=0.149159
  local 4: start 22 → 22 (gap 1.00e-09) at x=[0.318038 0.668506 0.670748], c/a=0.306326
  local 5: start 22 → 22 (gap 1.74e-09) at x=[0.301022 0.666338 0.492247], c/a=0.447103
  local 6: start 21 → 22 (gap 1.95e-09) at x=[0.012529 0.976134 0.848289], c/a=0.235861
  local 7: start 20 → 20 (gap 3.77e-07) at x=[0.317269 0.658625 0.999733], c/a=0.063537
  local 8: start 20 → 20 (gap 1.28e-09) at x=[0.257105 0.742896 0.666667], c/a=0.060089
  local 9: start 20 → 20 (gap 4.27e-08) at x=[0.522418 0.477536 0.166658], c/a=0.052085
  local 10: start 20 → 21 (gap 1.00e-09) at x=[0.518571 0.259286 0.5     ], c/a=0.052077
  local 11: start 20 → 20 (gap 3.40e-07) at x=[0.544713 0.454929 0.666585], c/a=0.051414
  local 12: start 20 → 20 (gap 1.22e-09) at x=[0.950475 0.475238 1.      ], c/a=0.058389
  local 13: start 20 → 20 (gap 3.25e-09) at x=[0.857103 0.1429   0.166666], c/a=0.051422
  local 14: start 20 → 20 (gap 1.48e-09) at x=[0.947382 0.894764 0.333333], c/a=0.072621
  local 15: start 20 → 20 (gap 1.63e-09) at x=[0.694627 0.389254 0.333332], c/a=0.055212
  local 16: start 20 → 20 (gap 1.00e-09) at x=[0.952975 0.047026 0.666667], c/a=0.052979
  local 17: start 20 → 20 (gap 1.16e-09) at x=[0.602086 0.204171 0.833333], c/a=0.059034
  local 18: start 20 → 20 (gap 2.74e-09) at x=[0.009865 0.504933 0.5     ], c/a=0.078749
  local 19: start 20 → 20 (gap 1.08e-09) at x=[0.195607 0.804394 0.166667], c/a=0.052814
  local 20: start 20 → 20 (gap 1.00e-09) at x=[0.537255 0.268628 0.5     ], c/a=0.054035
  local 21: start 20 → 22 (gap 5.28e-09) at x=[0.032003 0.985078 0.487489], c/a=0.355886
  local 22: start 20 → 20 (gap 2.25e-09) at x=[0.280843 0.719156 0.166666], c/a=0.081797
  local 23: start 20 → 20 (gap 4.27e-09) at x=[0.729406 0.364703 0.5     ], c/a=0.171126
  local 24: start 20 → 20 (gap 1.00e-09) at x=[0.375099 0.624902 0.666667], c/a=0.071685
BEST P 32 1 2 22 [0.9842063  0.00267113 0.99479318 0.2826702 ]
