P 32 2 1: random 8000 in 34s, top facet counts [(19, 1851), (20, 683), (21, 51), (22, 5), (23, 9), (25, 1)]
  local 0: start 25 → 25 (gap 5.06e-09) at x=[0.433154 0.584686 0.554449], c/a=0.385431
  local 1: start 23 → 23 (gap 8.59e-04) at x=[0.999053 0.25472  0.793807], c/a=0.120924
  local 2: start 23 → 25 (gap 6.09e-09) at x=[0.652783 0.340256 0.064356], c/a=0.228228
  local 3: start 23 → 23 (gap 1.36e-03) at x=[0.539596 0.089029 0.097407], c/a=0.179130
  local 4: start 23 → 23 (gap 1.72e-03) at x=[0.521969 0.987952 0.602377], c/a=0.184825
  local 5: start 23 → 23 (gap 3.39e-03) at x=[0.552251 0.120966 0.065823], c/a=0.231290
  local 6: start 23 → 25 (gap 5.10e-09) at x=[0.421112 0.822465 0.095335], c/a=0.432626
  local 7: start 23 → 23 (gap 2.56e-03) at x=[0.562251 0.014835 0.691441], c/a=0.369594
  local 8: start 23 → 23 (gap 4.09e-03) at x=[0.409013 0.890673 0.322148], c/a=0.378124
  local 9: start 23 → 23 (gap 7.40e-03) at x=[0.406932 0.384768 0.052284], c/a=0.405948
  local 10: start 22 → 23 (gap 1.39e-08) at x=[0.402512 0.600585 0.546303], c/a=0.244163
  local 11: start 22 → 24 (gap 8.92e-05) at x=[0.386235 0.793134 0.667145], c/a=0.328919
  local 12: start 22 → 24 (gap 4.82e-04) at x=[0.354477 0.721621 0.171084], c/a=0.252629
  local 13: start 22 → 22 (gap 1.72e-08) at x=[0.600255 0.354279 0.158547], c/a=0.407438
  local 14: start 22 → 25 (gap 5.61e-09) at x=[0.412344 0.615843 0.050746], c/a=0.458449
  local 15: start 21 → 23 (gap 1.19e-03) at x=[0.449696 0.538535 0.851518], c/a=0.152433
  local 16: start 21 → 23 (gap 1.80e-02) at x=[0.735959 0.764659 0.134375], c/a=0.407525
  local 17: start 21 → 25 (gap 2.53e-09) at x=[0.029458 0.513655 0.345175], c/a=0.122929
  local 18: start 21 → 21 (gap 1.60e-09) at x=[0.975967 0.489284 0.708061], c/a=0.268682
  local 19: start 21 → 21 (gap 1.12e-08) at x=[0.630093 0.260111 0.952802], c/a=0.066975
  local 20: start 21 → 25 (gap 2.74e-09) at x=[0.501487 0.024358 0.157787], c/a=0.381438
  local 21: start 21 → 21 (gap 9.90e-09) at x=[0.583047 0.416857 0.311399], c/a=0.107039
  local 22: start 21 → 23 (gap 2.92e-04) at x=[8.42263e-01 2.83000e-04 2.14703e-01], c/a=0.066080
  local 23: start 21 → 25 (gap 5.01e-09) at x=[0.873596 0.420562 0.791449], c/a=0.496225
  local 24: start 21 → 23 (gap 3.24e-09) at x=[0.081729 0.548757 0.805385], c/a=0.455771
BEST P 32 2 1 25 [0.43315444 0.58468561 0.55444904 0.38543143]
