R 3 2: random 8000 in 98s, top facet counts [(18, 121), (19, 93), (20, 1376), (21, 712), (22, 226), (23, 7)]
  local 0: start 23 → 23 (gap 8.85e-09) at x=[0.843968 0.857705 0.938406], c/a=0.472060
  local 1: start 23 → 23 (gap 3.68e-04) at x=[0.58756  0.924168 0.129102], c/a=0.349392
  local 2: start 23 → 23 (gap 7.99e-09) at x=[0.205504 0.541962 0.623589], c/a=0.246926
  local 3: start 23 → 23 (gap 1.58e-03) at x=[0.063827 0.392896 0.759677], c/a=0.232144
  local 4: start 23 → 23 (gap 1.58e-03) at x=[0.39969  0.327867 0.254374], c/a=0.293529
  local 5: start 23 → 23 (gap 2.80e-03) at x=[0.087228 0.676748 0.746921], c/a=0.396296
  local 6: start 23 → 23 (gap 8.18e-09) at x=[0.300162 0.885706 0.26828 ], c/a=0.496000
  local 7: start 22 → 22 (gap 3.16e-04) at x=[0.283457 0.716765 0.182823], c/a=0.055966
  local 8: start 22 → 22 (gap 4.93e-04) at x=[0.535468 0.376765 0.882121], c/a=0.052970
  local 9: start 22 → 23 (gap 1.18e-04) at x=[0.344012 0.329507 0.261189], c/a=0.279493
  local 10: start 22 → 22 (gap 4.99e-04) at x=[0.433436 0.212661 0.770654], c/a=0.053080
  local 11: start 22 → 22 (gap 3.47e-04) at x=[0.083497 0.041749 0.512852], c/a=0.061317
  local 12: start 22 → 22 (gap 4.52e-05) at x=[0.84112  0.173588 0.166214], c/a=0.050009
  local 13: start 22 → 22 (gap 4.27e-04) at x=[0.042861 0.02143  0.505929], c/a=0.088836
  local 14: start 22 → 22 (gap 4.91e-04) at x=[0.476087 0.220218 0.286038], c/a=0.055139
  local 15: start 22 → 22 (gap 5.52e-04) at x=[0.2317   0.713766 0.702656], c/a=0.060137
  local 16: start 22 → 22 (gap 5.37e-04) at x=[0.627153 0.391294 0.851624], c/a=0.069046
  local 17: start 22 → 22 (gap 4.07e-04) at x=[0.426415 0.815313 0.133013], c/a=0.052894
  local 18: start 22 → 22 (gap 5.11e-04) at x=[0.567932 0.086411 0.910273], c/a=0.050002
  local 19: start 22 → 22 (gap 4.02e-04) at x=[0.780985 0.389064 0.352996], c/a=0.060973
  local 20: start 22 → 22 (gap 3.84e-04) at x=[0.933311 0.866865 0.523797], c/a=0.057931
  local 21: start 22 → 22 (gap 4.97e-04) at x=[0.078285 0.156549 0.469787], c/a=0.063224
  local 22: start 22 → 22 (gap 4.82e-04) at x=[0.415715 0.204608 0.760232], c/a=0.050034
  local 23: start 22 → 22 (gap 6.08e-04) at x=[0.508508 0.112954 0.401977], c/a=0.055297
  local 24: start 22 → 22 (gap 3.70e-04) at x=[0.420065 0.586497 0.132215], c/a=0.052438
BEST R 3 2 23 [0.84396773 0.85770481 0.93840574 0.47205983]
