P 3 c 1: random 8000 in 34s, top facet counts [(12, 737), (14, 7263)]
  local 0: start 14 → 14 (gap 3.38e-04) at x=[0.593899 0.406777 0.306995], c/a=0.051902
  local 1: start 14 → 14 (gap 3.58e-04) at x=[0.59559  0.797437 0.490243], c/a=0.053409
  local 2: start 14 → 14 (gap 3.97e-04) at x=[0.028174 0.971032 0.684225], c/a=0.056079
  local 3: start 14 → 14 (gap 3.21e-04) at x=[0.017824 0.009232 0.687488], c/a=0.050021
  local 4: start 14 → 14 (gap 3.21e-04) at x=[0.678033 0.32261  0.392551], c/a=0.050192
  local 5: start 14 → 14 (gap 3.18e-04) at x=[0.931271 0.965954 0.839948], c/a=0.050284
  local 6: start 14 → 14 (gap 3.25e-04) at x=[0.656821 0.314292 0.21908 ], c/a=0.050428
  local 7: start 14 → 14 (gap 3.16e-04) at x=[0.310711 0.620791 0.47926 ], c/a=0.050003
  local 8: start 14 → 14 (gap 3.29e-04) at x=[0.633338 0.266019 0.055992], c/a=0.051083
  local 9: start 14 → 14 (gap 3.38e-04) at x=[0.986177 0.014498 0.865073], c/a=0.051533
  local 10: start 14 → 14 (gap 3.15e-04) at x=[0.283197 0.567025 0.152701], c/a=0.050094
  local 11: start 14 → 14 (gap 3.16e-04) at x=[0.410591 0.59004  0.973479], c/a=0.050165
  local 12: start 14 → 14 (gap 3.19e-04) at x=[0.231238 0.615938 0.785676], c/a=0.050396
  local 13: start 14 → 14 (gap 3.15e-04) at x=[0.735543 0.470456 0.606067], c/a=0.050121
  local 14: start 14 → 14 (gap 3.20e-04) at x=[0.509114 0.754877 0.976948], c/a=0.050530
  local 15: start 14 → 14 (gap 3.74e-04) at x=[0.997548 0.001704 0.62963 ], c/a=0.050758
  local 16: start 14 → 14 (gap 3.18e-04) at x=[0.756845 0.243791 0.394849], c/a=0.050355
  local 17: start 14 → 14 (gap 6.48e-04) at x=[0.71408  0.355314 0.857509], c/a=0.050000
  local 18: start 14 → 14 (gap 3.45e-04) at x=[0.671853 0.336272 0.285654], c/a=0.050236
  local 19: start 14 → 14 (gap 3.19e-04) at x=[0.816571 0.182792 0.180718], c/a=0.050433
  local 20: start 14 → 14 (gap 3.16e-04) at x=[0.522384 0.760876 0.837548], c/a=0.050184
  local 21: start 14 → 14 (gap 3.29e-04) at x=[0.082236 0.040789 0.622951], c/a=0.051147
  local 22: start 14 → 14 (gap 3.28e-04) at x=[0.441852 0.557493 0.431354], c/a=0.051127
  local 23: start 14 → 14 (gap 3.16e-04) at x=[0.623362 0.247357 0.466455], c/a=0.050147
  local 24: start 14 → 14 (gap 3.15e-04) at x=[0.564293 0.281832 0.505613], c/a=0.050059
BEST P 3 c 1 14 [0.59389897 0.40677714 0.30699498 0.05190181]
