P 3 1 c: random 8000 in 35s, top facet counts [(14, 7626), (16, 374)]
  local 0: start 16 → 16 (gap 1.20e-09) at x=[0.520411 0.479589 0.222485], c/a=0.207047
  local 1: start 16 → 16 (gap 1.01e-09) at x=[0.001425 0.434321 0.499304], c/a=0.075499
  local 2: start 16 → 16 (gap 1.16e-09) at x=[0.906307 0.453154 0.361168], c/a=0.465151
  local 3: start 16 → 16 (gap 1.01e-09) at x=[0.995684 0.140448 0.050181], c/a=0.131395
  local 4: start 16 → 16 (gap 1.00e-09) at x=[0.44077  0.998777 0.041211], c/a=0.069951
  local 5: start 16 → 16 (gap 1.36e-09) at x=[0.578446 0.421554 0.25177 ], c/a=0.329786
  local 6: start 16 → 16 (gap 1.00e-09) at x=[0.002482 0.401209 0.887618], c/a=0.099644
  local 7: start 16 → 16 (gap 1.01e-09) at x=[0.62884  0.25768  0.949188], c/a=0.066552
  local 8: start 16 → 16 (gap 1.01e-09) at x=[0.482096 0.477745 0.299129], c/a=0.131919
  local 9: start 16 → 16 (gap 1.07e-09) at x=[0.031006 0.515503 0.421285], c/a=0.170459
  local 10: start 16 → 16 (gap 1.44e-09) at x=[0.570878 0.429122 0.314963], c/a=0.107434
  local 11: start 16 → 16 (gap 1.00e-09) at x=[0.004804 0.490026 0.442156], c/a=0.138614
  local 12: start 16 → 16 (gap 1.10e-09) at x=[0.457582 0.542418 0.34786 ], c/a=0.454266
  local 13: start 16 → 16 (gap 1.21e-09) at x=[0.07681  0.052086 0.830173], c/a=0.314477
  local 14: start 16 → 16 (gap 1.00e-09) at x=[0.005705 0.437054 0.515131], c/a=0.151058
  local 15: start 16 → 16 (gap 1.00e-09) at x=[0.506414 0.012828 0.506247], c/a=0.107498
  local 16: start 16 → 16 (gap 1.22e-09) at x=[0.012337 0.719551 0.714229], c/a=0.222143
  local 17: start 16 → 16 (gap 1.14e-09) at x=[0.184012 0.592006 0.969189], c/a=0.259901
  local 18: start 16 → 16 (gap 1.00e-09) at x=[0.996568 0.507359 0.087545], c/a=0.117165
  local 19: start 16 → 16 (gap 2.27e-09) at x=[0.950262 0.688625 0.250878], c/a=0.446042
  local 20: start 16 → 16 (gap 1.45e-09) at x=[0.115051 0.557525 0.939692], c/a=0.204102
  local 21: start 16 → 16 (gap 1.00e-09) at x=[0.022634 0.533482 0.654188], c/a=0.300895
  local 22: start 16 → 16 (gap 1.00e-09) at x=[0.464779 0.514829 0.566007], c/a=0.447435
  local 23: start 16 → 18 (gap 8.73e-03) at x=[0.004624 0.070755 0.942803], c/a=0.135997
  local 24: start 16 → 16 (gap 1.00e-09) at x=[0.002164 0.500917 0.732044], c/a=0.093021
BEST P 3 1 c 18 [0.00462377 0.07075482 0.94280274 0.13599664]
