R 3 c: random 8000 in 97s, top facet counts [(14, 6868), (16, 981), (18, 145), (20, 6)]
  local 0: start 20 → 20 (gap 2.68e-09) at x=[0.955009 0.286846 0.135937], c/a=0.164125
  local 1: start 20 → 20 (gap 2.41e-09) at x=[0.969335 0.303736 0.04958 ], c/a=0.138633
  local 2: start 20 → 20 (gap 2.67e-09) at x=[0.69491  0.667811 0.96738 ], c/a=0.143520
  local 3: start 20 → 20 (gap 2.42e-09) at x=[0.045582 0.714117 0.017482], c/a=0.183402
  local 4: start 20 → 20 (gap 2.79e-09) at x=[0.002127 0.637322 0.785263], c/a=0.195658
  local 5: start 20 → 20 (gap 5.83e-09) at x=[0.340913 0.022676 0.504993], c/a=0.369372
  local 6: start 18 → 18 (gap 1.80e-09) at x=[0.999352 0.471603 0.041464], c/a=0.107972
  local 7: start 18 → 18 (gap 1.99e-09) at x=[0.875481 0.664739 0.129488], c/a=0.186297
  local 8: start 18 → 18 (gap 1.10e-09) at x=[0.734209 0.067308 0.205145], c/a=0.064975
  local 9: start 18 → 18 (gap 1.59e-09) at x=[0.661894 0.749857 0.228984], c/a=0.293111
  local 10: start 18 → 18 (gap 2.19e-09) at x=[0.666911 0.847653 0.821836], c/a=0.066327
  local 11: start 18 → 18 (gap 1.42e-09) at x=[0.670233 0.919807 0.845291], c/a=0.253356
  local 12: start 18 → 18 (gap 1.23e-09) at x=[0.334578 0.250727 0.722259], c/a=0.149702
  local 13: start 18 → 20 (gap 3.08e-09) at x=[0.662377 0.715914 0.822176], c/a=0.277885
  local 14: start 18 → 18 (gap 1.71e-09) at x=[4.77384e-01 3.53000e-04 4.75533e-01], c/a=0.079761
  local 15: start 18 → 18 (gap 1.47e-09) at x=[0.759653 0.669764 0.08979 ], c/a=0.236107
  local 16: start 18 → 18 (gap 1.36e-09) at x=[0.439074 0.43808  0.339425], c/a=0.133732
  local 17: start 18 → 18 (gap 2.16e-09) at x=[4.71000e-04 5.19762e-01 7.65829e-01], c/a=0.092088
  local 18: start 18 → 20 (gap 2.23e-09) at x=[0.703459 0.665744 0.096858], c/a=0.128852
  local 19: start 18 → 18 (gap 2.35e-09) at x=[0.664492 0.797345 0.447988], c/a=0.197853
  local 20: start 18 → 18 (gap 1.33e-09) at x=[0.559448 0.998912 0.210995], c/a=0.139973
  local 21: start 18 → 18 (gap 1.72e-09) at x=[0.338223 0.110293 0.788761], c/a=0.296679
  local 22: start 18 → 18 (gap 1.88e-09) at x=[0.6665   0.816404 0.498298], c/a=0.054714
  local 23: start 18 → 18 (gap 2.95e-09) at x=[0.664735 0.856767 0.252097], c/a=0.186458
  local 24: start 18 → 18 (gap 1.85e-09) at x=[2.17000e-04 4.80108e-01 3.22287e-01], c/a=0.062495
BEST R 3 c 20 [0.95500908 0.28684592 0.13593654 0.16412473]
