P -3 1 c: random 8000 in 65s, top facet counts [(12, 5), (14, 1595), (16, 6399), (17, 1)]
  local 0: start 17 → 17 (gap 4.07e-06) at x=[0.200506 0.100359 0.74522 ], c/a=0.052447
  local 1: start 16 → 16 (gap 2.00e-09) at x=[0.35672  0.415566 1.      ], c/a=0.102992
  local 2: start 16 → 16 (gap 1.00e-09) at x=[3.70886e-01 6.33623e-01 1.00000e-06], c/a=0.058847
  local 3: start 16 → 16 (gap 1.00e-09) at x=[0.310937 0.695484 0.500014], c/a=0.060129
  local 4: start 16 → 16 (gap 1.93e-09) at x=[0.001603 0.4325   0.499999], c/a=0.075486
  local 5: start 16 → 16 (gap 1.37e-09) at x=[0.374285 0.958017 0.5     ], c/a=0.072409
  local 6: start 16 → 18 (gap 1.00e-09) at x=[0.622041 0.328636 0.25    ], c/a=0.051679
  local 7: start 16 → 16 (gap 1.28e-09) at x=[0.93121  0.484182 0.750001], c/a=0.054223
  local 8: start 16 → 17 (gap 1.00e-09) at x=[0.708305 0.425362 0.75    ], c/a=0.093338
  local 9: start 16 → 16 (gap 1.00e-09) at x=[0.212497 0.700572 0.999999], c/a=0.056270
  local 10: start 16 → 16 (gap 1.99e-09) at x=[4.55637e-01 6.57416e-01 1.00000e-06], c/a=0.055222
  local 11: start 16 → 16 (gap 1.00e-09) at x=[0.459772 0.745527 0.500002], c/a=0.063339
  local 12: start 16 → 16 (gap 2.07e-09) at x=[0.526271 0.647191 0.5     ], c/a=0.087756
  local 13: start 16 → 16 (gap 1.00e-09) at x=[0.454084 0.723802 0.999995], c/a=0.090709
  local 14: start 16 → 16 (gap 1.93e-09) at x=[0.443018 0.035321 0.75    ], c/a=0.080527
  local 15: start 16 → 16 (gap 1.55e-09) at x=[0.755392 0.91733  1.      ], c/a=0.073945
  local 16: start 16 → 16 (gap 2.75e-09) at x=[0.436215 0.955786 0.5     ], c/a=0.133404
  local 17: start 16 → 16 (gap 1.80e-09) at x=[0.552498 0.610707 0.749999], c/a=0.057317
  local 18: start 16 → 16 (gap 1.00e-09) at x=[0.636551 0.245567 0.250001], c/a=0.058431
  local 19: start 16 → 16 (gap 1.58e-09) at x=[0.95634  0.513503 0.500001], c/a=0.050917
  local 20: start 16 → 18 (gap 1.00e-09) at x=[0.292534 0.583905 0.25    ], c/a=0.059881
  local 21: start 16 → 16 (gap 1.00e-09) at x=[0.226756 0.777877 0.500012], c/a=0.055534
  local 22: start 16 → 16 (gap 1.00e-09) at x=[5.22750e-01 2.38289e-01 2.00000e-06], c/a=0.053060
  local 23: start 16 → 16 (gap 2.54e-09) at x=[0.581603 0.71999  0.499999], c/a=0.050429
  local 24: start 16 → 16 (gap 1.51e-06) at x=[0.329597 0.656798 0.551417], c/a=0.067702
BEST P -3 1 c 18 [0.622041   0.32863625 0.25000019 0.05167887]
