P -3 c 1: random 8000 in 65s, top facet counts [(13, 3), (14, 1180), (15, 498), (16, 6178), (17, 37), (18, 104)]
  local 0: start 18 → 18 (gap 2.88e-09) at x=[0.       0.123929 0.460933], c/a=0.068476
  local 1: start 18 → 18 (gap 3.03e-09) at x=[0.       0.745156 0.563949], c/a=0.177661
  local 2: start 18 → 18 (gap 1.00e-09) at x=[0.54208  0.54208  0.777042], c/a=0.110303
  local 3: start 18 → 18 (gap 2.52e-09) at x=[0.342234 1.       0.473046], c/a=0.204157
  local 4: start 18 → 18 (gap 1.00e-09) at x=[0.610267 0.610267 0.699435], c/a=0.197465
  local 5: start 18 → 18 (gap 1.62e-09) at x=[0.533855 0.       0.033536], c/a=0.179554
  local 6: start 18 → 18 (gap 1.00e-09) at x=[0.254256 0.       0.320121], c/a=0.090359
  local 7: start 18 → 18 (gap 4.45e-09) at x=[0.614618 0.999999 0.996837], c/a=0.425640
  local 8: start 18 → 18 (gap 2.29e-09) at x=[0.566481 0.566481 0.604343], c/a=0.253496
  local 9: start 18 → 18 (gap 2.76e-09) at x=[0.       0.508199 0.063634], c/a=0.273421
  local 10: start 18 → 18 (gap 1.00e-09) at x=[0.419635 0.419635 0.358271], c/a=0.134077
  local 11: start 18 → 18 (gap 1.26e-09) at x=[0.790494 1.       0.359436], c/a=0.125568
  local 12: start 18 → 18 (gap 1.00e-09) at x=[0.452956 0.       0.667479], c/a=0.203777
  local 13: start 18 → 18 (gap 2.79e-09) at x=[0.458309 1.       0.973562], c/a=0.313933
  local 14: start 18 → 18 (gap 4.26e-09) at x=[0.776222 0.776222 0.511614], c/a=0.218804
  local 15: start 18 → 18 (gap 1.04e-08) at x=[0.      0.05413 0.55825], c/a=0.458274
  local 16: start 18 → 18 (gap 1.01e-09) at x=[1.       0.205439 0.695652], c/a=0.145308
  local 17: start 18 → 18 (gap 3.29e-09) at x=[0.       0.609863 0.108193], c/a=0.358537
  local 18: start 18 → 18 (gap 1.74e-09) at x=[1.       0.931137 0.321756], c/a=0.103063
  local 19: start 18 → 18 (gap 1.56e-09) at x=[0.5681   1.       0.863323], c/a=0.319942
  local 20: start 18 → 20 (gap 1.11e-08) at x=[0.413927 0.       0.75211 ], c/a=0.352612
  local 21: start 18 → 18 (gap 2.01e-09) at x=[0.421844 0.       0.578252], c/a=0.261956
  local 22: start 18 → 18 (gap 1.00e-09) at x=[0.       0.64831  0.784913], c/a=0.197684
  local 23: start 18 → 18 (gap 1.04e-09) at x=[0.33528  1.       0.327576], c/a=0.238388
  local 24: start 18 → 18 (gap 2.17e-09) at x=[0.462055 0.462055 0.132561], c/a=0.324185
BEST P -3 c 1 20 [4.13926946e-01 2.01982493e-10 7.52109764e-01 3.52612345e-01]
