R -3 c: random 8000 in 191s, top facet counts [(17, 3257), (18, 215), (19, 1408), (20, 469), (21, 2), (22, 22)]
  local 0: start 22 → 22 (gap 1.22e-07) at x=[0.437256 0.001079 0.666829], c/a=0.203954
  local 1: start 22 → 22 (gap 1.74e-08) at x=[0.547162 0.546998 0.770154], c/a=0.110660
  local 2: start 22 → 22 (gap 1.97e-08) at x=[0.275229 0.332202 0.509634], c/a=0.151714
  local 3: start 22 → 22 (gap 1.01e-09) at x=[0.276133 0.94174  0.113915], c/a=0.227966
  local 4: start 22 → 22 (gap 1.24e-09) at x=[0.676314 0.375882 0.573632], c/a=0.183126
  local 5: start 22 → 22 (gap 9.69e-08) at x=[0.884945 0.664611 0.991654], c/a=0.286843
  local 6: start 22 → 22 (gap 7.46e-09) at x=[0.916888 0.27238  0.982692], c/a=0.386873
  local 7: start 22 → 22 (gap 2.15e-09) at x=[0.578798 0.995728 0.070388], c/a=0.426713
  local 8: start 22 → 22 (gap 7.38e-08) at x=[0.91859  0.664718 0.999932], c/a=0.272260
  local 9: start 22 → 22 (gap 7.08e-08) at x=[0.047988 0.713733 0.002061], c/a=0.184808
  local 10: start 22 → 22 (gap 9.16e-09) at x=[0.59986  0.601164 0.701558], c/a=0.200954
  local 11: start 22 → 22 (gap 3.56e-09) at x=[0.969502 0.036213 0.278304], c/a=0.096789
  local 12: start 22 → 22 (gap 3.88e-05) at x=[0.568163 0.432592 0.310822], c/a=0.107055
  local 13: start 22 → 22 (gap 6.20e-08) at x=[0.74573  0.077978 0.873376], c/a=0.274241
  local 14: start 22 → 22 (gap 6.42e-04) at x=[0.382895 0.617105 0.42464 ], c/a=0.165511
  local 15: start 22 → 22 (gap 1.07e-08) at x=[0.715517 0.86761  0.644006], c/a=0.197432
  local 16: start 22 → 22 (gap 7.53e-04) at x=[0.598795 0.197591 0.571112], c/a=0.164537
  local 17: start 22 → 22 (gap 6.37e-09) at x=[0.80164  0.165027 0.960882], c/a=0.237673
  local 18: start 22 → 22 (gap 3.88e-09) at x=[0.567373 0.309406 0.066309], c/a=0.335200
  local 19: start 22 → 22 (gap 1.28e-06) at x=[0.22163  0.107118 0.972992], c/a=0.297572
  local 20: start 22 → 22 (gap 9.50e-07) at x=[0.496583 0.752863 0.151276], c/a=0.433740
  local 21: start 22 → 22 (gap 2.78e-03) at x=[0.709644 0.290356 0.089994], c/a=0.475351
  local 22: start 21 → 22 (gap 3.21e-09) at x=[0.034713 0.062998 0.22906 ], c/a=0.112522
  local 23: start 21 → 22 (gap 7.78e-09) at x=[0.369483 0.194248 0.958635], c/a=0.199502
  local 24: start 20 → 20 (gap 1.00e-09) at x=[0.448663 0.99845  0.976885], c/a=0.317146
BEST R -3 c 22 [0.43725649 1.00107925 0.66682904 0.20395423]
