P 6: random 8000 in 34s, top facet counts [(7, 8000)]
  local 0: start 7 → 7 (gap 1.01e-09) at x=[0.055849 0.944151 0.582665], c/a=0.116863
  local 1: start 7 → 10 (gap 5.01e-09) at x=[0.50493  0.009861 0.783579], c/a=0.414097
  local 2: start 7 → 9 (gap 2.24e-03) at x=[0.004533 0.009066 0.874096], c/a=0.200652
  local 3: start 7 → 8 (gap 1.02e-09) at x=[0.       0.068104 0.545957], c/a=0.460319
  local 4: start 7 → 7 (gap 1.26e-09) at x=[0.610268 0.610268 0.699435], c/a=0.197465
  local 5: start 7 → 9 (gap 1.49e-09) at x=[0.042386 0.521193 0.130681], c/a=0.430588
  local 6: start 7 → 7 (gap 1.25e-09) at x=[1.       0.745555 0.566222], c/a=0.177979
  local 7: start 7 → 7 (gap 1.00e-09) at x=[0.       0.123421 0.461605], c/a=0.068654
  local 8: start 7 → 8 (gap 1.01e-09) at x=[0.516376 0.483624 0.229721], c/a=0.206432
  local 9: start 7 → 10 (gap 5.16e-09) at x=[0.99481  1.       0.027877], c/a=0.061311
  local 10: start 7 → 7 (gap 1.06e-09) at x=[0.073556 0.147112 0.183955], c/a=0.050969
  local 11: start 7 → 7 (gap 1.00e-09) at x=[0.911457 0.455728 0.358761], c/a=0.461513
  local 12: start 7 → 8 (gap 4.84e-09) at x=[1.       0.930629 0.317806], c/a=0.102290
  local 13: start 7 → 7 (gap 1.00e-09) at x=[0.546994 0.546994 0.770282], c/a=0.110777
  local 14: start 7 → 7 (gap 1.00e-09) at x=[0.575365 0.424635 0.246901], c/a=0.334303
  local 15: start 7 → 7 (gap 1.00e-09) at x=[0.630106 0.260212 0.952649], c/a=0.067270
  local 16: start 7 → 7 (gap 1.00e-09) at x=[0.689701 0.379402 0.721699], c/a=0.116273
  local 17: start 7 → 7 (gap 1.00e-09) at x=[0.566738 0.433262 0.304124], c/a=0.108151
  local 18: start 7 → 8 (gap 1.00e-09) at x=[0.047738 0.       0.421713], c/a=0.128321
  local 19: start 7 → 7 (gap 2.21e-09) at x=[0.450641 0.225321 0.459674], c/a=0.438109
  local 20: start 7 → 7 (gap 1.02e-09) at x=[0.846686 1.       0.213235], c/a=0.066139
  local 21: start 7 → 7 (gap 1.01e-09) at x=[1.       0.181348 0.688213], c/a=0.144554
  local 22: start 7 → 7 (gap 1.37e-09) at x=[0.202003 0.101001 0.74549 ], c/a=0.052417
  local 23: start 7 → 9 (gap 1.27e-09) at x=[0.513854 0.027707 0.166641], c/a=0.380578
  local 24: start 7 → 7 (gap 1.05e-09) at x=[0.800858 1.       0.369444], c/a=0.125678
BEST P 6 10 [0.50493043 0.00986085 0.78357927 0.41409746]
