P 65: random 8000 in 34s, top facet counts [(16, 7), (18, 7260), (20, 623), (22, 99), (24, 11)]
  local 0: start 24 → 24 (gap 2.27e-05) at x=[0.442745 0.884909 0.756238], c/a=0.064198
  local 1: start 24 → 24 (gap 1.07e-04) at x=[0.618561 0.387474 0.314757], c/a=0.217763
  local 2: start 24 → 24 (gap 7.94e-04) at x=[0.465492 0.516846 0.785649], c/a=0.338233
  local 3: start 24 → 24 (gap 1.12e-03) at x=[0.428974 0.886886 0.076317], c/a=0.445725
  local 4: start 24 → 24 (gap 3.27e-04) at x=[0.462856 0.544787 0.556439], c/a=0.227325
  local 5: start 24 → 24 (gap 1.30e-05) at x=[0.362421 0.732858 0.165731], c/a=0.253695
  local 6: start 24 → 24 (gap 4.25e-04) at x=[0.866219 0.438834 0.3626  ], c/a=0.286381
  local 7: start 24 → 24 (gap 5.60e-04) at x=[0.522447 0.465197 0.237198], c/a=0.284009
  local 8: start 24 → 24 (gap 8.27e-04) at x=[0.444235 0.535718 0.567872], c/a=0.367851
  local 9: start 24 → 24 (gap 9.03e-04) at x=[0.46933  0.551973 0.759439], c/a=0.376696
  local 10: start 24 → 24 (gap 1.61e-04) at x=[0.367395 0.648066 0.34081 ], c/a=0.351556
  local 11: start 22 → 24 (gap 3.33e-05) at x=[0.430877 0.862651 0.895021], c/a=0.080794
  local 12: start 22 → 24 (gap 6.77e-04) at x=[0.429416 0.876707 0.892721], c/a=0.354546
  local 13: start 22 → 24 (gap 2.81e-04) at x=[0.842198 0.417188 0.638464], c/a=0.239972
  local 14: start 22 → 24 (gap 9.98e-05) at x=[0.572365 0.424884 0.698875], c/a=0.142062
  local 15: start 22 → 24 (gap 1.54e-05) at x=[0.319142 0.659324 0.996146], c/a=0.063522
  local 16: start 22 → 24 (gap 3.64e-04) at x=[0.475769 0.95957  0.379186], c/a=0.228897
  local 17: start 22 → 24 (gap 8.03e-04) at x=[0.396172 0.815298 0.415038], c/a=0.413364
  local 18: start 22 → 24 (gap 9.52e-05) at x=[0.616564 0.252688 0.67738 ], c/a=0.392563
  local 19: start 22 → 24 (gap 9.45e-05) at x=[0.557567 0.440056 0.026194], c/a=0.129670
  local 20: start 22 → 24 (gap 1.72e-04) at x=[0.492115 0.515745 0.540199], c/a=0.215796
  local 21: start 22 → 24 (gap 2.01e-03) at x=[0.201852 0.593057 0.085028], c/a=0.290856
  local 22: start 22 → 24 (gap 2.85e-04) at x=[0.44279  0.892738 0.825852], c/a=0.223603
  local 23: start 22 → 24 (gap 7.14e-04) at x=[0.435265 0.584656 0.54743 ], c/a=0.379195
  local 24: start 22 → 24 (gap 2.25e-04) at x=[0.915672 0.460481 0.329534], c/a=0.189698
BEST P 65 24 [0.44274476 0.88490899 0.75623838 0.06419843]
