P 64: random 8000 in 34s, top facet counts [(16, 290), (17, 37), (18, 119), (19, 6), (20, 30), (21, 2)]
  local 0: start 21 → 21 (gap 3.18e-09) at x=[0.366607 0.729572 0.248045], c/a=0.456301
  local 1: start 21 → 21 (gap 5.93e-09) at x=[0.030865 0.010607 0.376529], c/a=0.406096
  local 2: start 20 → 24 (gap 1.14e-08) at x=[0.504675 0.00935  0.783717], c/a=0.414050
  local 3: start 20 → 20 (gap 1.00e-09) at x=[0.045083 0.522542 0.131071], c/a=0.430308
  local 4: start 20 → 20 (gap 1.00e-09) at x=[0.518491 0.481509 0.228487], c/a=0.206849
  local 5: start 20 → 20 (gap 1.31e-09) at x=[0.908017 0.454009 0.357286], c/a=0.462024
  local 6: start 20 → 20 (gap 1.68e-09) at x=[0.568168 0.431832 0.247772], c/a=0.331762
  local 7: start 20 → 20 (gap 2.36e-09) at x=[0.62884  0.25768  0.949188], c/a=0.066552
  local 8: start 20 → 20 (gap 1.75e-09) at x=[0.571556 0.428444 0.298521], c/a=0.108460
  local 9: start 20 → 20 (gap 1.00e-09) at x=[0.513254 0.026507 0.161461], c/a=0.383265
  local 10: start 20 → 20 (gap 1.94e-09) at x=[0.168985 0.584493 0.962441], c/a=0.260107
  local 11: start 20 → 20 (gap 1.51e-09) at x=[0.114206 0.557103 0.929652], c/a=0.201051
  local 12: start 20 → 20 (gap 2.16e-09) at x=[0.603655 0.207309 0.428531], c/a=0.322886
  local 13: start 20 → 20 (gap 2.26e-09) at x=[0.386602 0.613398 0.427911], c/a=0.165401
  local 14: start 20 → 20 (gap 1.40e-09) at x=[0.448252 0.551748 0.350403], c/a=0.452429
  local 15: start 20 → 20 (gap 3.33e-09) at x=[0.617134 0.382866 0.995896], c/a=0.483436
  local 16: start 20 → 20 (gap 1.96e-09) at x=[0.414823 0.829646 0.729521], c/a=0.262484
  local 17: start 20 → 20 (gap 1.68e-09) at x=[0.866626 0.433313 0.116407], c/a=0.174401
  local 18: start 20 → 20 (gap 2.19e-09) at x=[0.605743 0.211485 0.571087], c/a=0.167768
  local 19: start 20 → 20 (gap 1.81e-09) at x=[0.425138 0.850275 0.362502], c/a=0.208577
  local 20: start 20 → 20 (gap 1.18e-09) at x=[0.917519 0.45876  0.486547], c/a=0.398092
  local 21: start 20 → 20 (gap 2.00e-09) at x=[0.587975 0.412025 0.268905], c/a=0.261831
  local 22: start 20 → 21 (gap 2.08e-09) at x=[0.345283 0.655614 0.254884], c/a=0.276809
  local 23: start 20 → 20 (gap 2.05e-09) at x=[0.405888 0.811775 0.691704], c/a=0.356799
  local 24: start 20 → 20 (gap 1.92e-09) at x=[0.836312 0.418156 0.986223], c/a=0.332469
BEST P 64 24 [0.50467493 0.00934986 0.78371725 0.4140495 ]
