P 63: random 8000 in 34s, top facet counts [(12, 7348), (14, 652)]
  local 0: start 14 → 14 (gap 1.01e-09) at x=[0.995683 0.140876 0.050657], c/a=0.131401
  local 1: start 14 → 14 (gap 1.55e-09) at x=[0.518302 0.481698 0.233405], c/a=0.208536
  local 2: start 14 → 14 (gap 1.48e-09) at x=[0.906307 0.453154 0.361168], c/a=0.465151
  local 3: start 14 → 14 (gap 1.00e-09) at x=[0.572247 0.427753 0.250515], c/a=0.333750
  local 4: start 14 → 14 (gap 1.01e-09) at x=[0.629993 0.259986 0.950807], c/a=0.067063
  local 5: start 14 → 14 (gap 1.09e-09) at x=[0.571412 0.428588 0.30587 ], c/a=0.106249
  local 6: start 14 → 14 (gap 1.20e-09) at x=[0.077179 0.052084 0.831069], c/a=0.316827
  local 7: start 14 → 14 (gap 5.16e-09) at x=[0.012307 0.715779 0.716898], c/a=0.221875
  local 8: start 14 → 14 (gap 1.04e-09) at x=[0.166895 0.583447 0.959561], c/a=0.256868
  local 9: start 14 → 14 (gap 3.49e-09) at x=[0.950385 0.691283 0.270682], c/a=0.445490
  local 10: start 14 → 15 (gap 9.89e-03) at x=[0.004712 0.072396 0.941963], c/a=0.137288
  local 11: start 14 → 14 (gap 1.02e-09) at x=[0.114206 0.557103 0.929652], c/a=0.201051
  local 12: start 14 → 14 (gap 1.51e-09) at x=[0.807871 0.813425 0.062552], c/a=0.149056
  local 13: start 14 → 14 (gap 2.07e-09) at x=[0.148829 0.972509 0.889293], c/a=0.331607
  local 14: start 14 → 16 (gap 3.53e-03) at x=[0.998149 0.012507 0.834588], c/a=0.086042
  local 15: start 14 → 14 (gap 2.18e-09) at x=[0.951739 0.251688 0.861753], c/a=0.439367
  local 16: start 14 → 14 (gap 1.58e-09) at x=[0.0061   0.50305  0.342422], c/a=0.061661
  local 17: start 14 → 14 (gap 1.54e-09) at x=[0.040415 0.520208 0.432449], c/a=0.168381
  local 18: start 14 → 14 (gap 1.89e-09) at x=[0.015069 0.793282 0.526713], c/a=0.245515
  local 19: start 14 → 14 (gap 2.72e-09) at x=[0.312794 0.005965 0.347186], c/a=0.154465
  local 20: start 14 → 14 (gap 1.27e-09) at x=[0.43965  0.8793   0.758702], c/a=0.064187
  local 21: start 14 → 14 (gap 2.39e-09) at x=[0.609634 0.602685 0.938615], c/a=0.166726
  local 22: start 14 → 14 (gap 1.08e-09) at x=[0.096018 0.548009 0.888021], c/a=0.166423
  local 23: start 14 → 14 (gap 1.02e-09) at x=[0.60512  0.21024  0.417406], c/a=0.316690
  local 24: start 14 → 16 (gap 2.81e-03) at x=[0.046406 0.045055 0.390324], c/a=0.073522
BEST P 63 16 [0.99814921 0.0125073  0.83458825 0.08604173]
