P -6: random 8000 in 34s, top facet counts [(8, 7996), (9, 2), (10, 2)]
  local 0: start 10 → 12 (gap 3.53e-07) at x=[0.312576 0.687776 0.499907], c/a=0.060840
  local 1: start 10 → 11 (gap 2.06e-06) at x=[0.127574 0.00353  0.499692], c/a=0.074305
  local 2: start 9 → 12 (gap 2.01e-06) at x=[0.957241 0.947688 0.999566], c/a=0.066008
  local 3: start 9 → 10 (gap 5.76e-06) at x=[0.554992 0.392293 0.999832], c/a=0.173293
  local 4: start 8 → 16 (gap 1.50e-02) at x=[0.355381 0.41658  1.      ], c/a=0.103012
  local 5: start 8 → 12 (gap 8.18e-07) at x=[3.68564e-01 6.45686e-01 2.28000e-04], c/a=0.058430
  local 6: start 8 → 9 (gap 1.18e-05) at x=[0.010106 0.42399  0.501521], c/a=0.075292
  local 7: start 8 → 16 (gap 7.54e-03) at x=[0.37057  0.962737 0.5     ], c/a=0.072205
  local 8: start 8 → 11 (gap 4.71e-06) at x=[0.749581 0.916946 0.999326], c/a=0.075072
  local 9: start 8 → 11 (gap 9.23e-07) at x=[4.45121e-01 6.67620e-01 2.49000e-04], c/a=0.055818
  local 10: start 8 → 11 (gap 5.44e-06) at x=[0.517682 0.641835 0.500527], c/a=0.088415
  local 11: start 8 → 10 (gap 1.28e-06) at x=[0.232309 0.717846 0.999625], c/a=0.054369
  local 12: start 8 → 16 (gap 2.06e-02) at x=[0.446462 0.958459 0.5     ], c/a=0.132697
  local 13: start 8 → 16 (gap 3.09e-03) at x=[0.949861 0.506853 0.5     ], c/a=0.050315
  local 14: start 8 → 11 (gap 3.20e-06) at x=[0.569298 0.718504 0.500946], c/a=0.050983
  local 15: start 8 → 8 (gap 1.02e-09) at x=[0.055767 0.944233 0.58257 ], c/a=0.116824
  local 16: start 8 → 16 (gap 4.63e-03) at x=[0.585211 0.977078 0.5     ], c/a=0.057282
  local 17: start 8 → 16 (gap 8.42e-03) at x=[0.584052 0.692446 0.      ], c/a=0.077932
  local 18: start 8 → 10 (gap 2.85e-06) at x=[0.130394 0.622161 0.500409], c/a=0.074375
  local 19: start 8 → 16 (gap 4.61e-03) at x=[0.679594 0.792529 1.      ], c/a=0.060485
  local 20: start 8 → 8 (gap 1.41e-09) at x=[0.504852 0.009704 0.783551], c/a=0.414164
  local 21: start 8 → 10 (gap 1.24e-06) at x=[0.436827 0.765022 0.49982 ], c/a=0.077028
  local 22: start 8 → 10 (gap 1.34e-06) at x=[5.89125e-01 1.91104e-01 2.23000e-04], c/a=0.073741
  local 23: start 8 → 10 (gap 1.21e-06) at x=[0.869987 0.959056 0.999775], c/a=0.068864
  local 24: start 8 → 16 (gap 6.25e-02) at x=[0.209582 0.039528 0.5     ], c/a=0.299878
BEST P -6 16 [0.35538103 0.41657987 1.         0.10301168]
