P 6 2 2: random 8000 in 65s, top facet counts [(11, 1387), (13, 6613)]
  local 0: start 13 → 13 (gap 1.16e-09) at x=[0.355403 0.41624  0.      ], c/a=0.102991
  local 1: start 13 → 13 (gap 1.00e-09) at x=[0.371227 0.63489  1.      ], c/a=0.058949
  local 2: start 13 → 13 (gap 1.28e-09) at x=[0.001561 0.432602 0.5     ], c/a=0.075448
  local 3: start 13 → 13 (gap 1.14e-09) at x=[0.37186  0.955911 0.5     ], c/a=0.072460
  local 4: start 13 → 13 (gap 1.00e-09) at x=[0.457149 0.653859 1.      ], c/a=0.054390
  local 5: start 13 → 13 (gap 1.00e-09) at x=[0.526902 0.646671 0.5     ], c/a=0.087302
  local 6: start 13 → 14 (gap 1.00e-09) at x=[0.305459 0.694225 0.5     ], c/a=0.060714
  local 7: start 13 → 13 (gap 1.00e-09) at x=[0.74824  0.923359 1.      ], c/a=0.073847
  local 8: start 13 → 13 (gap 1.00e-09) at x=[0.445413 0.955529 0.5     ], c/a=0.134887
  local 9: start 13 → 13 (gap 1.00e-09) at x=[0.212489 0.700458 1.      ], c/a=0.056267
  local 10: start 13 → 13 (gap 1.00e-09) at x=[0.942797 0.514708 0.5     ], c/a=0.050889
  local 11: start 13 → 13 (gap 2.02e-09) at x=[0.588413 0.741202 0.499999], c/a=0.050825
  local 12: start 13 → 13 (gap 1.00e-09) at x=[0.131981 0.99635  0.5     ], c/a=0.073995
  local 13: start 13 → 13 (gap 1.19e-09) at x=[0.588077 0.930159 0.5     ], c/a=0.059301
  local 14: start 13 → 13 (gap 1.00e-09) at x=[0.575575 0.687621 0.      ], c/a=0.077139
  local 15: start 13 → 13 (gap 1.00e-09) at x=[0.139495 0.62372  0.5     ], c/a=0.072286
  local 16: start 13 → 13 (gap 1.00e-09) at x=[0.426491 0.76458  0.5     ], c/a=0.074677
  local 17: start 13 → 13 (gap 1.00e-09) at x=[0.596913 0.197523 0.      ], c/a=0.074309
  local 18: start 13 → 16 (gap 2.61e-09) at x=[0.94753  0.931915 1.      ], c/a=0.064218
  local 19: start 13 → 13 (gap 1.66e-09) at x=[4.97753e-01 2.30728e-01 1.00000e-06], c/a=0.053054
  local 20: start 13 → 15 (gap 2.44e-09) at x=[0.981125 0.486437 0.      ], c/a=0.082143
  local 21: start 13 → 15 (gap 1.00e-09) at x=[0.87678  0.953325 0.      ], c/a=0.069236
  local 22: start 13 → 13 (gap 1.00e-09) at x=[0.558036 0.001685 0.      ], c/a=0.304916
  local 23: start 13 → 13 (gap 1.23e-09) at x=[0.203392 0.040758 0.5     ], c/a=0.296915
  local 24: start 13 → 13 (gap 1.00e-09) at x=[0.560773 0.176826 1.      ], c/a=0.155973
BEST P 6 2 2 16 [0.94753049 0.93191509 0.99999991 0.06421813]
