P 61 2 2: random 8000 in 65s, top facet counts [(27, 73), (28, 1), (29, 1), (30, 59), (31, 55), (32, 1)]
  local 0: start 32 → 33 (gap 1.78e-09) at x=[0.971263 0.499208 0.824186], c/a=0.380434
  local 1: start 31 → 31 (gap 5.90e-05) at x=[0.195038 0.347865 0.239888], c/a=0.052980
  local 2: start 31 → 31 (gap 1.30e-06) at x=[0.894394 0.105153 0.416846], c/a=0.081761
  local 3: start 31 → 31 (gap 2.01e-05) at x=[0.039443 0.956469 0.411414], c/a=0.088216
  local 4: start 31 → 31 (gap 9.43e-06) at x=[0.95072  0.050678 0.915357], c/a=0.114048
  local 5: start 31 → 31 (gap 2.59e-04) at x=[0.374322 0.072912 0.032463], c/a=0.050012
  local 6: start 31 → 31 (gap 1.87e-04) at x=[0.644052 0.895088 0.549122], c/a=0.051493
  local 7: start 31 → 31 (gap 3.03e-04) at x=[0.342327 0.903256 0.963279], c/a=0.051247
  local 8: start 31 → 31 (gap 2.93e-04) at x=[0.577289 0.842994 0.061904], c/a=0.072116
  local 9: start 31 → 31 (gap 3.86e-04) at x=[0.703741 0.149976 0.943985], c/a=0.071082
  local 10: start 31 → 31 (gap 4.68e-04) at x=[0.70398  0.552615 0.723055], c/a=0.078616
  local 11: start 31 → 31 (gap 5.46e-04) at x=[0.904578 0.414825 0.364501], c/a=0.061826
  local 12: start 31 → 31 (gap 5.92e-04) at x=[0.590893 0.088882 0.970254], c/a=0.064613
  local 13: start 31 → 31 (gap 2.73e-04) at x=[0.870821 0.058382 0.448122], c/a=0.097305
  local 14: start 31 → 31 (gap 3.28e-04) at x=[0.564966 0.297777 0.588032], c/a=0.109287
  local 15: start 31 → 31 (gap 7.45e-04) at x=[0.656273 0.169853 0.94495 ], c/a=0.085939
  local 16: start 31 → 31 (gap 9.24e-04) at x=[0.563677 0.071518 0.476541], c/a=0.078474
  local 17: start 31 → 31 (gap 7.47e-04) at x=[0.896798 0.191332 0.391732], c/a=0.134601
  local 18: start 31 → 31 (gap 9.04e-04) at x=[0.287371 0.397827 0.712941], c/a=0.103209
  local 19: start 31 → 31 (gap 4.36e-04) at x=[0.220107 0.403093 0.242326], c/a=0.152497
  local 20: start 31 → 31 (gap 6.82e-04) at x=[0.29681  0.512201 0.736683], c/a=0.114054
  local 21: start 31 → 31 (gap 8.37e-04) at x=[0.537399 0.747977 0.590799], c/a=0.193595
  local 22: start 31 → 31 (gap 1.51e-03) at x=[0.503176 0.354694 0.617553], c/a=0.117454
  local 23: start 31 → 31 (gap 8.92e-05) at x=[0.649282 0.650293 0.166306], c/a=0.123741
  local 24: start 31 → 31 (gap 1.25e-04) at x=[0.115615 0.8779   0.414393], c/a=0.209683
BEST P 61 2 2 33 [0.97126296 0.49920808 0.82418552 0.38043363]
