P 65 2 2: random 8000 in 66s, top facet counts [(26, 2), (27, 81), (28, 3), (29, 2), (30, 41), (31, 55)]
  local 0: start 31 → 31 (gap 2.66e-08) at x=[0.231975 0.115985 0.916669], c/a=0.100714
  local 1: start 31 → 31 (gap 3.01e-05) at x=[0.958946 0.984815 0.943222], c/a=0.053111
  local 2: start 31 → 31 (gap 9.91e-08) at x=[0.836945 0.673852 0.24999 ], c/a=0.072258
  local 3: start 31 → 31 (gap 9.19e-05) at x=[0.092525 0.846109 0.604086], c/a=0.057551
  local 4: start 31 → 31 (gap 2.33e-06) at x=[0.923786 0.848445 0.750544], c/a=0.076719
  local 5: start 31 → 31 (gap 7.00e-05) at x=[0.088831 0.87668  0.096881], c/a=0.069013
  local 6: start 31 → 31 (gap 1.28e-07) at x=[0.439124 0.219541 0.916674], c/a=0.075725
  local 7: start 31 → 31 (gap 1.06e-04) at x=[0.845694 0.759586 0.274118], c/a=0.059014
  local 8: start 31 → 31 (gap 1.56e-04) at x=[0.040557 0.061252 0.782516], c/a=0.104187
  local 9: start 31 → 31 (gap 1.04e-04) at x=[0.94199  0.900729 0.767748], c/a=0.105278
  local 10: start 31 → 31 (gap 1.11e-05) at x=[0.172406 0.829956 0.582697], c/a=0.092476
  local 11: start 31 → 31 (gap 3.25e-04) at x=[0.863448 0.369788 0.121825], c/a=0.051635
  local 12: start 31 → 31 (gap 3.35e-04) at x=[0.381065 0.544084 0.28346 ], c/a=0.051597
  local 13: start 31 → 31 (gap 2.55e-04) at x=[0.681387 0.796113 0.893346], c/a=0.076489
  local 14: start 31 → 31 (gap 5.83e-04) at x=[0.455152 0.856182 0.956095], c/a=0.065626
  local 15: start 31 → 31 (gap 8.79e-05) at x=[0.236851 0.108409 0.425591], c/a=0.094450
  local 16: start 31 → 31 (gap 6.75e-04) at x=[0.54195  0.595198 0.852611], c/a=0.068024
  local 17: start 31 → 31 (gap 5.91e-05) at x=[0.920721 0.083136 0.585312], c/a=0.192400
  local 18: start 31 → 31 (gap 5.06e-04) at x=[0.460389 0.774788 0.930502], c/a=0.088472
  local 19: start 31 → 31 (gap 7.07e-04) at x=[0.272602 0.824478 0.065256], c/a=0.116556
  local 20: start 31 → 31 (gap 5.96e-04) at x=[0.265492 0.600136 0.240385], c/a=0.090137
  local 21: start 31 → 31 (gap 1.24e-04) at x=[0.825256 0.63154  0.745709], c/a=0.114775
  local 22: start 31 → 31 (gap 8.99e-04) at x=[0.336778 0.494013 0.28039 ], c/a=0.095580
  local 23: start 31 → 31 (gap 1.68e-05) at x=[0.267121 0.134182 0.416158], c/a=0.160038
  local 24: start 31 → 31 (gap 4.97e-04) at x=[0.137273 0.059495 0.930836], c/a=0.236460
BEST P 65 2 2 31 [0.23197549 0.11598512 0.91666915 0.10071428]
