P 62 2 2: random 8000 in 65s, top facet counts [(22, 69), (23, 748), (24, 1460), (25, 216), (26, 1), (27, 2)]
  local 0: start 27 → 27 (gap 7.44e-09) at x=[0.824876 0.831568 0.719128], c/a=0.216028
  local 1: start 27 → 27 (gap 1.10e-08) at x=[0.317506 0.310979 0.269867], c/a=0.276420
  local 2: start 26 → 26 (gap 9.39e-04) at x=[0.704563 0.694211 0.437243], c/a=0.341540
  local 3: start 25 → 25 (gap 6.09e-09) at x=[0.911352 0.217875 0.800755], c/a=0.112310
  local 4: start 25 → 25 (gap 3.85e-08) at x=[0.594175 0.188345 0.999993], c/a=0.073213
  local 5: start 25 → 25 (gap 6.03e-09) at x=[0.263558 0.368081 0.466285], c/a=0.062852
  local 6: start 25 → 27 (gap 6.90e-05) at x=[0.569986 0.429687 0.306925], c/a=0.107762
  local 7: start 25 → 27 (gap 1.22e-05) at x=[0.458476 0.999002 0.984869], c/a=0.315458
  local 8: start 25 → 25 (gap 6.34e-09) at x=[0.450659 0.627686 0.781352], c/a=0.073208
  local 9: start 25 → 25 (gap 3.03e-09) at x=[0.452099 0.752407 0.616892], c/a=0.061228
  local 10: start 25 → 25 (gap 7.76e-08) at x=[6.29689e-01 2.59392e-01 3.30000e-05], c/a=0.053532
  local 11: start 25 → 25 (gap 3.40e-09) at x=[0.537639 0.568783 0.78027 ], c/a=0.104988
  local 12: start 25 → 25 (gap 2.83e-09) at x=[0.591202 0.268839 0.119202], c/a=0.052916
  local 13: start 25 → 25 (gap 8.43e-09) at x=[0.952251 0.232786 0.267931], c/a=0.050390
  local 14: start 25 → 25 (gap 1.00e-09) at x=[0.289606 0.594528 0.515944], c/a=0.071552
  local 15: start 25 → 25 (gap 1.91e-09) at x=[0.26765  0.698001 0.299292], c/a=0.109591
  local 16: start 25 → 25 (gap 1.74e-09) at x=[0.6947   0.272778 0.365423], c/a=0.050315
  local 17: start 25 → 25 (gap 4.72e-09) at x=[0.916987 0.444289 0.683841], c/a=0.068476
  local 18: start 25 → 25 (gap 2.99e-09) at x=[0.744667 0.435777 0.549256], c/a=0.050689
  local 19: start 25 → 25 (gap 3.42e-08) at x=[0.586542 0.413441 0.333324], c/a=0.057071
  local 20: start 25 → 25 (gap 6.48e-09) at x=[0.364143 0.08799  0.122874], c/a=0.136276
  local 21: start 25 → 25 (gap 1.00e-09) at x=[0.473144 0.994503 0.48902 ], c/a=0.079036
  local 22: start 25 → 25 (gap 6.53e-09) at x=[0.198004 0.265034 0.959057], c/a=0.123662
  local 23: start 25 → 25 (gap 3.44e-09) at x=[0.263089 0.590216 0.554571], c/a=0.059276
  local 24: start 25 → 25 (gap 5.22e-05) at x=[0.586231 0.436451 0.840199], c/a=0.078518
BEST P 62 2 2 27 [0.82487564 0.8315676  0.71912845 0.21602776]
