P 64 2 2: random 8000 in 65s, top facet counts [(22, 67), (23, 773), (24, 1447), (25, 208), (26, 1), (27, 8)]
  local 0: start 27 → 27 (gap 1.29e-09) at x=[0.012799 0.954614 0.176976], c/a=0.258350
  local 1: start 27 → 27 (gap 1.26e-05) at x=[0.629748 0.259664 0.951615], c/a=0.067047
  local 2: start 27 → 27 (gap 1.15e-04) at x=[0.35985  0.718703 0.418816], c/a=0.119608
  local 3: start 27 → 27 (gap 1.01e-08) at x=[0.783632 0.7679   0.563353], c/a=0.362974
  local 4: start 27 → 27 (gap 5.05e-04) at x=[0.284412 0.003701 0.438168], c/a=0.285631
  local 5: start 27 → 27 (gap 1.34e-06) at x=[0.343933 0.647606 0.534941], c/a=0.216554
  local 6: start 27 → 27 (gap 1.10e-05) at x=[0.387367 0.753633 0.415556], c/a=0.415592
  local 7: start 27 → 27 (gap 8.17e-09) at x=[0.659448 0.377284 0.548786], c/a=0.454737
  local 8: start 26 → 27 (gap 1.16e-08) at x=[0.980828 0.695227 0.413368], c/a=0.454156
  local 9: start 25 → 25 (gap 2.73e-09) at x=[0.528528 0.489366 0.159445], c/a=0.051204
  local 10: start 25 → 27 (gap 3.05e-05) at x=[0.878406 0.875669 0.111331], c/a=0.271526
  local 11: start 25 → 27 (gap 1.00e-09) at x=[9.88988e-01 6.60000e-05 2.63790e-02], c/a=0.061213
  local 12: start 25 → 25 (gap 5.44e-09) at x=[0.344627 0.959255 0.074305], c/a=0.051292
  local 13: start 25 → 25 (gap 2.95e-08) at x=[0.845672 0.422838 0.333338], c/a=0.071456
  local 14: start 25 → 25 (gap 3.04e-09) at x=[0.593136 0.267978 0.883184], c/a=0.060638
  local 15: start 25 → 25 (gap 2.07e-09) at x=[0.272761 0.124095 0.838658], c/a=0.211055
  local 16: start 25 → 27 (gap 1.18e-04) at x=[0.403194 0.807068 0.539572], c/a=0.132674
  local 17: start 25 → 25 (gap 5.17e-09) at x=[0.226478 0.348189 0.020911], c/a=0.100315
  local 18: start 25 → 25 (gap 1.80e-07) at x=[0.679508 0.339754 0.174313], c/a=0.168613
  local 19: start 25 → 25 (gap 1.81e-09) at x=[0.016472 0.583581 0.800309], c/a=0.058825
  local 20: start 25 → 25 (gap 8.23e-09) at x=[0.352169 0.053276 0.905752], c/a=0.067899
  local 21: start 25 → 25 (gap 2.14e-09) at x=[0.981133 0.574215 0.370972], c/a=0.077699
  local 22: start 25 → 25 (gap 5.93e-09) at x=[0.51084  0.124273 0.46808 ], c/a=0.050516
  local 23: start 25 → 25 (gap 6.60e-09) at x=[0.304272 0.058171 0.891665], c/a=0.107091
  local 24: start 25 → 25 (gap 4.31e-09) at x=[0.683443 0.441993 0.563922], c/a=0.062481
BEST P 64 2 2 27 [0.01279902 0.95461392 0.17697586 0.25834991]
