P 63 2 2: random 8000 in 65s, top facet counts [(13, 7), (15, 7), (16, 527), (17, 503), (18, 6921), (19, 35)]
  local 0: start 19 → 19 (gap 1.00e-09) at x=[0.511925 0.0238   0.163091], c/a=0.381981
  local 1: start 19 → 19 (gap 3.36e-06) at x=[0.200624 0.1004   0.744565], c/a=0.052389
  local 2: start 19 → 19 (gap 1.00e-09) at x=[0.042913 0.521457 0.133232], c/a=0.430526
  local 3: start 19 → 19 (gap 1.05e-09) at x=[0.515544 0.484456 0.226988], c/a=0.206750
  local 4: start 19 → 19 (gap 1.49e-09) at x=[0.908301 0.454151 0.355104], c/a=0.462374
  local 5: start 19 → 19 (gap 1.49e-09) at x=[0.578446 0.421554 0.25177 ], c/a=0.329786
  local 6: start 19 → 19 (gap 1.34e-09) at x=[0.581328 0.418672 0.307728], c/a=0.107945
  local 7: start 19 → 19 (gap 1.00e-09) at x=[0.012212 0.506106 0.428549], c/a=0.169236
  local 8: start 19 → 19 (gap 4.88e-09) at x=[0.166895 0.583447 0.959561], c/a=0.256868
  local 9: start 19 → 19 (gap 1.93e-09) at x=[0.10606  0.55303  0.929083], c/a=0.202779
  local 10: start 19 → 19 (gap 1.41e-09) at x=[0.453202 0.546798 0.354495], c/a=0.453459
  local 11: start 19 → 19 (gap 1.55e-09) at x=[0.102474 0.551237 0.887079], c/a=0.162724
  local 12: start 19 → 19 (gap 3.26e-09) at x=[0.603655 0.207309 0.428531], c/a=0.322886
  local 13: start 19 → 19 (gap 1.00e-09) at x=[0.50147  0.497577 0.047173], c/a=0.287261
  local 14: start 19 → 19 (gap 1.25e-09) at x=[0.407751 0.815502 0.715774], c/a=0.263654
  local 15: start 19 → 19 (gap 1.21e-09) at x=[0.82188  0.41094  0.120354], c/a=0.175776
  local 16: start 19 → 19 (gap 5.12e-08) at x=[0.90807  0.454035 0.496323], c/a=0.402694
  local 17: start 19 → 19 (gap 1.41e-09) at x=[0.424104 0.848209 0.372847], c/a=0.207689
  local 18: start 19 → 19 (gap 1.08e-09) at x=[0.041733 0.520866 0.680646], c/a=0.295014
  local 19: start 19 → 19 (gap 1.00e-09) at x=[0.507334 0.494932 0.432512], c/a=0.428682
  local 20: start 19 → 19 (gap 1.63e-09) at x=[0.119327 0.559663 0.338402], c/a=0.176253
  local 21: start 19 → 19 (gap 1.01e-09) at x=[0.482434 0.964869 0.93864 ], c/a=0.307542
  local 22: start 19 → 19 (gap 1.00e-09) at x=[0.014227 0.507114 0.635773], c/a=0.297410
  local 23: start 19 → 19 (gap 1.38e-09) at x=[0.900752 0.450376 0.175745], c/a=0.230470
  local 24: start 19 → 19 (gap 1.43e-09) at x=[0.406599 0.813198 0.697263], c/a=0.366462
BEST P 63 2 2 19 [0.5119252  0.02380015 0.16309113 0.38198081]
