P 6 c c: random 8000 in 65s, top facet counts [(11, 2101), (13, 5899)]
  local 0: start 13 → 13 (gap 3.23e-04) at x=[0.593907 0.406773 0.307   ], c/a=0.051901
  local 1: start 13 → 13 (gap 3.02e-04) at x=[0.661126 0.322945 0.359592], c/a=0.050344
  local 2: start 13 → 13 (gap 2.99e-04) at x=[0.660023 0.339292 0.289179], c/a=0.050456
  local 3: start 13 → 13 (gap 2.89e-04) at x=[0.26188  0.630623 0.448736], c/a=0.050010
  local 4: start 13 → 13 (gap 2.92e-04) at x=[0.634499 0.268353 0.042571], c/a=0.050378
  local 5: start 13 → 13 (gap 3.03e-04) at x=[0.407371 0.593265 0.966452], c/a=0.050208
  local 6: start 13 → 13 (gap 2.97e-04) at x=[0.221453 0.611044 0.744359], c/a=0.050193
  local 7: start 13 → 13 (gap 3.13e-04) at x=[0.429676 0.570969 0.440756], c/a=0.050557
  local 8: start 13 → 13 (gap 2.91e-04) at x=[0.626662 0.252689 0.463911], c/a=0.050058
  local 9: start 13 → 13 (gap 2.92e-04) at x=[0.730048 0.364702 0.851552], c/a=0.050355
  local 10: start 13 → 13 (gap 2.85e-04) at x=[0.350463 0.701569 0.411063], c/a=0.050025
  local 11: start 13 → 13 (gap 2.91e-04) at x=[0.745371 0.372367 0.889   ], c/a=0.050116
  local 12: start 13 → 13 (gap 2.91e-04) at x=[0.624486 0.376147 0.588077], c/a=0.050019
  local 13: start 13 → 13 (gap 2.93e-04) at x=[0.650569 0.300478 0.968341], c/a=0.050682
  local 14: start 13 → 13 (gap 4.20e-04) at x=[0.664838 0.334194 0.813644], c/a=0.050006
  local 15: start 13 → 13 (gap 2.99e-04) at x=[0.33964  0.678594 0.07056 ], c/a=0.050356
  local 16: start 13 → 13 (gap 5.67e-04) at x=[0.702917 0.365022 0.704317], c/a=0.050000
  local 17: start 13 → 13 (gap 3.01e-04) at x=[0.661444 0.322199 0.130923], c/a=0.050371
  local 18: start 13 → 13 (gap 6.00e-04) at x=[0.761085 0.357564 0.665733], c/a=0.050000
  local 19: start 13 → 13 (gap 3.11e-04) at x=[0.554965 0.445668 0.143861], c/a=0.050094
  local 20: start 13 → 13 (gap 2.87e-04) at x=[0.712018 0.355688 0.299967], c/a=0.050114
  local 21: start 13 → 13 (gap 3.15e-04) at x=[0.560637 0.440005 0.650621], c/a=0.050474
  local 22: start 13 → 13 (gap 3.15e-04) at x=[0.541626 0.083888 0.746472], c/a=0.050180
  local 23: start 13 → 13 (gap 2.94e-04) at x=[0.365876 0.634772 0.916623], c/a=0.050521
  local 24: start 13 → 13 (gap 3.47e-04) at x=[0.653045 0.306875 0.461841], c/a=0.054905
BEST P 6 c c 13 [0.59390724 0.40677283 0.30699959 0.05190128]
