P -6 c 2: random 8000 in 64s, top facet counts [(11, 7651), (12, 5), (13, 3), (14, 1), (15, 7), (16, 1)]
  local 0: start 16 → 28 (gap 1.87e-03) at x=[0.247399 0.532645 0.75    ], c/a=0.081619
  local 1: start 15 → 28 (gap 2.02e-03) at x=[0.980496 0.33756  0.75    ], c/a=0.069952
  local 2: start 15 → 28 (gap 8.62e-04) at x=[0.931695 0.473617 0.75    ], c/a=0.054473
  local 3: start 15 → 28 (gap 2.24e-03) at x=[0.432207 0.035501 0.75    ], c/a=0.080650
  local 4: start 15 → 28 (gap 5.39e-03) at x=[0.759542 0.786499 0.75    ], c/a=0.125366
  local 5: start 15 → 20 (gap 1.05e-09) at x=[0.633934 0.335646 0.25    ], c/a=0.051188
  local 6: start 15 → 28 (gap 7.97e-04) at x=[0.188274 0.038554 0.75    ], c/a=0.050548
  local 7: start 15 → 28 (gap 2.15e-03) at x=[0.019407 0.862597 0.75    ], c/a=0.083570
  local 8: start 14 → 28 (gap 1.60e-02) at x=[0.342583 0.060407 0.25    ], c/a=0.212644
  local 9: start 13 → 28 (gap 8.41e-03) at x=[0.987499 0.120307 0.25    ], c/a=0.168667
  local 10: start 13 → 28 (gap 2.31e-03) at x=[0.702246 0.426051 0.75    ], c/a=0.092469
  local 11: start 13 → 20 (gap 3.93e-09) at x=[0.309027 0.615629 0.25    ], c/a=0.057680
  local 12: start 12 → 17 (gap 2.49e-08) at x=[0.816042 0.647974 0.250165], c/a=0.214993
  local 13: start 12 → 19 (gap 1.22e-07) at x=[0.536828 0.812354 0.249998], c/a=0.379062
  local 14: start 12 → 28 (gap 2.46e-03) at x=[0.969917 0.96418  0.25    ], c/a=0.097132
  local 15: start 12 → 28 (gap 1.06e-03) at x=[0.483057 0.50681  0.75    ], c/a=0.060349
  local 16: start 12 → 28 (gap 2.08e-03) at x=[0.951302 0.467879 0.25    ], c/a=0.084548
  local 17: start 11 → 28 (gap 3.06e-03) at x=[0.250093 0.489536 0.25    ], c/a=0.104674
  local 18: start 11 → 20 (gap 1.50e-07) at x=[0.583457 0.355555 0.750003], c/a=0.316125
  local 19: start 11 → 28 (gap 7.75e-03) at x=[0.349516 0.535579 0.75    ], c/a=0.160534
  local 20: start 11 → 28 (gap 5.60e-02) at x=[0.311349 0.800659 0.75    ], c/a=0.483449
  local 21: start 11 → 28 (gap 6.10e-02) at x=[0.820625 0.301426 0.25    ], c/a=0.474971
  local 22: start 11 → 28 (gap 9.10e-03) at x=[0.783143 0.084755 0.75    ], c/a=0.167611
  local 23: start 11 → 28 (gap 7.49e-03) at x=[0.988299 0.95819  0.75    ], c/a=0.170568
  local 24: start 11 → 17 (gap 3.57e-08) at x=[0.454044 0.412262 0.249948], c/a=0.445971
BEST P -6 c 2 28 [0.24739937 0.53264548 0.74999999 0.08161859]
