P -6 2 c: random 8000 in 66s, top facet counts [(10, 7491), (11, 273), (12, 226), (13, 7), (14, 2), (15, 1)]
  local 0: start 15 → 28 (gap 6.99e-04) at x=[0.627806 0.322111 0.25    ], c/a=0.051343
  local 1: start 14 → 16 (gap 4.23e-08) at x=[0.758299 0.790691 0.750004], c/a=0.125484
  local 2: start 14 → 28 (gap 2.07e-03) at x=[0.24797  0.537175 0.75    ], c/a=0.081917
  local 3: start 13 → 28 (gap 1.77e-03) at x=[0.18286  0.066812 0.75    ], c/a=0.051375
  local 4: start 13 → 15 (gap 1.13e-09) at x=[0.951356 0.434495 0.748024], c/a=0.050621
  local 5: start 13 → 15 (gap 1.29e-09) at x=[0.556075 0.613076 0.750856], c/a=0.056515
  local 6: start 13 → 15 (gap 2.03e-09) at x=[0.440198 0.027567 0.750589], c/a=0.080800
  local 7: start 13 → 15 (gap 1.05e-09) at x=[0.928952 0.481536 0.749379], c/a=0.054093
  local 8: start 13 → 15 (gap 7.95e-09) at x=[0.334241 0.053928 0.250133], c/a=0.210408
  local 9: start 13 → 13 (gap 1.01e-09) at x=[0.994529 0.116514 0.252811], c/a=0.168304
  local 10: start 12 → 28 (gap 1.48e-03) at x=[0.511112 0.356213 0.75    ], c/a=0.068359
  local 11: start 12 → 28 (gap 2.42e-03) at x=[0.709822 0.442419 0.75    ], c/a=0.090278
  local 12: start 12 → 16 (gap 1.88e-08) at x=[0.043822 0.579211 0.249994], c/a=0.302426
  local 13: start 12 → 12 (gap 1.00e-09) at x=[0.511157 0.023854 0.163434], c/a=0.382043
  local 14: start 12 → 28 (gap 1.01e-03) at x=[0.292252 0.580568 0.25    ], c/a=0.059512
  local 15: start 12 → 28 (gap 4.93e-03) at x=[0.980507 0.949145 0.25    ], c/a=0.096093
  local 16: start 12 → 15 (gap 1.32e-09) at x=[0.513743 0.49943  0.749502], c/a=0.059266
  local 17: start 12 → 12 (gap 1.00e-09) at x=[0.042366 0.521183 0.133853], c/a=0.431426
  local 18: start 12 → 15 (gap 1.00e-09) at x=[0.933882 0.93079  0.801096], c/a=0.124691
  local 19: start 12 → 20 (gap 1.56e-09) at x=[0.046146 0.547447 0.273433], c/a=0.224353
  local 20: start 12 → 15 (gap 1.25e-09) at x=[0.432079 0.890522 0.751148], c/a=0.063935
  local 21: start 12 → 12 (gap 1.00e-09) at x=[0.978176 0.822108 0.254689], c/a=0.320996
  local 22: start 12 → 15 (gap 4.43e-09) at x=[0.805757 0.00843  0.249769], c/a=0.075592
  local 23: start 12 → 12 (gap 1.01e-09) at x=[0.51671  0.48329  0.230889], c/a=0.206800
  local 24: start 12 → 32 (gap 2.48e-03) at x=[0.047056 0.858716 0.75    ], c/a=0.443442
BEST P -6 2 c 32 [0.04705562 0.85871558 0.75       0.44344159]
