drafter13_out.txt: ['!', '0'] -> # 2 0 | 2 1 4 1 9 1 4 2 8 2 5 3 6 3 8 4 9 4 6 5 10 5 10 6 9 8
drafter13_out.txt: ['!', '0'] -> # 2 0 | 2 1 4 1 9 1 11 1 16 1 4 2 8 2 11 2 15 2 5 3 6 3 12 3 13 3
drafter13_out.txt: ['!', '0'] -> # 2 0 | 2 1 1 2 5 3 1 4 2 4 -1 5 3 5 -2 6 3 6 2 8 1 9 -2 10 -1 10
drafter13_out.txt: ['~', '3', '3', '0'] -> ~ 3 3 0 | 2 1 1 2 1 4 2 4 -1 5 -2 6 -3 8 2 8 -3 9 1 9 -2 10 -1 10 -4 12
drafter14_out.txt: ['!', '0'] -> # 2 0 | 2 1 4 1 9 1 1 2 4 2 8 2 -2 3 -1 3 5 3 6 3 1 4 2 4 3 5 3 6
drafter14_out.txt: ['!', '0'] -> # 2 0 | 2 1 4 1 1 2 4 2 -2 3 -1 3 -6 4 -5 4 1 4 2 4 -4 5 3 5 -4 6 3 6
drafter14_out.txt: ['!', '0'] -> # 2 0 | 2 1 4 1 9 1 11 1 16 1 1 2 4 2 8 2 11 2 15 2 5 3 6 3 12 3 13 3
drafter14_out.txt: ['!', '0'] -> # 2 0 | 2 1 4 1 -3 2 1 2 -2 3 -1 3 -6 4 -5 4 -8 5 -4 5 -11 6 -9 6 -12 8 -10 8
drafter14_out.txt: ['~', '3', '3', '0'] -> ~ 3 3 0 | 1 2 4 2 -1 3 5 3 1 4 2 4 -1 5 3 5 -4 6 -2 6 3 6 -5 8 -3 8 2 8
drafter14_out.txt: ['!', '0'] -> # 2 0 | 1 2 -1 3 1 4 2 4 -1 5 3 5 3 6 5 6 2 8 4 8 4 9 8 9 5 10 6 10
drafter14_out.txt: ['!', '0'] -> # 2 0 | 4 2 8 2 5 3 6 3 1 4 2 4 8 4 -1 5 3 5 6 5 3 6 5 6 2 8 4 8
drafter15_out.txt: ['!', '0'] -> # 2 0 | 2 1 4 1 9 1 11 1 1 2 4 2 8 2 -2 3 -1 3 5 3 6 3 1 4 2 4 -1 5 3 5
drafter15_out.txt: ['!', '0'] -> # 2 0 | 2 1 4 1 1 2 4 2 -2 3 -1 3 5 3 1 4 2 4 -1 5 3 5 3 6 2 8 4 8 4 9
drafter15_out.txt: ['!', '0'] -> # 2 0 | 2 1 4 1 9 1 1 2 4 2 8 2 -1 3 5 3 6 3 1 4 2 4 -1 5 3 5 -2 6 -3 8
drafter15_out.txt: ['!', '0'] -> # 2 0 | 2 1 4 1 1 2 4 2 -1 3 5 3 1 4 2 4 -1 5 3 5 -2 6 3 6 -5 8 -3 8 -3 9
drafter15_out.txt: ['!', '0'] -> # 2 0 | 2 1 4 1 -3 2 1 2 4 2 -2 3 -1 3 5 3 6 3 -6 4 -5 4 1 4 2 4 -4 5 3 5
drafter15_out.txt: ['!', '0'] -> # 2 0 | 2 1 4 1 -3 2 1 2 4 2 -2 3 -1 3 -6 4 -5 4 1 4 2 4 -4 5 -1 5 -4 6 -2 6
drafter15_out.txt: ['!', '0'] -> # 2 0 | 2 1 4 1 9 1 1 2 4 2 8 2 -1 3 5 3 6 3 2 4 3 5 3 6 2 8 1 9 -1 10
drafter15_out.txt: ['!', '0'] -> # 2 0 | 2 1 4 1 1 2 4 2 -2 3 -1 3 -6 4 -5 4 -8 5 -4 5 -9 6 -4 6 -12 8 -10 8 -10 9
drafter15_out.txt: ['!', '0'] -> # 2 0 | 2 1 4 1 -3 2 1 2 -2 3 -1 3 -6 4 -5 4 -8 5 -4 5 -11 6 -9 6 -12 8 -10 8 -10 9
drafter15_out.txt: ['!', '0'] -> # 2 0 | 2 1 1 2 -1 3 -5 4 1 4 2 4 -4 5 -1 5 3 5 -4 6 -2 6 3 6 -3 8 -3 9 -2 10
drafter15_out.txt: ['!', '0'] -> # 2 0 | 2 1 1 2 -1 3 1 4 2 4 -1 5 3 5 -2 6 3 6 -3 8 2 8 -3 9 1 9 -2 10 -1 10
drafter15_out.txt: ['!', '0'] -> # 2 0 | 2 1 1 2 -1 3 1 4 2 4 -1 5 3 5 6 5 -2 6 3 6 5 6 4 8 4 9 5 10 6 10
drafter15_out.txt: ['!', '0'] -> # 2 0 | 2 1 1 2 -1 3 1 4 2 4 -1 5 3 5 -2 6 3 6 2 8 1 9 -1 10 1 11 -1 12 -2 13
drafter15_out.txt: ['!', '0'] -> # 2 0 | 2 1 -3 2 1 2 -2 3 -1 3 1 4 -1 5 -4 6 -2 6 -5 8 -6 9 -8 10 -6 11 -8 12 -9 13
drafter15_out.txt: ['!', '0'] -> # 2 0 | 2 1 1 2 -1 3 -5 4 1 4 -4 5 -1 5 -4 6 -2 6 -5 8 -3 8 -6 9 -3 9 -8 10 -2 10
drafter15_out.txt: ['!', '0'] -> # 2 0 | 2 1 1 2 -1 3 1 4 -1 5 -2 6 -5 8 -3 8 2 8 -6 9 -3 9 1 9 -8 10 -2 10 -1 10
drafter15_out.txt: ['!', '0'] -> # 2 0 | 2 1 1 2 -1 3 1 4 -1 5 -2 6 -5 8 -3 8 -6 9 -3 9 -8 10 -2 10 -1 10 -8 12 -9 13
drafter15_out.txt: ['!', '0'] -> # 2 0 | 2 1 1 2 -1 3 1 4 -1 5 -2 6 -5 8 -3 8 2 8 -6 9 -3 9 1 9 -2 10 -1 10 1 11
drafter15_out.txt: ['!', '0'] -> # 2 0 | 2 1 1 2 -1 3 1 4 -1 5 -2 6 -5 8 -3 8 2 8 -3 9 1 9 -2 10 -1 10 1 11 -1 12
drafter15_out.txt: ['!', '0'] -> # 2 0 | 2 1 1 2 -1 3 -5 4 1 4 -4 5 -1 5 -4 6 -2 6 -5 8 -6 9 -8 10 -6 11 -8 12 -9 13
drafter15_out.txt: ['!', '0'] -> # 2 0 | 2 1 -3 2 1 2 -2 3 -1 3 -6 4 -5 4 1 4 -8 5 -4 5 -11 6 -9 6 -12 8 -10 8 -13 9
drafter15_out.txt: ['!', '0'] -> # 2 0 | 4 1 9 1 4 2 8 2 5 3 6 3 3 5 6 5 3 6 5 6 2 8 4 8 1 9 -2 10 -1 10
drafter16_out.txt: ['!', '0'] -> # 2 0 | 2 1 4 1 9 1 11 1 -3 2 1 2 4 2 8 2 -2 3 -1 3 5 3 6 3 1 4 2 4 -1 5 3 5
drafter16_out.txt: ['!', '0'] -> # 2 0 | 2 1 4 1 1 2 4 2 -2 3 -1 3 5 3 1 4 2 4 -4 5 -1 5 3 5 -4 6 3 6 -5 8 2 8
drafter16_out.txt: ['!', '0'] -> # 2 0 | 2 1 4 1 9 1 11 1 16 1 1 2 4 2 8 2 11 2 15 2 -2 3 -1 3 5 3 6 3 12 3 13 3
drafter16_out.txt: ['!', '0'] -> # 2 0 | 2 1 4 1 -3 2 1 2 -2 3 -1 3 -6 4 -5 4 -8 5 -4 5 -11 6 -9 6 -12 8 -10 8 -13 9 -15 10
drafter16_out.txt: ['!', '0'] -> # 2 0 | 2 1 1 2 -2 3 -1 3 -6 4 -5 4 1 4 2 4 -4 5 -1 5 -4 6 -2 6 -3 8 -3 9 -2 10 -1 10
drafter16_out.txt: ['!', '0'] -> # 2 0 | 2 1 1 2 -1 3 1 4 2 4 -1 5 3 5 6 5 3 6 5 6 4 8 4 9 8 9 5 10 6 10 8 11
drafter16_out.txt: ['!', '0'] -> # 2 0 | 2 1 1 2 -1 3 1 4 2 4 -1 5 3 5 3 6 2 8 4 8 1 9 4 9 8 9 5 10 6 10 8 11
drafter16_out.txt: ['!', '0'] -> # 2 0 | 2 1 1 2 -1 3 1 4 2 4 -1 5 -2 6 -3 8 -3 9 -5 11 -4 12 -4 13 -5 15 -3 15 -6 16 -8 17
drafter16_out.txt: ['!', '0'] -> # 2 0 | 2 1 1 2 -1 3 1 4 2 4 -1 5 -2 6 -3 8 -3 9 -5 11 -4 12 -4 13 -5 15 -3 15 -3 16 -2 17
drafter16_out.txt: ['!', '0'] -> # 2 0 | 2 1 1 2 -2 3 -1 3 1 4 2 4 3 5 6 5 3 6 5 6 4 8 9 8 4 9 8 9 5 10 6 10
drafter16_out.txt: ['!', '0'] -> # 2 0 | 2 1 1 2 -1 3 1 4 -1 5 -2 6 -3 8 -3 9 -2 10 -5 11 -4 12 -4 13 -5 15 -3 15 -6 16 -8 17
drafter16_out.txt: ['!', '0'] -> # 2 0 | 2 1 1 2 -1 3 1 4 -1 5 -2 6 -3 8 -3 9 -2 10 -5 11 -4 12 -4 13 -5 15 -3 15 -3 16 -2 17
drafter16_out.txt: ['!', '0'] -> # 2 0 | 2 1 1 2 -1 3 -1 5 -2 6 -3 8 -3 9 -2 10 -1 10 -5 11 -4 12 -4 13 -5 15 -3 15 -6 16 -8 17
drafter16_out.txt: ['!', '0'] -> # 2 0 | 2 1 1 2 -1 3 -1 5 -2 6 -3 8 -3 9 -2 10 -1 10 -5 11 -4 12 -4 13 -5 15 -3 15 -3 16 -2 17
drafter16_out.txt: ['!', '0'] -> # 2 0 | 2 1 1 2 -1 3 -1 5 -2 6 -3 8 -3 9 -2 10 -5 11 -4 12 -4 13 -5 15 -6 16 -9 17 -8 17 -6 18
drafter16_out.txt: ['!', '0'] -> # 2 0 | 1 2 -2 3 -1 3 1 4 2 4 -1 5 3 5 -4 6 -2 6 -5 8 -3 8 -10 9 -6 9 -9 10 -8 10 -11 12
drafter16_out.txt: ['!', '0'] -> # 2 0 | 1 2 -2 3 -1 3 1 4 2 4 -1 5 3 5 -2 6 -10 8 -5 8 -3 8 -10 9 -6 9 -9 10 -8 10 -11 12
drafter16_out.txt: ['!', '0'] -> # 2 0 | 1 2 4 2 8 2 -1 3 5 3 6 3 1 4 2 4 -1 5 3 5 -2 6 3 6 5 6 -3 8 2 8 4 8
drafter16_out.txt: ['!', '0'] -> # 2 0 | 1 2 -1 3 1 4 2 4 -1 5 3 5 -2 6 3 6 5 6 4 8 4 9 8 9 5 10 6 10 2 11 3 12
drafter16_out.txt: ['!', '0'] -> # 2 0 | 1 2 -1 3 1 4 2 4 -1 5 3 5 -2 6 3 6 5 6 4 8 4 9 5 10 2 11 3 12 3 13 2 15
drafter16_out.txt: ['!', '0'] -> # 2 0 | 1 2 -1 3 1 4 2 4 -4 5 -1 5 3 5 -4 6 -2 6 -5 8 -3 8 -6 9 -9 10 -8 10 -12 11 -11 12
drafter16_out.txt: ['!', '0'] -> # 2 0 | 1 2 -1 3 1 4 2 4 -1 5 3 5 -4 6 -2 6 -5 8 -3 8 -10 9 -6 9 -9 10 -8 10 -12 11 -11 12
drafter16_out.txt: ['!', '0'] -> # 2 0 | 1 2 -1 3 1 4 2 4 -1 5 3 5 3 6 5 6 2 8 4 8 4 9 5 10 2 11 3 12 3 13 2 15
drafter16_out.txt: ['!', '0'] -> timeout>300s | 1 2 -1 3 1 4 2 4 -1 5 3 5 3 6 5 6 2 8 4 8 4 9 8 9 5 10 6 10 8 11 6 12
drafter16_out.txt: ['!', '0'] -> # 2 0 | 1 2 -1 3 1 4 2 4 3 5 3 6 5 6 2 8 4 8 1 9 4 9 5 10 2 11 3 12 3 13 2 15
drafter16_out.txt: ['!', '0'] -> # 2 0 | 1 2 1 4 2 4 -1 5 3 5 -2 6 3 6 5 6 4 8 4 9 5 10 1 11 2 11 3 12 3 13 2 15
drafter16_out.txt: ['!', '0'] -> # 2 0 | 1 2 1 4 2 4 -1 5 3 5 3 6 5 6 2 8 4 8 4 9 5 10 1 11 2 11 3 12 3 13 2 15
drafter16_out.txt: ['!', '0'] -> # 2 0 | 4 2 8 2 5 3 6 3 1 4 2 4 8 4 -1 5 3 5 6 5 3 6 5 6 2 8 4 8 4 9 5 10
drafter16_out.txt: ['!', '0'] -> # 2 0 | 4 2 8 2 5 3 6 3 1 4 2 4 8 4 9 4 -1 5 3 5 6 5 10 5 -2 6 3 6 5 6 4 8
drafter16_out.txt: ['!', '0'] -> # 2 0 | 4 2 8 2 5 3 6 3 1 4 2 4 -1 5 3 5 6 5 3 6 5 6 2 8 4 8 4 9 5 10 6 10
drafter16_out.txt: ['!', '0'] -> # 2 0 | 4 2 8 2 5 3 6 3 1 4 2 4 8 4 9 4 -1 5 3 5 6 5 10 5 -2 6 5 6 -3 8 4 8
drafter16_out.txt: ['!', '0'] -> # 2 0 | 4 2 8 2 5 3 6 3 1 4 2 4 8 4 9 4 -1 5 3 5 10 5 3 6 10 6 2 8 9 8 8 9
drafter16_out.txt: ['!', '0'] -> # 2 0 | 4 2 8 2 5 3 6 3 1 4 2 4 -1 5 3 5 3 6 5 6 2 8 4 8 1 9 4 9 -1 10 5 10
drafter16_out.txt: ['!', '0'] -> # 2 0 | 4 2 8 2 5 3 6 3 1 4 2 4 -1 5 3 5 3 6 5 6 2 8 4 8 4 9 8 9 5 10 6 10
drafter16_out.txt: ['!', '0'] -> # 2 0 | 4 2 8 2 5 3 6 3 1 4 2 4 -1 5 3 5 3 6 2 8 4 8 9 8 4 9 8 9 5 10 6 10
drafter16_out.txt: ['!', '0'] -> # 2 0 | 4 2 8 2 5 3 6 3 1 4 2 4 -1 5 3 5 -4 6 -2 6 3 6 -5 8 -10 9 -6 9 -9 10 -8 10
drafter16_out.txt: ['!', '0'] -> # 2 0 | 4 2 8 2 5 3 6 3 1 4 2 4 -1 5 3 5 -4 6 -2 6 -5 8 -3 8 -10 9 -6 9 -9 10 -8 10
drafter16_out.txt: ['!', '0'] -> # 2 0 | 4 2 8 2 5 3 6 3 1 4 2 4 -1 5 3 5 -2 6 -3 8 -3 9 -2 10 -6 11 -5 11 -8 12 -4 12
drafter16_out.txt: ['!', '0'] -> # 2 0 | 4 2 8 2 5 3 6 3 1 4 2 4 -1 5 -4 6 -2 6 -5 8 -3 8 -10 9 -6 9 -3 9 -9 10 -8 10
drafter16_out.txt: ['!', '0'] -> # 2 0 | 4 1 9 1 4 2 8 2 5 3 6 3 2 4 8 4 3 5 6 5 3 6 5 6 2 8 4 8 1 9 -1 10
drafter16_out.txt: ['!', '0'] -> # 2 0 | 4 1 9 1 4 2 8 2 5 3 6 3 2 4 3 5 3 6 2 8 4 8 9 8 4 9 8 9 5 10 6 10
drafter17_out.txt: ['~', '3', '3', '0'] -> ~ 3 3 0 | 2 1 -3 2 1 2 -2 3 -1 3 1 4 2 4 -4 5 -1 5 -4 6 -2 6 -3 8 -3 9 -2 10 -1 10 -4 12 -4 13
