drafter20_out.txt: ['!', '0'] -> # 2 0 | 2 1 4 1 1 2 4 2 -2 3 -1 3 5 3 6 3 -6 4 -5 4 1 4 2 4 -4 5 -1 5 3 5 -4 6 -2 6 3 6 -3 8 -3 9
drafter20_out.txt: ['!', '0'] -> # 2 0 | 2 1 4 1 1 2 4 2 -2 3 -1 3 5 3 1 4 2 4 -4 5 -1 5 3 5 -4 6 -2 6 3 6 2 8 1 9 -2 10 -1 10 -4 12
drafter20_out.txt: ['!', '0'] -> # 2 0 | 2 1 4 1 1 2 4 2 -1 3 5 3 1 4 2 4 -1 5 3 5 -2 6 3 6 -3 8 2 8 -3 9 1 9 -2 10 -1 10 -5 11 -4 12
drafter20_out.txt: ['!', '0'] -> # 2 0 | 2 1 4 1 -3 2 1 2 4 2 -2 3 -1 3 -6 4 -5 4 1 4 2 4 -8 5 -4 5 -1 5 -9 6 -4 6 -2 6 -10 8 -10 9 -12 11
drafter20_out.txt: ['!', '0'] -> # 2 0 | 2 1 4 1 9 1 11 1 16 1 1 2 4 2 8 2 11 2 15 2 5 3 6 3 12 3 13 3 1 4 2 4 3 5 3 6 2 8 1 9
drafter20_out.txt: ['!', '0'] -> # 2 0 | 2 1 4 1 -3 2 1 2 4 2 -2 3 -1 3 -6 4 -5 4 -8 5 -11 6 -9 6 -12 8 -10 8 -5 8 -3 8 -10 9 -6 9 -9 10 -8 10
drafter20_out.txt: ['!', '0'] -> # 2 0 | 2 1 4 1 -3 2 1 2 4 2 -2 3 -1 3 -6 4 -5 4 -8 5 -9 6 -10 8 -5 8 -3 8 -10 9 -6 9 -9 10 -8 10 -12 11 -11 12
drafter20_out.txt: ['!', '0'] -> # 2 0 | 2 1 4 1 9 1 1 2 4 2 8 2 5 3 6 3 8 4 9 4 6 5 10 5 5 6 10 6 4 8 9 8 4 9 8 9 5 10 6 10
drafter20_out.txt: ['!', '0'] -> ? | 2 1 4 1 9 1 11 1 16 1 18 1 23 1 1 2 4 2 8 2 11 2 15 2 18 2 22 2 5 3 6 3 12 3 13 3 19 3 20 3
drafter20_out.txt: ['!', '0'] -> # 2 0 | 2 1 4 1 -3 2 1 2 -2 3 -1 3 -6 4 -5 4 -8 5 -4 5 -11 6 -9 6 -12 8 -10 8 -5 8 -3 8 -10 9 -6 9 -9 10 -8 10
drafter20_out.txt: ['!', '0'] -> # 2 0 | 2 1 4 1 -3 2 1 2 -2 3 -1 3 -6 4 -5 4 -8 5 -4 5 -11 6 -9 6 -12 8 -10 8 -17 9 -13 9 -16 10 -15 10 -19 11 -18 12
drafter20_out.txt: ['!', '0'] -> # 2 0 | 2 1 4 1 -3 2 1 2 -2 3 -1 3 -6 4 -5 4 -8 5 -4 5 -11 6 -9 6 -19 8 -17 8 -12 8 -10 8 -17 9 -13 9 -16 10 -15 10
drafter20_out.txt: ['!', '0'] -> # 2 0 | 2 1 4 1 -3 2 1 2 -2 3 -1 3 -6 4 -5 4 -8 5 -4 5 -9 6 -10 8 -5 8 -3 8 -10 9 -6 9 -9 10 -8 10 -12 11 -11 12
drafter20_out.txt: ['!', '0'] -> # 2 0 | 2 1 4 1 1 2 -2 3 -1 3 -6 4 -5 4 -11 5 -8 5 -4 5 -11 6 -9 6 -19 8 -17 8 -12 8 -10 8 -17 9 -13 9 -16 10 -15 10
drafter20_out.txt: ['!', '0'] -> ? | 2 1 4 1 9 1 4 2 8 2 5 3 6 3 8 4 9 4 6 5 10 5 10 6 9 8 11 8 16 8 18 8 11 9 15 9 12 10 13 10
drafter20_out.txt: ['!', '0'] -> # 2 0 | 2 1 9 1 1 2 8 2 -2 3 -1 3 5 3 6 3 -6 4 -5 4 1 4 2 4 -4 5 -1 5 3 5 -4 6 -2 6 3 6 -3 8 -3 9
drafter20_out.txt: ['!', '0'] -> # 2 0 | 2 1 1 2 -2 3 -1 3 -6 4 -5 4 1 4 2 4 -4 5 -1 5 3 5 6 5 -4 6 -2 6 3 6 5 6 -3 8 4 8 -3 9 4 9
drafter20_out.txt: ['!', '0'] -> # 2 0 | 2 1 9 1 1 2 8 2 -2 3 -1 3 5 3 6 3 1 4 2 4 -1 5 3 5 6 5 -2 6 3 6 5 6 -3 8 4 8 -3 9 4 9
drafter20_out.txt: ['!', '0'] -> # 2 0 | 2 1 -3 2 1 2 -2 3 -1 3 1 4 2 4 -1 5 3 5 3 6 10 6 2 8 4 8 9 8 4 9 8 9 5 10 6 10 8 11 6 12
drafter20_out.txt: ['!', '0'] -> # 2 0 | 2 1 -3 2 1 2 -2 3 -1 3 1 4 2 4 -1 5 3 5 3 6 10 6 12 6 2 8 4 8 9 8 11 8 4 9 8 9 5 10 6 10
drafter20_out.txt: ['!', '0'] -> # 2 0 | 2 1 1 2 -2 3 -1 3 1 4 2 4 -1 5 3 5 10 5 3 6 10 6 2 8 4 8 9 8 4 9 8 9 5 10 6 10 8 11 6 12
drafter20_out.txt: ['!', '0'] -> # 2 0 | 2 1 1 2 -2 3 -1 3 1 4 2 4 -1 5 3 5 10 5 3 6 10 6 12 6 2 8 4 8 9 8 11 8 4 9 8 9 5 10 6 10
drafter20_out.txt: ['!', '0'] -> # 2 0 | 2 1 1 2 -1 3 1 4 2 4 9 4 -1 5 3 5 10 5 3 6 10 6 2 8 4 8 9 8 4 9 8 9 5 10 6 10 8 11 6 12
drafter20_out.txt: ['!', '0'] -> # 2 0 | 2 1 1 2 -1 3 1 4 2 4 9 4 -1 5 3 5 10 5 3 6 10 6 12 6 2 8 4 8 9 8 11 8 4 9 8 9 5 10 6 10
drafter20_out.txt: ['!', '0'] -> # 2 0 | 2 1 9 1 1 2 8 2 -2 3 -1 3 5 3 6 3 -6 4 -5 4 1 4 2 4 -4 5 3 5 6 5 -4 6 3 6 5 6 4 8 4 9
drafter20_out.txt: ['~', '3', '3', '0'] -> ~ 3 3 0 | 2 1 1 2 -2 3 -1 3 -6 4 -5 4 1 4 2 4 -4 5 3 5 6 5 -4 6 3 6 5 6 4 8 9 8 4 9 8 9 5 10 6 10
drafter20_out.txt: ['!', '0'] -> # 2 0 | 2 1 9 1 1 2 8 2 -2 3 -1 3 5 3 6 3 1 4 2 4 3 5 6 5 3 6 5 6 2 8 4 8 1 9 4 9 -2 10 -1 10
drafter20_out.txt: ['!', '0'] -> # 2 0 | 2 1 9 1 1 2 8 2 -2 3 -1 3 5 3 6 3 1 4 2 4 8 4 9 4 3 5 6 5 10 5 3 6 5 6 10 6 4 8 4 9
drafter20_out.txt: ['!', '0'] -> # 2 0 | 2 1 9 1 1 2 8 2 -2 3 -1 3 5 3 6 3 1 4 2 4 3 5 3 6 2 8 1 9 -2 10 -1 10 -6 11 -5 11 -4 12 -4 13
drafter20_out.txt: ['!', '0'] -> # 2 0 | 2 1 1 2 -1 3 1 4 -1 5 -2 6 -3 8 -3 9 -2 10 -5 11 -4 12 -4 13 -10 15 -5 15 -10 16 -6 16 -9 17 -8 17 -6 18 -8 19
drafter20_out.txt: ['!', '0'] -> # 2 0 | 2 1 1 2 -1 3 1 4 -1 5 -2 6 -3 8 -3 9 -2 10 -5 11 -4 12 -4 13 -10 15 -5 15 -10 16 -6 16 -9 17 -8 17 -12 18 -11 19
drafter20_out.txt: ['!', '0'] -> # 2 0 | 2 1 1 2 1 4 2 4 8 4 9 4 -1 5 3 5 10 5 3 6 10 6 2 8 4 8 9 8 4 9 8 9 5 10 6 10 8 11 6 12
drafter20_out.txt: ['!', '0'] -> # 2 0 | 2 1 1 2 1 4 2 4 8 4 9 4 -1 5 3 5 10 5 3 6 10 6 12 6 2 8 4 8 9 8 11 8 4 9 8 9 5 10 6 10
drafter20_out.txt: ['!', '0'] -> # 2 0 | 2 1 1 2 1 4 -1 5 -2 6 -3 8 -3 9 -2 10 -6 11 -5 11 -4 12 -4 13 -10 15 -5 15 -10 16 -6 16 -9 17 -8 17 -6 18 -8 19
drafter20_out.txt: ['!', '0'] -> # 2 0 | 2 1 1 2 1 4 -1 5 -2 6 -3 8 -3 9 -2 10 -6 11 -5 11 -4 12 -4 13 -10 15 -5 15 -10 16 -6 16 -9 17 -8 17 -12 18 -11 19
drafter20_out.txt: ['!', '0'] -> # 2 0 | 2 1 1 2 -2 3 -1 3 -6 4 -5 4 -8 5 -4 5 -1 5 -9 6 -4 6 -2 6 -12 8 -10 8 -3 8 -13 9 -10 9 -3 9 -16 10 -15 10
drafter20_out.txt: ['!', '0'] -> # 2 0 | 2 1 9 1 1 2 8 2 -2 3 -1 3 5 3 6 3 -1 5 6 5 -2 6 5 6 -3 8 2 8 4 8 -3 9 1 9 4 9 -2 10 -1 10
drafter20_out.txt: ['!', '0'] -> # 2 0 | 2 1 -3 2 1 2 -2 3 -1 3 -6 4 -5 4 -8 5 -4 5 -11 6 -9 6 -4 6 -12 8 -10 8 -5 8 -3 8 -10 9 -6 9 -9 10 -8 10
drafter20_out.txt: ['!', '0'] -> # 2 0 | 2 1 -3 2 1 2 -2 3 -1 3 -6 4 -5 4 -8 5 -4 5 -9 6 -4 6 -10 8 -5 8 -3 8 -10 9 -6 9 -9 10 -8 10 -12 11 -11 12
drafter20_out.txt: ['!', '0'] -> # 2 0 | 2 1 -3 2 1 2 -2 3 -1 3 -6 4 -5 4 -8 5 -4 5 -11 6 -9 6 -17 8 -12 8 -10 8 -17 9 -13 9 -16 10 -15 10 -19 11 -18 12
drafter20_out.txt: ['!', '0'] -> # 2 0 | 2 1 -3 2 1 2 -2 3 -1 3 -6 4 -5 4 -8 5 -4 5 -18 6 -11 6 -9 6 -19 8 -17 8 -12 8 -10 8 -17 9 -13 9 -16 10 -15 10
drafter20_out.txt: ['!', '0'] -> # 2 0 | 2 1 1 2 -2 3 -1 3 -6 4 -5 4 -11 5 -8 5 -4 5 -11 6 -9 6 -4 6 -12 8 -10 8 -5 8 -13 9 -10 9 -6 9 -9 10 -8 10
drafter20_out.txt: ['!', '0'] -> # 2 0 | 2 1 1 2 -2 3 -1 3 -6 4 -5 4 -8 5 -4 5 -9 6 -4 6 -12 8 -10 8 -13 9 -10 9 -16 10 -15 10 -20 11 -19 11 -18 12 -18 13
drafter20_out.txt: ['!', '0'] -> # 2 0 | 2 1 1 2 -2 3 -1 3 -6 4 -5 4 -11 5 -8 5 -4 5 -11 6 -9 6 -17 8 -12 8 -10 8 -17 9 -13 9 -16 10 -15 10 -19 11 -18 12
drafter20_out.txt: ['!', '0'] -> # 2 0 | 2 1 1 2 -2 3 -1 3 -6 4 -5 4 -11 5 -8 5 -4 5 -18 6 -11 6 -9 6 -19 8 -17 8 -12 8 -10 8 -17 9 -13 9 -16 10 -15 10
drafter20_out.txt: ['!', '0'] -> # 2 0 | 2 1 1 2 -2 3 -1 3 -6 4 -5 4 -8 5 -4 5 -11 6 -9 6 -12 8 -10 8 -17 9 -13 9 -16 10 -15 10 -20 11 -19 11 -18 12 -18 13
drafter20_out.txt: ['!', '0'] -> # 2 0 | 1 2 4 2 8 2 -1 3 5 3 6 3 1 4 2 4 8 4 -1 5 3 5 6 5 -4 6 -2 6 3 6 5 6 -5 8 -3 8 2 8 4 8
drafter20_out.txt: ['!', '0'] -> # 2 0 | 1 2 4 2 8 2 -1 3 5 3 6 3 1 4 2 4 8 4 9 4 -1 5 3 5 6 5 10 5 -2 6 3 6 5 6 -3 8 2 8 4 8
drafter20_out.txt: ['!', '0'] -> # 2 0 | 1 2 4 2 8 2 -1 3 5 3 6 3 1 4 2 4 8 4 -1 5 3 5 6 5 3 6 5 6 2 8 4 8 1 9 -1 10 1 11 -1 12
drafter20_out.txt: ['!', '0'] -> # 2 0 | 1 2 4 2 8 2 -1 3 5 3 6 3 1 4 2 4 8 4 -1 5 3 5 6 5 3 6 5 6 2 8 4 8 4 9 5 10 2 11 3 12
drafter20_out.txt: ['!', '0'] -> # 2 0 | 1 2 4 2 8 2 11 2 -1 3 5 3 6 3 12 3 1 4 2 4 8 4 9 4 -1 5 3 5 6 5 10 5 3 6 5 6 2 8 4 8
drafter20_out.txt: ['!', '0'] -> # 2 0 | 1 2 -1 3 -5 4 1 4 2 4 -4 5 -1 5 3 5 -4 6 -2 6 3 6 5 6 -5 8 -3 8 2 8 4 8 -3 9 1 9 -2 10 -1 10
drafter20_out.txt: ['!', '0'] -> # 2 0 | 1 2 -1 3 -5 4 1 4 2 4 -4 5 -1 5 3 5 -4 6 -2 6 3 6 -5 8 -3 8 2 8 -3 9 1 9 -2 10 -1 10 1 11 -1 12
drafter20_out.txt: ['!', '0'] -> # 2 0 | 1 2 -1 3 1 4 2 4 -1 5 3 5 -2 6 3 6 5 6 -3 8 2 8 4 8 -3 9 1 9 4 9 8 9 -2 10 -1 10 5 10 6 10
drafter20_out.txt: ['!', '0'] -> # 2 0 | 1 2 -1 3 1 4 2 4 -1 5 3 5 -2 6 3 6 5 6 -3 8 2 8 4 8 -3 9 1 9 4 9 8 9 -2 10 5 10 6 10 8 11
drafter20_out.txt: ['!', '0'] -> # 2 0 | 1 2 -1 3 1 4 2 4 -1 5 3 5 -2 6 3 6 5 6 -3 8 2 8 4 8 -3 9 4 9 8 9 -2 10 -1 10 5 10 6 10 6 12
drafter20_out.txt: ['!', '0'] -> ? | 1 2 -1 3 1 4 2 4 -1 5 3 5 -2 6 3 6 5 6 -3 8 2 8 4 8 4 9 8 9 5 10 6 10 8 11 9 11 6 12 10 12
drafter20_out.txt: ['!', '0'] -> # 2 0 | 1 2 -1 3 1 4 2 4 -1 5 3 5 -2 6 3 6 -3 8 2 8 -3 9 1 9 -2 10 -1 10 1 11 2 11 -1 12 3 12 3 13 2 15
drafter20_out.txt: ['!', '0'] -> # 2 0 | 1 2 -1 3 1 4 2 4 -1 5 3 5 -2 6 3 6 -3 8 2 8 -3 9 1 9 -1 10 1 11 -1 12 -2 13 -3 15 -3 16 -2 17 -5 18
drafter20_out.txt: ['!', '0'] -> # 2 0 | 1 2 -1 3 1 4 2 4 -1 5 3 5 -2 6 3 6 -3 8 2 8 1 9 -2 10 -1 10 1 11 -1 12 -2 13 -3 15 -3 16 -2 17 -4 19
drafter20_out.txt: ['!', '0'] -> ? | 1 2 -1 3 1 4 2 4 -1 5 3 5 3 6 5 6 2 8 4 8 1 9 4 9 8 9 5 10 6 10 8 11 9 11 10 12 10 13 9 15
drafter20_out.txt: ['!', '0'] -> # 2 0 | 1 2 -1 3 1 4 2 4 9 4 -1 5 3 5 10 5 3 6 5 6 10 6 2 8 4 8 9 8 4 9 8 9 5 10 6 10 8 11 6 12
drafter20_out.txt: ['!', '0'] -> ? | 1 2 -1 3 1 4 2 4 -1 5 3 5 3 6 5 6 2 8 4 8 4 9 8 9 5 10 6 10 8 11 9 11 6 12 10 12 10 13 9 15
drafter20_out.txt: ['!', '0'] -> # 2 0 | 1 2 -1 3 1 4 2 4 9 4 -1 5 3 5 10 5 3 6 5 6 10 6 12 6 2 8 4 8 9 8 11 8 4 9 8 9 5 10 6 10
drafter20_out.txt: ['!', '0'] -> ? | 1 2 -1 3 1 4 2 4 -1 5 3 5 3 6 5 6 4 8 4 9 8 9 5 10 6 10 8 11 9 11 6 12 10 12 5 13 10 13 9 15
drafter20_out.txt: ['!', '0'] -> ? | 1 2 -1 3 1 4 2 4 -1 5 3 5 3 6 2 8 1 9 -1 10 1 11 -1 12 -2 13 -3 15 -3 16 -2 17 -5 18 -4 19 -4 20 -5 22
drafter20_out.txt: ['!', '0'] -> ? | 1 2 -1 3 1 4 2 4 3 5 3 6 5 6 2 8 4 8 1 9 4 9 8 9 5 10 6 10 8 11 9 11 10 12 10 13 9 15 8 16
drafter20_out.txt: ['!', '0'] -> ? | 1 2 -1 3 1 4 2 4 3 5 3 6 5 6 2 8 4 8 4 9 8 9 5 10 6 10 8 11 9 11 6 12 10 12 10 13 9 15 8 16
drafter20_out.txt: ['!', '0'] -> ? | 1 2 -1 3 1 4 2 4 3 5 3 6 5 6 4 8 4 9 8 9 5 10 6 10 8 11 9 11 6 12 10 12 5 13 10 13 9 15 8 16
drafter20_out.txt: ['!', '0'] -> # 2 0 | 1 2 -1 3 1 4 -1 5 -4 6 -2 6 -5 8 -3 8 -10 9 -6 9 -9 10 -8 10 -12 11 -6 11 -11 12 -8 12 -11 13 -9 13 -12 15 -10 15
drafter20_out.txt: ['!', '0'] -> # 2 0 | 1 2 -2 3 -1 3 -6 4 -5 4 -11 5 -8 5 -4 5 -16 6 -11 6 -9 6 -17 8 -12 8 -10 8 -17 9 -13 9 -16 10 -15 10 -19 11 -18 12
drafter20_out.txt: ['!', '0'] -> # 2 0 | 1 2 -2 3 -1 3 -6 4 -5 4 -11 5 -8 5 -4 5 -18 6 -16 6 -11 6 -9 6 -19 8 -17 8 -12 8 -10 8 -17 9 -13 9 -16 10 -15 10
drafter20_out.txt: ['!', '0'] -> # 2 0 | 4 2 8 2 5 3 6 3 1 4 2 4 8 4 -1 5 3 5 6 5 -4 6 -2 6 3 6 5 6 -5 8 -3 8 2 8 4 8 -6 9 -8 10
drafter20_out.txt: ['!', '0'] -> # 2 0 | 4 2 8 2 5 3 6 3 1 4 2 4 8 4 -1 5 3 5 6 5 3 6 5 6 2 8 4 8 1 9 -1 10 1 11 2 11 -1 12 3 12
drafter20_out.txt: ['!', '0'] -> # 2 0 | 4 2 8 2 5 3 6 3 1 4 2 4 -1 5 3 5 -2 6 3 6 5 6 -3 8 2 8 4 8 -3 9 1 9 4 9 -2 10 -1 10 5 10
drafter20_out.txt: ['!', '0'] -> # 2 0 | 4 2 8 2 5 3 6 3 1 4 2 4 -1 5 3 5 3 6 5 6 2 8 4 8 1 9 4 9 -1 10 5 10 1 11 2 11 -1 12 3 12
drafter20_out.txt: ['!', '0'] -> # 2 0 | 4 2 8 2 5 3 6 3 1 4 2 4 -1 5 3 5 3 6 5 6 2 8 4 8 1 9 4 9 -1 10 5 10 2 11 3 12 3 13 2 15
drafter20_out.txt: ['!', '0'] -> # 2 0 | 4 2 8 2 5 3 6 3 1 4 2 4 -4 5 -1 5 3 5 -4 6 -2 6 3 6 -5 8 -6 9 -9 10 -8 10 -13 11 -12 11 -15 12 -11 12
drafter20_out.txt: ['!', '0'] -> # 2 0 | 4 2 8 2 5 3 6 3 1 4 2 4 -1 5 3 5 -4 6 -2 6 -5 8 -3 8 -10 9 -6 9 -9 10 -8 10 -13 11 -12 11 -15 12 -11 12
drafter20_out.txt: ['!', '0'] -> # 2 0 | 4 2 8 2 5 3 6 3 1 4 2 4 -4 5 -1 5 -4 6 -2 6 -10 8 -5 8 -10 9 -6 9 -9 10 -8 10 -13 11 -12 11 -15 12 -11 12
drafter20_out.txt: ['!', '0'] -> # 2 0 | 4 1 9 1 4 2 8 2 5 3 6 3 1 4 2 4 -1 5 3 5 -2 6 -10 8 -5 8 -3 8 -10 9 -6 9 -9 10 -8 10 -12 11 -11 12
drafter20_out.txt: ['!', '0'] -> # 2 0 | 4 1 9 1 4 2 8 2 5 3 6 3 1 4 2 4 -1 5 3 5 -11 6 -2 6 -12 8 -10 8 -5 8 -3 8 -10 9 -6 9 -9 10 -8 10
