I 41 2 2: 133 entries
entries with cells: 133  skipped: Counter()  errors: 0
max facets per entry: [(8, 2), (18, 1), (20, 38), (21, 11), (22, 13), (23, 13), (24, 11), (25, 28), (26, 9), (27, 2), (28, 1), (29, 3), (30, 1)]
top: [('7229827', 30), ('4104581', 29), ('7209533', 29), ('7209534', 29), ('4500562', 28), ('1548978', 27), ('4344744', 27), ('1548982', 26), ('2105970', 26), ('4001329', 26)]
P 61 2 2: 157 entries
entries with cells: 155  skipped: Counter()  errors: 0
max facets per entry: [(14, 2), (16, 7), (17, 1), (18, 17), (19, 21), (20, 56), (21, 29), (22, 12), (24, 4), (25, 1), (29, 3), (30, 2)]
top: [('4129980', 30), ('4131528', 30), ('4109637', 29), ('4129981', 29), ('7102278', 29), ('4131527', 25), ('1540551', 24), ('7125122', 24), ('7130782', 24), ('7215093', 24)]
P 65 2 2: 145 entries
entries with cells: 145  skipped: Counter()  errors: 0
max facets per entry: [(16, 1), (17, 2), (18, 17), (19, 25), (20, 36), (21, 33), (22, 15), (23, 6), (24, 1), (25, 2), (26, 1), (29, 3), (30, 1), (31, 2)]
top: [('1572863', 31), ('4129982', 31), ('4346585', 30), ('4101496', 29), ('4106883', 29), ('7239963', 29), ('7717450', 26), ('2002949', 25), ('7013058', 25), ('4128065', 24)]
I -4 2 d: 502 entries
entries with cells: 499  skipped: Counter({'setting': 1})  errors: 0
max facets per entry: [(14, 20), (15, 4), (16, 74), (17, 18), (18, 98), (19, 68), (20, 80), (21, 46), (22, 59), (23, 5), (24, 11), (25, 7), (26, 3), (27, 4), (28, 2)]
top: [('7122003', 28), ('7217266', 28), ('4134394', 27), ('7003809', 27), ('7022619', 27), ('7116639', 27), ('2239989', 26), ('4100864', 26), ('7022620', 26), ('1575850', 25)]
P 43 3 2: 92 entries
entries with cells: 90  skipped: Counter()  errors: 0
max facets per entry: [(18, 9), (19, 1), (21, 4), (22, 66), (23, 5), (24, 2), (25, 2), (26, 1)]
top: [('7125274', 26), ('1576527', 25), ('4128773', 25), ('4128774', 24), ('7034022', 24), ('1562753', 23), ('1562754', 23), ('1562755', 23), ('4128771', 23), ('4128772', 23)]
P 41 3 2: 91 entries
entries with cells: 89  skipped: Counter()  errors: 0
max facets per entry: [(16, 2), (18, 6), (19, 1), (20, 3), (21, 1), (22, 66), (23, 5), (24, 4), (25, 1)]
top: [('4342311', 25), ('1535840', 24), ('2022782', 24), ('7034021', 24), ('7205516', 24), ('1562752', 23), ('4501302', 23), ('4504383', 23), ('7125363', 23), ('7221991', 23)]
I 41 c d: 188 entries
entries with cells: 187  skipped: Counter()  errors: 0
max facets per entry: [(14, 1), (16, 41), (17, 34), (18, 6), (19, 95), (20, 8), (21, 1), (22, 1)]
top: [('4076575', 22), ('2231225', 21), ('2234068', 20), ('4038431', 20), ('4084391', 20), ('7031983', 20), ('7047963', 20), ('7047964', 20), ('7047965', 20), ('7047967', 20)]
I 21 3: 107 entries
entries with cells: 107  skipped: Counter()  errors: 0
max facets per entry: [(12, 15), (13, 15), (16, 1), (18, 2), (19, 2), (20, 70), (22, 1), (24, 1)]
top: [('7223002', 24), ('4034165', 22), ('1000236', 20), ('1004122', 20), ('1503738', 20), ('1523397', 20), ('1526991', 20), ('1527769', 20), ('1528807', 20), ('1534186', 20)]
P 21 3: 603 entries
entries with cells: 593  skipped: Counter({'setting': 3})  errors: 4
max facets per entry: [(12, 73), (16, 82), (18, 308), (20, 84), (22, 40), (24, 6)]
top: [('1570812', 24), ('7026942', 24), ('7052981', 24), ('7114049', 24), ('7128251', 24), ('7707836', 24), ('1536574', 22), ('1536576', 22), ('1542746', 22), ('1546121', 22)]
P 41 21 2: 968 entries
entries with cells: 953  skipped: Counter()  errors: 4
max facets per entry: [(12, 3), (14, 10), (15, 4), (16, 23), (17, 17), (18, 226), (19, 40), (20, 451), (21, 32), (22, 95), (23, 22), (24, 25), (25, 1), (26, 4)]
top: [('4079992', 26), ('4128618', 26), ('4309036', 26), ('7208961', 26), ('7105392', 25), ('1524660', 24), ('1545136', 24), ('1566025', 24), ('2104620', 24), ('2105956', 24)]
P 43 21 2: 852 entries
entries with cells: 850  skipped: Counter()  errors: 0
max facets per entry: [(12, 3), (14, 3), (15, 3), (16, 10), (17, 13), (18, 223), (19, 30), (20, 394), (21, 53), (22, 75), (23, 19), (24, 19), (25, 1), (26, 4)]
top: [('1571460', 26), ('4130824', 26), ('4134427', 26), ('4338274', 26), ('1527618', 25), ('1550972', 24), ('2021656', 24), ('2108121', 24), ('2222447', 24), ('4000043', 24)]
I 41: 135 entries
entries with cells: 135  skipped: Counter()  errors: 0
max facets per entry: [(8, 1), (15, 1), (16, 2), (17, 1), (18, 5), (19, 14), (20, 31), (21, 26), (22, 5), (23, 17), (24, 10), (25, 9), (26, 13)]
top: [('2216290', 26), ('4063564', 26), ('4115409', 26), ('4345422', 26), ('4348613', 26), ('7054992', 26), ('7061315', 26), ('7105399', 26), ('7105400', 26), ('7117317', 26)]
P 31 2 1: 551 entries
entries with cells: 546  skipped: Counter({'setting': 5})  errors: 0
max facets per entry: [(10, 1), (11, 2), (12, 4), (14, 5), (15, 5), (16, 16), (17, 34), (18, 116), (19, 138), (20, 90), (21, 87), (22, 37), (23, 5), (24, 6)]
top: [('1509885', 24), ('1571126', 24), ('7026282', 24), ('7026906', 24), ('7102287', 24), ('7135154', 24), ('1567635', 23), ('4027950', 23), ('4126287', 23), ('4518097', 23)]
ALL DONE
