I 41 2 2: random 30000 in 34s, top facet counts [(27, 69), (28, 39), (29, 47), (30, 5), (31, 9), (33, 1)]
  local 0: start 33 → 33 (gap 2.60e-03) at x=[0.216569 0.545235 0.842109], c/a=1.462954
  local 1: start 31 → 31 (gap 1.37e-09) at x=[0.945807 0.841663 0.564367], c/a=1.608134
  local 2: start 31 → 31 (gap 2.27e-08) at x=[0.586095 0.488524 0.961767], c/a=1.122205
  local 3: start 31 → 31 (gap 8.04e-04) at x=[0.635204 0.242287 0.142168], c/a=1.230417
  local 4: start 31 → 33 (gap 1.50e-03) at x=[0.840406 0.25695  0.140596], c/a=1.022458
  local 5: start 31 → 31 (gap 2.16e-03) at x=[0.651138 0.19012  0.72051 ], c/a=1.178936
  local 6: start 31 → 31 (gap 1.31e-03) at x=[0.659205 0.762966 0.160736], c/a=1.009301
  local 7: start 31 → 31 (gap 2.40e-08) at x=[0.160753 0.       0.926179], c/a=1.158975
  local 8: start 31 → 31 (gap 2.14e-03) at x=[0.380473 0.168959 0.221753], c/a=1.350851
  local 9: start 31 → 31 (gap 1.90e-08) at x=[0.532573 0.396944 0.54518 ], c/a=1.107829
  local 10: start 30 → 30 (gap 9.35e-04) at x=[0.730975 0.277368 0.98824 ], c/a=1.138677
  local 11: start 30 → 30 (gap 5.06e-09) at x=[0.509701 0.415842 0.044316], c/a=1.296192
  local 12: start 30 → 31 (gap 2.79e-09) at x=[0.829371 0.947147 0.934166], c/a=1.636143
  local 13: start 30 → 31 (gap 3.22e-03) at x=[0.085177 0.497502 0.283556], c/a=1.188842
  local 14: start 30 → 30 (gap 3.57e-03) at x=[0.301259 0.260728 0.545946], c/a=1.246806
  local 15: start 29 → 31 (gap 1.53e-08) at x=[0.935641 0.304094 0.168432], c/a=0.911215
  local 16: start 29 → 30 (gap 1.24e-08) at x=[0.881893 0.477502 0.813408], c/a=1.194828
  local 17: start 29 → 30 (gap 1.99e-07) at x=[0.226727 0.25782  0.698344], c/a=0.642488
  local 18: start 29 → 33 (gap 8.37e-04) at x=[0.24071  0.581412 0.863321], c/a=1.318583
  local 19: start 29 → 33 (gap 4.66e-04) at x=[0.746505 0.385026 0.380608], c/a=1.184911
  local 20: start 29 → 32 (gap 1.11e-08) at x=[0.758067 0.060625 0.380818], c/a=0.961451
  local 21: start 29 → 31 (gap 8.99e-06) at x=[0.68763  0.360963 0.464961], c/a=1.177740
  local 22: start 29 → 33 (gap 5.66e-03) at x=[0.296827 0.441864 0.420416], c/a=1.476260
  local 23: start 29 → 31 (gap 3.38e-03) at x=[0.689751 0.095577 0.800872], c/a=1.441145
  local 24: start 29 → 31 (gap 4.59e-03) at x=[0.689699 0.638936 0.465292], c/a=1.260708
  local 25: start 29 → 31 (gap 1.62e-04) at x=[0.189925 0.1978   0.008624], c/a=0.963943
  local 26: start 29 → 31 (gap 2.63e-03) at x=[0.640138 0.164848 0.735642], c/a=1.379439
  local 27: start 29 → 31 (gap 3.29e-03) at x=[0.230537 0.833923 0.927677], c/a=1.021551
  local 28: start 29 → 31 (gap 1.42e-06) at x=[0.999999 0.88267  0.539236], c/a=1.167843
  local 29: start 29 → 31 (gap 4.07e-09) at x=[0.966625 0.703828 0.152822], c/a=1.051843
  local 30: start 29 → 31 (gap 2.29e-03) at x=[0.991016 0.766271 0.612045], c/a=0.998823
  local 31: start 29 → 31 (gap 1.37e-03) at x=[0.487067 0.174469 0.664826], c/a=1.128180
  local 32: start 29 → 30 (gap 1.89e-08) at x=[0.744916 0.796935 0.845512], c/a=0.806488
  local 33: start 29 → 31 (gap 1.43e-08) at x=[0.479331 0.130619 0.690935], c/a=1.098663
  local 34: start 29 → 31 (gap 5.47e-05) at x=[0.710457 0.685417 0.469983], c/a=0.914173
  local 35: start 29 → 31 (gap 3.05e-03) at x=[0.656381 0.68124  0.517203], c/a=1.270578
  local 36: start 29 → 30 (gap 1.45e-03) at x=[0.755086 0.728419 0.798109], c/a=0.806155
  local 37: start 29 → 30 (gap 3.71e-08) at x=[0.373727 0.68304  0.032281], c/a=1.505777
  local 38: start 29 → 30 (gap 5.14e-09) at x=[0.083129 0.814029 0.586494], c/a=0.958934
  local 39: start 29 → 32 (gap 3.87e-03) at x=[0.267537 0.075313 0.862212], c/a=0.939605
  local 40: start 29 → 29 (gap 2.48e-08) at x=[0.038635 0.980152 0.985436], c/a=0.964718
  local 41: start 29 → 31 (gap 3.52e-05) at x=[0.516818 0.65637  0.574809], c/a=1.115268
  local 42: start 29 → 31 (gap 1.99e-08) at x=[0.420999 0.513963 0.466049], c/a=1.118958
  local 43: start 29 → 31 (gap 3.79e-08) at x=[0.5      0.65831  0.560757], c/a=1.106659
  local 44: start 29 → 29 (gap 5.76e-03) at x=[0.503524 0.553383 0.015804], c/a=0.378899
  local 45: start 29 → 29 (gap 2.31e-08) at x=[0.487895 0.822658 0.17664 ], c/a=0.968505
  local 46: start 29 → 31 (gap 1.51e-08) at x=[0.066866 0.299351 0.163324], c/a=0.926541
  local 47: start 29 → 29 (gap 2.28e-03) at x=[3.00000e-06 9.82171e-01 5.04623e-01], c/a=0.493889
  local 48: start 29 → 29 (gap 7.87e-05) at x=[0.945163 0.249816 0.124875], c/a=0.315547
  local 49: start 29 → 29 (gap 1.34e-03) at x=[0.754181 0.49586  0.872874], c/a=0.315649
  local 50: start 29 → 29 (gap 3.99e-03) at x=[2.86770e-02 2.20000e-05 9.92389e-01], c/a=0.527578
  local 51: start 29 → 29 (gap 9.95e-03) at x=[0.623222 0.999827 0.290922], c/a=0.310441
  local 52: start 29 → 29 (gap 8.62e-03) at x=[1.84000e-04 5.54550e-02 5.15643e-01], c/a=0.561494
  local 53: start 29 → 29 (gap 5.57e-08) at x=[0.501531 0.75     0.625   ], c/a=0.413412
  local 54: start 29 → 29 (gap 9.71e-03) at x=[0.999997 0.938428 0.017556], c/a=0.566280
  local 55: start 29 → 29 (gap 1.37e-02) at x=[0.478524 0.32552  0.570593], c/a=0.300008
  local 56: start 29 → 29 (gap 1.40e-02) at x=[0.921995 0.008405 0.9749  ], c/a=0.577240
  local 57: start 29 → 29 (gap 1.26e-02) at x=[0.942271 0.483678 0.270185], c/a=0.636521
  local 58: start 29 → 29 (gap 2.68e-02) at x=[0.956487 0.863855 0.555129], c/a=0.547670
  local 59: start 29 → 29 (gap 2.78e-02) at x=[0.675559 0.527517 0.927873], c/a=0.479200
  local 60: start 29 → 29 (gap 2.09e-02) at x=[3.62980e-01 1.73000e-04 7.97227e-01], c/a=0.502832
  local 61: start 29 → 29 (gap 2.45e-02) at x=[0.000281 0.142193 0.049738], c/a=0.553480
  local 62: start 28 → 33 (gap 4.34e-03) at x=[0.031825 0.306119 0.674274], c/a=1.537044
  local 63: start 28 → 31 (gap 8.22e-09) at x=[0.904755 0.238986 0.113411], c/a=1.378697
  local 64: start 28 → 33 (gap 1.92e-03) at x=[0.349646 0.741088 0.607029], c/a=1.071233
  local 65: start 28 → 31 (gap 7.38e-05) at x=[0.747717 0.207454 0.366703], c/a=0.762951
  local 66: start 28 → 29 (gap 6.09e-03) at x=[9.23944e-01 1.00000e-06 9.77573e-01], c/a=0.303664
  local 67: start 28 → 31 (gap 6.94e-04) at x=[0.999313 0.385926 0.212883], c/a=1.169667
  local 68: start 28 → 29 (gap 2.46e-03) at x=[0.499999 0.969365 0.24184 ], c/a=0.307000
  local 69: start 28 → 31 (gap 1.87e-08) at x=[0.46918  0.007101 0.259964], c/a=1.127035
  local 70: start 28 → 32 (gap 1.69e-08) at x=[0.045131 0.347183 0.186788], c/a=1.023991
  local 71: start 28 → 29 (gap 3.49e-03) at x=[0.541506 0.259407 0.619349], c/a=0.312666
  local 72: start 28 → 29 (gap 4.39e-04) at x=[0.066055 0.249097 0.624361], c/a=0.344281
  local 73: start 28 → 28 (gap 2.00e-09) at x=[0.668382 0.186277 0.744766], c/a=2.402749
  local 74: start 28 → 29 (gap 9.72e-03) at x=[0.009636 0.900445 0.533285], c/a=0.339165
  local 75: start 28 → 30 (gap 2.48e-09) at x=[0.042133 0.660901 0.694038], c/a=1.736848
  local 76: start 28 → 30 (gap 3.51e-09) at x=[0.690991 0.42036  0.428234], c/a=1.603039
  local 77: start 28 → 30 (gap 9.79e-09) at x=[0.644454 0.972091 0.824102], c/a=1.175781
  local 78: start 28 → 29 (gap 1.79e-02) at x=[0.015254 0.886613 0.540017], c/a=0.492656
  local 79: start 28 → 31 (gap 1.30e-02) at x=[0.414007 0.296426 0.089613], c/a=0.868066
BEST I 41 2 2 33 [0.21656916 0.54523521 0.84210933 1.46295366]
