I -4 2 d: random 30000 in 33s, top facet counts [(25, 11), (26, 15), (27, 8), (28, 7), (29, 6), (31, 1)]
  local 0: start 31 → 31 (gap 2.34e-08) at x=[0.166097 0.       0.921349], c/a=1.169579
  local 1: start 29 → 31 (gap 4.77e-04) at x=[0.001065 0.77024  0.60996 ], c/a=1.035731
  local 2: start 29 → 31 (gap 3.74e-05) at x=[0.399075 0.517277 0.472573], c/a=1.124875
  local 3: start 29 → 29 (gap 8.80e-08) at x=[0.496339 0.828558 0.180872], c/a=0.968175
  local 4: start 29 → 29 (gap 1.02e-02) at x=[0.002948 0.067206 0.518691], c/a=0.562542
  local 5: start 29 → 29 (gap 1.29e-02) at x=[0.003919 0.920549 0.022662], c/a=0.588111
  local 6: start 29 → 29 (gap 1.34e-02) at x=[0.921114 0.504283 0.272372], c/a=0.618781
  local 7: start 28 → 29 (gap 1.24e-08) at x=[0.887312 0.477345 0.811782], c/a=1.203337
  local 8: start 28 → 31 (gap 4.52e-03) at x=[0.483177 0.370232 0.546238], c/a=1.101121
  local 9: start 28 → 28 (gap 9.10e-09) at x=[0.475096 0.001323 0.256666], c/a=1.117519
  local 10: start 28 → 29 (gap 1.16e-08) at x=[0.590622 0.485827 0.975011], c/a=1.112843
  local 11: start 28 → 29 (gap 4.38e-08) at x=[0.485938 0.363464 0.050987], c/a=1.261882
  local 12: start 28 → 31 (gap 2.40e-03) at x=[0.077489 0.488758 0.272575], c/a=1.158344
  local 13: start 28 → 28 (gap 6.09e-08) at x=[0.503579 0.595777 0.032462], c/a=0.992393
  local 14: start 27 → 31 (gap 2.07e-06) at x=[0.999998 0.382034 0.211385], c/a=1.166377
  local 15: start 27 → 31 (gap 8.09e-04) at x=[0.02478  0.350251 0.200977], c/a=1.041515
  local 16: start 27 → 31 (gap 2.06e-03) at x=[0.984994 0.213415 0.094907], c/a=1.280984
  local 17: start 27 → 30 (gap 6.72e-09) at x=[0.486241 0.707265 0.10548 ], c/a=1.208108
  local 18: start 27 → 29 (gap 2.61e-08) at x=[0.416874 0.494255 0.975122], c/a=1.057876
  local 19: start 27 → 28 (gap 3.47e-07) at x=[0.998172 0.656643 0.688163], c/a=0.918966
  local 20: start 27 → 31 (gap 1.22e-08) at x=[0.       0.596226 0.205956], c/a=1.205932
  local 21: start 27 → 27 (gap 3.57e-04) at x=[0.       0.326456 0.163228], c/a=0.815204
  local 22: start 26 → 29 (gap 1.06e-02) at x=[6.27683e-01 5.92000e-04 2.92878e-01], c/a=0.318302
  local 23: start 26 → 33 (gap 7.95e-09) at x=[0.300584 0.5      0.410578], c/a=1.472717
  local 24: start 26 → 30 (gap 6.47e-09) at x=[0.086288 0.5      0.295503], c/a=1.383137
  local 25: start 26 → 29 (gap 9.56e-03) at x=[0.266283 0.992767 0.860014], c/a=0.546605
  local 26: start 26 → 31 (gap 9.02e-04) at x=[0.495362 0.736494 0.612527], c/a=1.390286
  local 27: start 26 → 31 (gap 1.67e-03) at x=[0.381397 0.990137 0.291042], c/a=1.442231
  local 28: start 26 → 27 (gap 7.43e-09) at x=[0.499517 0.553136 0.031871], c/a=0.385283
  local 29: start 26 → 31 (gap 2.54e-04) at x=[0.999639 0.697361 0.163157], c/a=1.064223
  local 30: start 26 → 31 (gap 2.39e-03) at x=[0.987186 0.909396 0.528011], c/a=1.151673
  local 31: start 26 → 31 (gap 2.66e-08) at x=[0.5      0.144681 0.691123], c/a=1.143018
  local 32: start 26 → 29 (gap 1.99e-02) at x=[0.002884 0.215401 0.095214], c/a=0.572564
  local 33: start 26 → 29 (gap 1.99e-02) at x=[0.006041 0.12268  0.039275], c/a=0.555053
  local 34: start 26 → 33 (gap 4.04e-08) at x=[0.5      0.359652 0.565294], c/a=1.447630
  local 35: start 26 → 30 (gap 1.40e-08) at x=[0.634273 0.5      0.922188], c/a=1.324247
  local 36: start 26 → 29 (gap 9.56e-09) at x=[0.530487 0.650224 0.572342], c/a=1.123923
  local 37: start 25 → 30 (gap 4.26e-04) at x=[0.246604 0.484194 0.872493], c/a=1.249155
  local 38: start 25 → 27 (gap 2.98e-05) at x=[0.249861 0.502457 0.874924], c/a=0.709336
  local 39: start 25 → 28 (gap 6.28e-08) at x=[0.599216 0.503553 0.968543], c/a=1.026013
  local 40: start 25 → 29 (gap 2.13e-02) at x=[0.109582 0.507539 0.783315], c/a=0.672729
  local 41: start 25 → 29 (gap 1.01e-08) at x=[0.651385 0.974233 0.824772], c/a=1.144074
  local 42: start 25 → 29 (gap 1.14e-08) at x=[0.472928 0.13547  0.685976], c/a=1.119012
  local 43: start 25 → 31 (gap 4.61e-08) at x=[0.5      0.642142 0.551296], c/a=1.129094
  local 44: start 25 → 28 (gap 2.55e-07) at x=[0.605923 0.001333 0.799585], c/a=0.843904
  local 45: start 25 → 28 (gap 1.92e-08) at x=[0.479298 0.692235 0.078192], c/a=1.231523
  local 46: start 25 → 28 (gap 1.02e-08) at x=[0.506202 0.063085 0.726566], c/a=1.288180
  local 47: start 25 → 27 (gap 5.65e-03) at x=[0.491265 0.271788 0.105407], c/a=0.740621
  local 48: start 24 → 31 (gap 1.46e-03) at x=[0.491721 0.392712 0.536026], c/a=1.486760
  local 49: start 24 → 29 (gap 2.70e-06) at x=[0.750004 0.502319 0.874996], c/a=0.497888
  local 50: start 24 → 33 (gap 8.24e-09) at x=[0.137044 0.       0.449386], c/a=1.615154
  local 51: start 24 → 29 (gap 1.50e-03) at x=[0.49941  0.753253 0.626714], c/a=0.438593
  local 52: start 24 → 31 (gap 5.14e-09) at x=[0.963757 0.5      0.263605], c/a=1.252786
  local 53: start 24 → 29 (gap 6.86e-03) at x=[0.049143 0.001843 0.98683 ], c/a=0.529976
  local 54: start 24 → 28 (gap 1.21e-02) at x=[0.022152 0.84438  0.552614], c/a=1.389244
  local 55: start 24 → 31 (gap 3.30e-08) at x=[0.144525 1.       0.445662], c/a=1.129826
  local 56: start 24 → 27 (gap 2.04e-03) at x=[0.007158 0.259386 0.13383 ], c/a=0.744718
  local 57: start 24 → 29 (gap 1.59e-07) at x=[0.501354 0.294873 0.091004], c/a=0.938061
  local 58: start 24 → 24 (gap 3.85e-09) at x=[0.952079 0.025133 0.465765], c/a=0.841434
  local 59: start 24 → 29 (gap 3.90e-03) at x=[0.762647 0.499999 0.868671], c/a=0.312805
  local 60: start 24 → 24 (gap 4.30e-08) at x=[0.162065 0.470825 0.318791], c/a=1.389884
  local 61: start 24 → 28 (gap 8.83e-03) at x=[0.808471 0.52066  0.825872], c/a=1.331407
  local 62: start 24 → 29 (gap 1.36e-02) at x=[0.607982 0.496629 0.966354], c/a=0.447649
  local 63: start 24 → 24 (gap 9.13e-09) at x=[0.451959 0.203886 0.63704 ], c/a=0.826179
  local 64: start 24 → 30 (gap 7.74e-03) at x=[0.017507 0.173063 0.083981], c/a=1.151862
  local 65: start 24 → 24 (gap 8.95e-08) at x=[0.369005 0.459823 0.449276], c/a=1.338075
  local 66: start 24 → 29 (gap 2.14e-02) at x=[0.006286 0.138135 0.546365], c/a=0.521424
  local 67: start 24 → 28 (gap 1.13e-08) at x=[0.711233 0.48977  0.401731], c/a=1.328450
  local 68: start 24 → 24 (gap 3.28e-03) at x=[0.579672 0.497504 0.930533], c/a=0.341978
  local 69: start 24 → 33 (gap 4.52e-08) at x=[0.836887 0.5      0.326909], c/a=1.443267
  local 70: start 24 → 24 (gap 4.89e-03) at x=[0.956463 0.512398 0.334532], c/a=0.397477
  local 71: start 24 → 24 (gap 3.75e-03) at x=[0.502926 0.407952 0.084582], c/a=0.311602
  local 72: start 24 → 24 (gap 5.36e-03) at x=[0.394428 0.495613 0.918718], c/a=0.427545
  local 73: start 24 → 24 (gap 7.66e-03) at x=[0.138036 0.507378 0.344935], c/a=0.513847
  local 74: start 23 → 30 (gap 5.99e-09) at x=[0.491528 0.857207 0.67206 ], c/a=1.211731
  local 75: start 23 → 31 (gap 1.18e-03) at x=[0.404664 0.006289 0.780911], c/a=1.552163
  local 76: start 23 → 31 (gap 1.75e-05) at x=[0.103077 0.500018 0.783908], c/a=1.189982
  local 77: start 23 → 29 (gap 9.03e-09) at x=[0.522724 0.823827 0.162674], c/a=1.154481
  local 78: start 23 → 28 (gap 4.48e-06) at x=[0.500191 0.167347 0.167155], c/a=0.820589
  local 79: start 23 → 24 (gap 2.56e-08) at x=[0.865476 0.591994 0.782791], c/a=0.913720
BEST I -4 2 d 33 [0.30058438 0.49999999 0.4105785  1.47271673]
