I 41 3 2: random 30000 in 124s, top facet counts [(28, 24), (29, 13), (30, 1), (31, 7), (32, 4), (34, 1)]
  local 0: start 34 → 38 (gap 6.66e-04) at x=[0.833855 0.470259 0.183372]
  local 1: start 32 → 38 (gap 1.84e-05) at x=[0.451679 0.865958 0.693394]
  local 2: start 32 → 38 (gap 7.19e-09) at x=[0.297565 0.655616 0.021182]
  local 3: start 32 → 37 (gap 6.60e-09) at x=[0.295647 0.56658  0.101653]
  local 4: start 32 → 37 (gap 2.01e-09) at x=[0.063825 0.890238 0.300386]
  local 5: start 31 → 38 (gap 4.42e-05) at x=[0.164577 0.972383 0.313222]
  local 6: start 31 → 37 (gap 6.24e-09) at x=[0.074271 0.912646 0.290512]
  local 7: start 31 → 38 (gap 7.58e-04) at x=[0.728645 0.095536 0.453969]
  local 8: start 31 → 32 (gap 3.39e-09) at x=[0.200715 0.167322 0.020348]
  local 9: start 31 → 37 (gap 6.92e-09) at x=[0.931511 0.901541 0.794745]
  local 10: start 31 → 32 (gap 3.58e-09) at x=[0.02166  0.302393 0.668422]
  local 11: start 31 → 32 (gap 4.69e-09) at x=[0.180752 0.974914 0.313876]
  local 12: start 30 → 38 (gap 7.94e-04) at x=[0.649924 0.18374  0.456391]
  local 13: start 29 → 31 (gap 1.08e-03) at x=[0.797335 0.904931 0.932453]
  local 14: start 29 → 38 (gap 2.10e-04) at x=[0.928337 0.281188 0.080786]
  local 15: start 29 → 38 (gap 3.64e-04) at x=[0.205876 0.436605 0.603962]
  local 16: start 29 → 29 (gap 2.64e-04) at x=[0.818098 0.880793 0.9289  ]
  local 17: start 29 → 32 (gap 5.54e-07) at x=[0.287741 0.912745 0.575485]
  local 18: start 29 → 32 (gap 4.49e-09) at x=[0.277234 0.428738 0.432376]
  local 19: start 29 → 29 (gap 5.74e-09) at x=[0.566747 0.191207 0.388676]
  local 20: start 29 → 38 (gap 2.73e-03) at x=[0.407621 0.55199  0.225404]
  local 21: start 29 → 32 (gap 4.03e-09) at x=[0.575706 0.559451 0.725909]
  local 22: start 29 → 38 (gap 7.18e-09) at x=[0.095017 0.453517 0.729266]
  local 23: start 29 → 38 (gap 6.70e-09) at x=[0.79134  0.348046 0.018592]
  local 24: start 29 → 38 (gap 1.06e-03) at x=[0.06452  0.220502 0.085314]
  local 25: start 29 → 38 (gap 9.05e-04) at x=[0.195645 0.159141 0.025032]
  local 26: start 28 → 32 (gap 2.28e-09) at x=[0.588306 0.972388 0.238913]
  local 27: start 28 → 38 (gap 5.35e-09) at x=[0.987158 0.277842 0.143765]
  local 28: start 28 → 38 (gap 1.21e-03) at x=[0.577959 0.285322 0.921728]
  local 29: start 28 → 38 (gap 6.74e-09) at x=[0.541727 0.731246 0.597817]
  local 30: start 28 → 32 (gap 2.10e-09) at x=[0.272971 0.661235 0.0091  ]
  local 31: start 28 → 32 (gap 4.10e-09) at x=[0.809215 0.675253 0.476181]
  local 32: start 28 → 30 (gap 2.39e-03) at x=[0.655823 0.296382 0.960131]
  local 33: start 28 → 38 (gap 6.16e-09) at x=[0.85138  0.016243 0.714231]
  local 34: start 28 → 32 (gap 4.42e-09) at x=[0.567059 0.222848 0.427691]
  local 35: start 28 → 38 (gap 5.96e-09) at x=[0.397274 0.033548 0.765298]
  local 36: start 28 → 37 (gap 5.98e-09) at x=[0.336107 0.675324 0.039668]
  local 37: start 28 → 29 (gap 4.18e-09) at x=[0.70933  0.050266 0.409754]
  local 38: start 28 → 38 (gap 4.87e-04) at x=[0.663618 0.527578 0.688088]
  local 39: start 28 → 38 (gap 1.90e-05) at x=[0.567004 0.779113 0.083283]
  local 40: start 28 → 38 (gap 6.45e-04) at x=[0.07296  0.782267 0.419638]
  local 41: start 28 → 28 (gap 3.07e-08) at x=[0.394289 0.285237 0.449583]
  local 42: start 28 → 31 (gap 5.27e-04) at x=[0.580614 0.302169 0.910195]
  local 43: start 28 → 37 (gap 6.48e-09) at x=[0.843883 0.821305 0.956406]
  local 44: start 28 → 29 (gap 5.48e-09) at x=[0.18383  0.363035 0.559326]
  local 45: start 28 → 32 (gap 5.68e-09) at x=[0.289852 0.059095 0.901716]
  local 46: start 28 → 30 (gap 1.02e-03) at x=[0.979754 0.259951 0.049586]
  local 47: start 28 → 33 (gap 4.45e-04) at x=[0.708449 0.910133 0.068472]
  local 48: start 28 → 32 (gap 4.00e-09) at x=[0.56016  0.274776 0.922223]
  local 49: start 28 → 38 (gap 7.89e-04) at x=[0.716164 0.421361 0.92363 ]
  local 50: start 27 → 30 (gap 1.04e-08) at x=[0.68713  0.092329 0.409769]
  local 51: start 27 → 32 (gap 1.88e-09) at x=[0.342093 0.990548 0.726824]
  local 52: start 27 → 35 (gap 1.61e-08) at x=[0.056345 0.36269  0.683212]
  local 53: start 27 → 38 (gap 1.10e-03) at x=[0.087867 0.55994  0.777675]
  local 54: start 27 → 38 (gap 1.24e-03) at x=[0.46342  0.330804 0.326832]
  local 55: start 27 → 32 (gap 5.65e-09) at x=[0.540774 0.150783 0.311051]
  local 56: start 27 → 27 (gap 1.01e-09) at x=[0.128313 0.407313 0.655676]
  local 57: start 27 → 29 (gap 1.44e-03) at x=[0.359375 0.593862 0.143024]
  local 58: start 27 → 38 (gap 8.27e-04) at x=[0.430947 0.219054 0.917348]
  local 59: start 27 → 29 (gap 2.98e-04) at x=[0.646482 0.891597 0.119125]
  local 60: start 27 → 29 (gap 2.40e-04) at x=[0.912774 0.179781 0.603372]
  local 61: start 27 → 38 (gap 1.95e-04) at x=[0.217426 0.421168 0.575178]
  local 62: start 27 → 29 (gap 6.97e-04) at x=[0.929674 0.725767 0.474309]
  local 63: start 27 → 30 (gap 1.45e-08) at x=[0.720414 0.803187 0.014793]
  local 64: start 27 → 30 (gap 1.65e-03) at x=[0.051612 0.883455 0.299762]
  local 65: start 27 → 30 (gap 8.42e-05) at x=[0.467594 0.26619  0.446867]
  local 66: start 27 → 32 (gap 3.98e-09) at x=[0.672621 0.475471 0.809786]
  local 67: start 26 → 33 (gap 1.53e-03) at x=[0.687425 0.341881 0.961276]
  local 68: start 26 → 29 (gap 2.38e-03) at x=[0.535815 0.841338 0.209627]
  local 69: start 26 → 38 (gap 5.05e-04) at x=[0.308849 0.338115 0.473654]
  local 70: start 26 → 29 (gap 2.83e-04) at x=[0.553582 0.231821 0.480802]
  local 71: start 26 → 30 (gap 1.29e-09) at x=[0.621976 0.675239 0.577382]
  local 72: start 26 → 29 (gap 1.66e-03) at x=[0.713351 0.976458 0.19339 ]
  local 73: start 26 → 29 (gap 8.29e-09) at x=[0.190628 0.477202 0.704404]
  local 74: start 26 → 37 (gap 4.77e-09) at x=[0.312282 0.451323 0.359812]
  local 75: start 26 → 32 (gap 1.53e-09) at x=[0.733882 0.15801  0.493606]
  local 76: start 26 → 38 (gap 6.04e-04) at x=[0.81238  0.046125 0.642889]
  local 77: start 26 → 29 (gap 2.05e-03) at x=[0.141505 0.416695 0.653767]
  local 78: start 26 → 38 (gap 7.75e-04) at x=[0.443353 0.775792 0.589497]
  local 79: start 26 → 29 (gap 4.29e-09) at x=[0.438746 0.693539 0.1154  ]
BEST I 41 3 2 38 [0.83385516 0.47025931 0.18337235 3.75120006]
